Component: Arm Compiler for Embedded 6.22 Tool: armlink [5ee90200]

==============================================================================

Section Cross References

    startup_stm32l152xc.o(STACK) refers (Special) to heapauxi.o(.text) for __use_two_region_memory
    startup_stm32l152xc.o(HEAP) refers (Special) to heapauxi.o(.text) for __use_two_region_memory
    startup_stm32l152xc.o(RESET) refers (Special) to heapauxi.o(.text) for __use_two_region_memory
    startup_stm32l152xc.o(RESET) refers to startup_stm32l152xc.o(STACK) for __initial_sp
    startup_stm32l152xc.o(RESET) refers to startup_stm32l152xc.o(.text) for Reset_Handler
    startup_stm32l152xc.o(RESET) refers to stm32l1xx_it.o(.text.NMI_Handler) for NMI_Handler
    startup_stm32l152xc.o(RESET) refers to stm32l1xx_it.o(.text.HardFault_Handler) for HardFault_Handler
    startup_stm32l152xc.o(RESET) refers to stm32l1xx_it.o(.text.MemManage_Handler) for MemManage_Handler
    startup_stm32l152xc.o(RESET) refers to stm32l1xx_it.o(.text.BusFault_Handler) for BusFault_Handler
    startup_stm32l152xc.o(RESET) refers to stm32l1xx_it.o(.text.UsageFault_Handler) for UsageFault_Handler
    startup_stm32l152xc.o(RESET) refers to stm32l1xx_it.o(.text.SVC_Handler) for SVC_Handler
    startup_stm32l152xc.o(RESET) refers to stm32l1xx_it.o(.text.DebugMon_Handler) for DebugMon_Handler
    startup_stm32l152xc.o(RESET) refers to stm32l1xx_it.o(.text.PendSV_Handler) for PendSV_Handler
    startup_stm32l152xc.o(RESET) refers to stm32l1xx_it.o(.text.SysTick_Handler) for SysTick_Handler
    startup_stm32l152xc.o(RESET) refers to stm32l1xx_it.o(.text.DMA1_Channel4_IRQHandler) for DMA1_Channel4_IRQHandler
    startup_stm32l152xc.o(RESET) refers to stm32l1xx_it.o(.text.DMA1_Channel5_IRQHandler) for DMA1_Channel5_IRQHandler
    startup_stm32l152xc.o(RESET) refers to stm32l1xx_it.o(.text.USB_LP_IRQHandler) for USB_LP_IRQHandler
    startup_stm32l152xc.o(RESET) refers to stm32l1xx_it.o(.text.USART1_IRQHandler) for USART1_IRQHandler
    startup_stm32l152xc.o(RESET) refers to stm32l1xx_it.o(.text.EXTI15_10_IRQHandler) for EXTI15_10_IRQHandler
    startup_stm32l152xc.o(RESET) refers to stm32l1xx_it.o(.text.TIM7_IRQHandler) for TIM7_IRQHandler
    startup_stm32l152xc.o(.text) refers (Special) to heapauxi.o(.text) for __use_two_region_memory
    startup_stm32l152xc.o(.text) refers to system_stm32l1xx.o(.text.SystemInit) for SystemInit
    startup_stm32l152xc.o(.text) refers to __main.o(!!!main) for __main
    startup_stm32l152xc.o(.text) refers to startup_stm32l152xc.o(HEAP) for Heap_Mem
    startup_stm32l152xc.o(.text) refers to startup_stm32l152xc.o(STACK) for Stack_Mem
    main.o(.text.main) refers to stm32l1xx_hal.o(.text.HAL_Init) for HAL_Init
    main.o(.text.main) refers to main.o(.text.SystemClock_Config) for SystemClock_Config
    main.o(.text.main) refers to gpio.o(.text.MX_GPIO_Init) for MX_GPIO_Init
    main.o(.text.main) refers to dma.o(.text.MX_DMA_Init) for MX_DMA_Init
    main.o(.text.main) refers to adc.o(.text.MX_ADC_Init) for MX_ADC_Init
    main.o(.text.main) refers to lcd.o(.text.MX_LCD_Init) for MX_LCD_Init
    main.o(.text.main) refers to usart.o(.text.MX_USART1_UART_Init) for MX_USART1_UART_Init
    main.o(.text.main) refers to tim.o(.text.MX_TIM5_Init) for MX_TIM5_Init
    main.o(.text.main) refers to tim.o(.text.MX_TIM7_Init) for MX_TIM7_Init
    main.o(.text.main) refers to usb_device.o(.text.MX_USB_DEVICE_Init) for MX_USB_DEVICE_Init
    main.o(.text.main) refers to stm32l1xx_hal_cortex.o(.text.HAL_NVIC_SetPriority) for HAL_NVIC_SetPriority
    main.o(.text.main) refers to stm32l1xx_hal_cortex.o(.text.HAL_NVIC_EnableIRQ) for HAL_NVIC_EnableIRQ
    main.o(.text.main) refers to stm32l1xx_hal.o(.text.HAL_DBGMCU_EnableDBGStopMode) for HAL_DBGMCU_EnableDBGStopMode
    main.o(.text.main) refers to stm32l1xx_hal.o(.text.HAL_DBGMCU_EnableDBGSleepMode) for HAL_DBGMCU_EnableDBGSleepMode
    main.o(.text.main) refers to app_main.o(.text.App_Init) for App_Init
    main.o(.text.main) refers to tim.o(.bss.htim7) for htim7
    main.o(.text.main) refers to stm32l1xx_hal_tim.o(.text.HAL_TIM_Base_Start_IT) for HAL_TIM_Base_Start_IT
    main.o(.text.main) refers to app_main.o(.text.App_Run) for App_Run
    main.o(.ARM.exidx.text.main) refers to main.o(.text.main) for [Anonymous Symbol]
    main.o(.text.SystemClock_Config) refers to rt_memclr_w.o(.text) for __aeabi_memclr4
    main.o(.text.SystemClock_Config) refers to stm32l1xx_hal_rcc.o(.text.HAL_RCC_OscConfig) for HAL_RCC_OscConfig
    main.o(.text.SystemClock_Config) refers to stm32l1xx_hal_rcc.o(.text.HAL_RCC_ClockConfig) for HAL_RCC_ClockConfig
    main.o(.text.SystemClock_Config) refers to stm32l1xx_hal_rcc_ex.o(.text.HAL_RCCEx_PeriphCLKConfig) for HAL_RCCEx_PeriphCLKConfig
    main.o(.ARM.exidx.text.SystemClock_Config) refers to main.o(.text.SystemClock_Config) for [Anonymous Symbol]
    main.o(.ARM.exidx.text.Error_Handler) refers to main.o(.text.Error_Handler) for [Anonymous Symbol]
[...]
    HAL_IncTick                              0x08001cf9   Thumb Code    26  stm32l1xx_hal.o(.text.HAL_IncTick)
    HAL_Init                                 0x08001d15   Thumb Code    30  stm32l1xx_hal.o(.text.HAL_Init)
    HAL_InitTick                             0x08001d35   Thumb Code    80  stm32l1xx_hal.o(.text.HAL_InitTick)
    HAL_LCD_Clear                            0x08001d85   Thumb Code   196  stm32l1xx_hal_lcd.o(.text.HAL_LCD_Clear)
    HAL_LCD_Init                             0x08001e49   Thumb Code   286  stm32l1xx_hal_lcd.o(.text.HAL_LCD_Init)
    HAL_LCD_MspInit                          0x08001f69   Thumb Code   206  lcd.o(.text.HAL_LCD_MspInit)
    HAL_LCD_UpdateDisplayRequest             0x08002039   Thumb Code    76  stm32l1xx_hal_lcd.o(.text.HAL_LCD_UpdateDisplayRequest)
    HAL_LCD_Write                            0x08002085   Thumb Code   134  stm32l1xx_hal_lcd.o(.text.HAL_LCD_Write)
    HAL_MspInit                              0x0800210d   Thumb Code    74  stm32l1xx_hal_msp.o(.text.HAL_MspInit)
    HAL_NVIC_DisableIRQ                      0x08002159   Thumb Code    42  stm32l1xx_hal_cortex.o(.text.HAL_NVIC_DisableIRQ)
    HAL_NVIC_EnableIRQ                       0x08002185   Thumb Code    34  stm32l1xx_hal_cortex.o(.text.HAL_NVIC_EnableIRQ)
    HAL_NVIC_SetPriority                     0x080021a9   Thumb Code    86  stm32l1xx_hal_cortex.o(.text.HAL_NVIC_SetPriority)
    HAL_NVIC_SetPriorityGrouping             0x08002201   Thumb Code    32  stm32l1xx_hal_cortex.o(.text.HAL_NVIC_SetPriorityGrouping)
    HAL_PCDEx_PMAConfig                      0x08002221   Thumb Code    76  stm32l1xx_hal_pcd_ex.o(.text.HAL_PCDEx_PMAConfig)
    HAL_PCDEx_SetConnectionState             0x0800226d   Thumb Code    22  usbd_conf.o(.text.HAL_PCDEx_SetConnectionState)
    HAL_PCD_DataInStageCallback              0x08002285   Thumb Code    20  usbd_conf.o(.text.HAL_PCD_DataInStageCallback)
    HAL_PCD_DataOutStageCallback             0x08002299   Thumb Code    22  usbd_conf.o(.text.HAL_PCD_DataOutStageCallback)
    HAL_PCD_EP_Close                         0x080022b1   Thumb Code    78  stm32l1xx_hal_pcd.o(.text.HAL_PCD_EP_Close)
    HAL_PCD_EP_ClrStall                      0x08002301   Thumb Code   100  stm32l1xx_hal_pcd.o(.text.HAL_PCD_EP_ClrStall)
    HAL_PCD_EP_GetRxCount                    0x08002365   Thumb Code    18  stm32l1xx_hal_pcd.o(.text.HAL_PCD_EP_GetRxCount)
    HAL_PCD_EP_Open                          0x08002379   Thumb Code    94  stm32l1xx_hal_pcd.o(.text.HAL_PCD_EP_Open)
    HAL_PCD_EP_Receive                       0x080023d9   Thumb Code    50  stm32l1xx_hal_pcd.o(.text.HAL_PCD_EP_Receive)
    HAL_PCD_EP_SetStall                      0x0800240d   Thumb Code   104  stm32l1xx_hal_pcd.o(.text.HAL_PCD_EP_SetStall)
    HAL_PCD_EP_Transmit                      0x08002475   Thumb Code    54  stm32l1xx_hal_pcd.o(.text.HAL_PCD_EP_Transmit)
    HAL_PCD_IRQHandler                       0x080024ad   Thumb Code  2186  stm32l1xx_hal_pcd.o(.text.HAL_PCD_IRQHandler)
    HAL_PCD_Init                             0x08002d39   Thumb Code   526  stm32l1xx_hal_pcd.o(.text.HAL_PCD_Init)
    HAL_PCD_MspInit                          0x08002f49   Thumb Code    48  usbd_conf.o(.text.HAL_PCD_MspInit)
    HAL_PCD_ResetCallback                    0x08002f79   Thumb Code    36  usbd_conf.o(.text.HAL_PCD_ResetCallback)
    HAL_PCD_ResumeCallback                   0x08002f9d   Thumb Code     8  usbd_conf.o(.text.HAL_PCD_ResumeCallback)
    HAL_PCD_SOFCallback                      0x08002fa5   Thumb Code     8  usbd_conf.o(.text.HAL_PCD_SOFCallback)
    HAL_PCD_SetAddress                       0x08002fad   Thumb Code    40  stm32l1xx_hal_pcd.o(.text.HAL_PCD_SetAddress)
    HAL_PCD_SetupStageCallback               0x08002fd5   Thumb Code    14  usbd_conf.o(.text.HAL_PCD_SetupStageCallback)
    HAL_PCD_Start                            0x08002fe5   Thumb Code    52  stm32l1xx_hal_pcd.o(.text.HAL_PCD_Start)
    HAL_PCD_SuspendCallback                  0x08003019   Thumb Code    38  usbd_conf.o(.text.HAL_PCD_SuspendCallback)
    HAL_PWR_EnterSTANDBYMode                 0x08003041   Thumb Code    36  stm32l1xx_hal_pwr.o(.text.HAL_PWR_EnterSTANDBYMode)
    HAL_RCCEx_PeriphCLKConfig                0x08003065   Thumb Code   390  stm32l1xx_hal_rcc_ex.o(.text.HAL_RCCEx_PeriphCLKConfig)
    HAL_RCC_ClockConfig                      0x080031ed   Thumb Code   506  stm32l1xx_hal_rcc.o(.text.HAL_RCC_ClockConfig)
    HAL_RCC_GetPCLK1Freq                     0x080033e9   Thumb Code    38  stm32l1xx_hal_rcc.o(.text.HAL_RCC_GetPCLK1Freq)
    HAL_RCC_GetPCLK2Freq                     0x08003411   Thumb Code    38  stm32l1xx_hal_rcc.o(.text.HAL_RCC_GetPCLK2Freq)
    HAL_RCC_OscConfig                        0x08003439   Thumb Code  1400  stm32l1xx_hal_rcc.o(.text.HAL_RCC_OscConfig)
    HAL_ResumeTick                           0x080039b1   Thumb Code    18  stm32l1xx_hal.o(.text.HAL_ResumeTick)
    HAL_SYSTICK_Config                       0x080039c5   Thumb Code    44  stm32l1xx_hal_cortex.o(.text.HAL_SYSTICK_Config)
    HAL_SuspendTick                          0x080039f1   Thumb Code    18  stm32l1xx_hal.o(.text.HAL_SuspendTick)
    HAL_TIMEx_MasterConfigSynchronization    0x08003a05   Thumb Code   126  stm32l1xx_hal_tim_ex.o(.text.HAL_TIMEx_MasterConfigSynchronization)
    HAL_TIM_Base_Init                        0x08003a85   Thumb Code   296  stm32l1xx_hal_tim.o(.text.HAL_TIM_Base_Init)
    HAL_TIM_Base_MspInit                     0x08003bad   Thumb Code    48  tim.o(.text.HAL_TIM_Base_MspInit)
    HAL_TIM_Base_Start_IT                    0x08003bdd   Thumb Code   110  stm32l1xx_hal_tim.o(.text.HAL_TIM_Base_Start_IT)
    HAL_TIM_ConfigClockSource                0x08003c4d   Thumb Code   416  stm32l1xx_hal_tim.o(.text.HAL_TIM_ConfigClockSource)
    HAL_TIM_PWM_ConfigChannel                0x08003ded   Thumb Code   332  stm32l1xx_hal_tim.o(.text.HAL_TIM_PWM_ConfigChannel)
    HAL_TIM_PWM_Init                         0x08003f39   Thumb Code   296  stm32l1xx_hal_tim.o(.text.HAL_TIM_PWM_Init)
    HAL_TIM_PWM_MspInit                      0x08004061   Thumb Code     2  stm32l1xx_hal_tim.o(.text.HAL_TIM_PWM_MspInit)
    HAL_TIM_PWM_Start                        0x08004065   Thumb Code   186  stm32l1xx_hal_tim.o(.text.HAL_TIM_PWM_Start)
    HAL_TIM_PWM_Stop                         0x08004121   Thumb Code   102  stm32l1xx_hal_tim.o(.text.HAL_TIM_PWM_Stop)
    HAL_TIM_SlaveConfigSynchro               0x08004189   Thumb Code    88  stm32l1xx_hal_tim.o(.text.HAL_TIM_SlaveConfigSynchro)
    HAL_UARTEx_RxEventCallback               0x080041e1   Thumb Code     2  stm32l1xx_hal_uart.o(.text.HAL_UARTEx_RxEventCallback)
    HAL_UART_DMAStop                         0x080041e5   Thumb Code   540  stm32l1xx_hal_uart.o(.text.HAL_UART_DMAStop)
    HAL_UART_ErrorCallback                   0x08004401   Thumb Code     2  stm32l1xx_hal_uart.o(.text.HAL_UART_ErrorCallback)
    HAL_UART_IRQHandler                      0x08004405   Thumb Code  1424  stm32l1xx_hal_uart.o(.text.HAL_UART_IRQHandler)
    HAL_UART_Init                            0x08004995   Thumb Code    96  stm32l1xx_hal_uart.o(.text.HAL_UART_Init)
    HAL_UART_MspInit                         0x080049f5   Thumb Code   220  usart.o(.text.HAL_UART_MspInit)
    HAL_UART_Receive_DMA                     0x08004ad1   Thumb Code   388  stm32l1xx_hal_uart.o(.text.HAL_UART_Receive_DMA)
    HAL_UART_RxCpltCallback                  0x08004c55   Thumb Code     2  stm32l1xx_hal_uart.o(.text.HAL_UART_RxCpltCallback)
    HAL_UART_RxHalfCpltCallback              0x08004c59   Thumb Code     2  stm32l1xx_hal_uart.o(.text.HAL_UART_RxHalfCpltCallback)
    HAL_UART_TxCpltCallback                  0x08004c5d   Thumb Code    30  uart_bluetooth.o(.text.HAL_UART_TxCpltCallback)
    HardFault_Handler                        0x08004c7d   Thumb Code     2  stm32l1xx_it.o(.text.HardFault_Handler)
    Key_GetMessage                           0x08004c81   Thumb Code    50  key_scan.o(.text.Key_GetMessage)
    Key_Init                                 0x08004cb5   Thumb Code    28  key_scan.o(.text.Key_Init)
    Key_IsEngineeringModePressed             0x08004cd1   Thumb Code   168  key_scan.o(.text.Key_IsEngineeringModePressed)
    Key_MatrixScan                           0x08004d79   Thumb Code   314  key_scan.o(.text.Key_MatrixScan)
    Key_TimerScan                            0x08004eb5   Thumb Code   210  key_scan.o(.text.Key_TimerScan)
    LCD_Display_Clear                        0x08004f89   Thumb Code    12  lcd_display.o(.text.LCD_Display_Clear)
    LCD_Display_Init                         0x08004f95   Thumb Code  1032  lcd_display.o(.text.LCD_Display_Init)
    LCD_Display_Number                       0x0800539d   Thumb Code   468  lcd_display.o(.text.LCD_Display_Number)
    LCD_Display_Symbol                       0x08005571   Thumb Code  1556  lcd_display.o(.text.LCD_Display_Symbol)
    LCD_Display_Update                       0x08005b85   Thumb Code    12  lcd_display.o(.text.LCD_Display_Update)
    LCD_Write_Digit                          0x08005b91   Thumb Code   116  lcd_display.o(.text.LCD_Write_Digit)
    MX_ADC_Init                              0x08005c0d   Thumb Code    96  adc.o(.text.MX_ADC_Init)
    MX_DMA_Init                              0x08005c6d   Thumb Code    32  dma.o(.text.MX_DMA_Init)
    MX_GPIO_Init                             0x08005c8d   Thumb Code   280  gpio.o(.text.MX_GPIO_Init)
    MX_LCD_Init                              0x08005da5   Thumb Code    82  lcd.o(.text.MX_LCD_Init)
    MX_TIM5_Init                             0x08005df9   Thumb Code   328  tim.o(.text.MX_TIM5_Init)
    MX_TIM7_Init                             0x08005f41   Thumb Code    98  tim.o(.text.MX_TIM7_Init)
    MX_USART1_UART_Init                      0x08005fa5   Thumb Code    60  usart.o(.text.MX_USART1_UART_Init)
    MX_USB_DEVICE_Init                       0x08005fe1   Thumb Code   114  usb_device.o(.text.MX_USB_DEVICE_Init)
    Measure_ClearTolerance                   0x08006055   Thumb Code    16  measurement.o(.text.Measure_ClearTolerance)
    Measure_GetData                          0x08006065   Thumb Code    12  measurement.o(.text.Measure_GetData)
    Measure_Init                             0x08006071   Thumb Code    34  measurement.o(.text.Measure_Init)
    Measure_Process                          0x08006095   Thumb Code   716  measurement.o(.text.Measure_Process)
    Measure_SetMode                          0x08006361   Thumb Code    68  measurement.o(.text.Measure_SetMode)
    Measure_SetResolution                    0x080063a5   Thumb Code    14  measurement.o(.text.Measure_SetResolution)
    Measure_SetTolerance                     0x080063b5   Thumb Code    22  measurement.o(.text.Measure_SetTolerance)
    Measure_SetUnit                          0x080063cd   Thumb Code    14  measurement.o(.text.Measure_SetUnit)
    Measure_Zero                             0x080063dd   Thumb Code    34  measurement.o(.text.Measure_Zero)
    MemManage_Handler                        0x08006401   Thumb Code     2  stm32l1xx_it.o(.text.MemManage_Handler)
    NMI_Handler                              0x08006405   Thumb Code     2  stm32l1xx_it.o(.text.NMI_Handler)
    PendSV_Handler                           0x08006409   Thumb Code     2  stm32l1xx_it.o(.text.PendSV_Handler)
    Power_GetBatteryVoltage                  0x0800640d   Thumb Code    72  power_mgmt.o(.text.Power_GetBatteryVoltage)
    Power_Init                               0x08006455   Thumb Code    18  power_mgmt.o(.text.Power_Init)
    Power_Off                                0x08006469   Thumb Code    48  power_mgmt.o(.text.Power_Off)
    Power_SensorOn                           0x08006499   Thumb Code    84  power_mgmt.o(.text.Power_SensorOn)
    Power_UpdateAutoOff                      0x080064ed   Thumb Code   180  power_mgmt.o(.text.Power_UpdateAutoOff)
    SVC_Handler                              0x080065b1   Thumb Code     2  stm32l1xx_it.o(.text.SVC_Handler)
    Sensor_GPIO_EnableInterrupt              0x080065b5   Thumb Code    24  sensor_gpio.o(.text.Sensor_GPIO_EnableInterrupt)
    Sensor_GPIO_GetData                      0x080065cd   Thumb Code   138  sensor_gpio.o(.text.Sensor_GPIO_GetData)
    Sensor_GPIO_Init                         0x08006659   Thumb Code   170  sensor_gpio.o(.text.Sensor_GPIO_Init)
    Sensor_GPIO_Read_24bit_Data              0x08006705   Thumb Code   394  sensor_gpio.o(.text.Sensor_GPIO_Read_24bit_Data)
    Settings_Get                             0x08006891   Thumb Code    10  settings.o(.text.Settings_Get)
    Settings_Init                            0x0800689d   Thumb Code    42  settings.o(.text.Settings_Init)
    Settings_Load                            0x080068c9   Thumb Code   156  settings.o(.text.Settings_Load)
    Settings_Save                            0x08006965   Thumb Code    90  settings.o(.text.Settings_Save)
    SysTick_Handler                          0x080069c1   Thumb Code     4  stm32l1xx_it.o(.text.SysTick_Handler)
    SystemClock_Config                       0x080069c5   Thumb Code   172  main.o(.text.SystemClock_Config)
    SystemInit                               0x08006a71   Thumb Code     2  system_stm32l1xx.o(.text.SystemInit)
    TIM7_IRQHandler                          0x08006a75   Thumb Code    28  stm32l1xx_it.o(.text.TIM7_IRQHandler)
    UART_BT_IdleCallback                     0x08006b8d   Thumb Code    74  uart_bluetooth.o(.text.UART_BT_IdleCallback)
    UART_BT_Init                             0x08006bd9   Thumb Code    82  uart_bluetooth.o(.text.UART_BT_Init)
    USART1_IRQHandler                        0x0800710d   Thumb Code    56  stm32l1xx_it.o(.text.USART1_IRQHandler)
    USBD_CDC_GetDeviceQualifierDescriptor    0x08007235   Thumb Code    16  usbd_cdc.o(.text.USBD_CDC_GetDeviceQualifierDescriptor)
    USBD_CDC_ReceivePacket                   0x080072f9   Thumb Code    44  usbd_cdc.o(.text.USBD_CDC_ReceivePacket)
    USBD_CDC_RegisterInterface               0x08007325   Thumb Code    14  usbd_cdc.o(.text.USBD_CDC_RegisterInterface)
    USBD_CDC_SetRxBuffer                     0x08007335   Thumb Code    12  usbd_cdc.o(.text.USBD_CDC_SetRxBuffer)
    USBD_CDC_SetTxBuffer                     0x08007341   Thumb Code    16  usbd_cdc.o(.text.USBD_CDC_SetTxBuffer)
    USBD_ClrClassConfig                      0x08007419   Thumb Code    14  usbd_core.o(.text.USBD_ClrClassConfig)
    USBD_CtlContinueRx                       0x08007429   Thumb Code    16  usbd_ioreq.o(.text.USBD_CtlContinueRx)
    USBD_CtlContinueSendData                 0x08007439   Thumb Code    16  usbd_ioreq.o(.text.USBD_CtlContinueSendData)
    USBD_CtlError                            0x08007449   Thumb Code    22  usbd_ctlreq.o(.text.USBD_CtlError)
    USBD_CtlPrepareRx                        0x08007461   Thumb Code    26  usbd_ioreq.o(.text.USBD_CtlPrepareRx)
    USBD_CtlReceiveStatus                    0x0800747d   Thumb Code    22  usbd_ioreq.o(.text.USBD_CtlReceiveStatus)
    USBD_CtlSendData                         0x08007495   Thumb Code    26  usbd_ioreq.o(.text.USBD_CtlSendData)
    USBD_CtlSendStatus                       0x080074b1   Thumb Code    22  usbd_ioreq.o(.text.USBD_CtlSendStatus)
    USBD_FS_ConfigStrDescriptor              0x080074c9   Thumb Code    24  usbd_desc.o(.text.USBD_FS_ConfigStrDescriptor)
    USBD_FS_DeviceDescriptor                 0x080074ed   Thumb Code    14  usbd_desc.o(.text.USBD_FS_DeviceDescriptor)
    USBD_FS_InterfaceStrDescriptor           0x080074fd   Thumb Code    24  usbd_desc.o(.text.USBD_FS_InterfaceStrDescriptor)
    USBD_FS_LangIDStrDescriptor              0x08007525   Thumb Code    14  usbd_desc.o(.text.USBD_FS_LangIDStrDescriptor)
    USBD_FS_ManufacturerStrDescriptor        0x08007535   Thumb Code    24  usbd_desc.o(.text.USBD_FS_ManufacturerStrDescriptor)
    USBD_FS_ProductStrDescriptor             0x08007561   Thumb Code    24  usbd_desc.o(.text.USBD_FS_ProductStrDescriptor)
    USBD_FS_SerialStrDescriptor              0x08007591   Thumb Code   366  usbd_desc.o(.text.USBD_FS_SerialStrDescriptor)
    USBD_GetString                           0x08007701   Thumb Code   210  usbd_ctlreq.o(.text.USBD_GetString)
    USBD_Init                                0x080077d5   Thumb Code    48  usbd_core.o(.text.USBD_Init)
    USBD_LL_ClearStallEP                     0x08007805   Thumb Code    34  usbd_conf.o(.text.USBD_LL_ClearStallEP)
    USBD_LL_CloseEP                          0x08007829   Thumb Code    34  usbd_conf.o(.text.USBD_LL_CloseEP)
    USBD_LL_DataInStage                      0x0800784d   Thumb Code   202  usbd_core.o(.text.USBD_LL_DataInStage)
    USBD_LL_DataOutStage                     0x08007919   Thumb Code   124  usbd_core.o(.text.USBD_LL_DataOutStage)
    USBD_LL_GetRxDataSize                    0x08007995   Thumb Code     8  usbd_conf.o(.text.USBD_LL_GetRxDataSize)
    USBD_LL_Init                             0x0800799d   Thumb Code   136  usbd_conf.o(.text.USBD_LL_Init)
    USBD_LL_IsStallEP                        0x08007a25   Thumb Code    42  usbd_conf.o(.text.USBD_LL_IsStallEP)
    USBD_LL_OpenEP                           0x08007a51   Thumb Code    40  usbd_conf.o(.text.USBD_LL_OpenEP)
    USBD_LL_PrepareReceive                   0x08007a79   Thumb Code    34  usbd_conf.o(.text.USBD_LL_PrepareReceive)
    USBD_LL_Reset                            0x08007a9d   Thumb Code    84  usbd_core.o(.text.USBD_LL_Reset)
    USBD_LL_Resume                           0x08007af1   Thumb Code    14  usbd_core.o(.text.USBD_LL_Resume)
    USBD_LL_SOF                              0x08007b01   Thumb Code    28  usbd_core.o(.text.USBD_LL_SOF)
    USBD_LL_SetSpeed                         0x08007b1d   Thumb Code     8  usbd_core.o(.text.USBD_LL_SetSpeed)
    USBD_LL_SetUSBAddress                    0x08007b25   Thumb Code    34  usbd_conf.o(.text.USBD_LL_SetUSBAddress)
    USBD_LL_SetupStage                       0x08007b49   Thumb Code    92  usbd_core.o(.text.USBD_LL_SetupStage)
    USBD_LL_StallEP                          0x08007ba5   Thumb Code    34  usbd_conf.o(.text.USBD_LL_StallEP)
    USBD_LL_Start                            0x08007bc9   Thumb Code    34  usbd_conf.o(.text.USBD_LL_Start)
    USBD_LL_Suspend                          0x08007bed   Thumb Code    20  usbd_core.o(.text.USBD_LL_Suspend)
    USBD_LL_Transmit                         0x08007c01   Thumb Code    34  usbd_conf.o(.text.USBD_LL_Transmit)
    USBD_ParseSetupRequest                   0x08007c25   Thumb Code    22  usbd_ctlreq.o(.text.USBD_ParseSetupRequest)
    USBD_RegisterClass                       0x08007c3d   Thumb Code    14  usbd_core.o(.text.USBD_RegisterClass)
    USBD_SetClassConfig                      0x08007c4d   Thumb Code    28  usbd_core.o(.text.USBD_SetClassConfig)
    USBD_Start                               0x08007c69   Thumb Code    10  usbd_core.o(.text.USBD_Start)
    USBD_StdDevReq                           0x08007c75   Thumb Code   732  usbd_ctlreq.o(.text.USBD_StdDevReq)
    USBD_StdEPReq                            0x08007f51   Thumb Code   304  usbd_ctlreq.o(.text.USBD_StdEPReq)
    USBD_StdItfReq                           0x08008081   Thumb Code    94  usbd_ctlreq.o(.text.USBD_StdItfReq)
    USBD_static_free                         0x080080e1   Thumb Code     2  usbd_conf.o(.text.USBD_static_free)
    USBD_static_malloc                       0x080080e5   Thumb Code    10  usbd_conf.o(.text.USBD_static_malloc)
    USB_ActivateEndpoint                     0x080080f1   Thumb Code   802  stm32l1xx_ll_usb.o(.text.USB_ActivateEndpoint)
    USB_DeactivateEndpoint                   0x08008415   Thumb Code   226  stm32l1xx_ll_usb.o(.text.USB_DeactivateEndpoint)
    USB_DevConnect                           0x080084f9   Thumb Code     4  stm32l1xx_ll_usb.o(.text.USB_DevConnect)
    USB_DevInit                              0x080084fd   Thumb Code    26  stm32l1xx_ll_usb.o(.text.USB_DevInit)
    USB_DisableGlobalInt                     0x08008519   Thumb Code    20  stm32l1xx_ll_usb.o(.text.USB_DisableGlobalInt)
    USB_EPClearStall                         0x0800852d   Thumb Code   120  stm32l1xx_ll_usb.o(.text.USB_EPClearStall)
    USB_EPSetStall                           0x080085a5   Thumb Code    50  stm32l1xx_ll_usb.o(.text.USB_EPSetStall)
    USB_EPStartXfer                          0x080085d9   Thumb Code  1670  stm32l1xx_ll_usb.o(.text.USB_EPStartXfer)
    USB_EnableGlobalInt                      0x08008c61   Thumb Code    18  stm32l1xx_ll_usb.o(.text.USB_EnableGlobalInt)
    USB_LP_IRQHandler                        0x08008c75   Thumb Code    12  stm32l1xx_it.o(.text.USB_LP_IRQHandler)
    USB_Output_Init                          0x08008c81   Thumb Code    20  usb_output.o(.text.USB_Output_Init)
    USB_ReadInterrupts                       0x08008c95   Thumb Code     6  stm32l1xx_ll_usb.o(.text.USB_ReadInterrupts)
    USB_ReadPMA                              0x08008c9d   Thumb Code   180  stm32l1xx_ll_usb.o(.text.USB_ReadPMA)
    USB_SetDevAddress                        0x08008d51   Thumb Code    14  stm32l1xx_ll_usb.o(.text.USB_SetDevAddress)
    USB_WritePMA                             0x08008d61   Thumb Code   154  stm32l1xx_ll_usb.o(.text.USB_WritePMA)
    UsageFault_Handler                       0x08008dfd   Thumb Code     2  stm32l1xx_it.o(.text.UsageFault_Handler)
    main                                     0x08008e01   Thumb Code   150  main.o(.text.main)
    __ARM_fpclassify                         0x08008e97   Thumb Code    40  fpclassify.o(i.__ARM_fpclassify)
    __kernel_poly                            0x08008ebf   Thumb Code   170  poly.o(i.__kernel_poly)
    __mathlib_dbl_divzero                    0x08008f69   Thumb Code    12  dunder.o(i.__mathlib_dbl_divzero)
    __mathlib_dbl_infnan2                    0x08008f79   Thumb Code     4  dunder.o(i.__mathlib_dbl_infnan2)
    __mathlib_dbl_invalid                    0x08008f7d   Thumb Code    12  dunder.o(i.__mathlib_dbl_invalid)
    __mathlib_dbl_overflow                   0x08008f89   Thumb Code    14  dunder.o(i.__mathlib_dbl_overflow)
    __mathlib_dbl_underflow                  0x08008f99   Thumb Code    10  dunder.o(i.__mathlib_dbl_underflow)
    floorf                                   0x08008fa9   Thumb Code   112  floorf.o(i.floorf)
    pow                                      0x08009025   Thumb Code  2532  pow.o(i.pow)
    sqrt                                     0x08009a11   Thumb Code    76  sqrt.o(i.sqrt)
    __aeabi_dadd                             0x08009a5d   Thumb Code     0  daddsub_clz.o(x$fpl$dadd)
    _dadd                                    0x08009a5d   Thumb Code   332  daddsub_clz.o(x$fpl$dadd)
    __fpl_dcheck_NaN1                        0x08009bad   Thumb Code    10  dcheck1.o(x$fpl$dcheck1)
    __fpl_dcmp_Inf                           0x08009bbd   Thumb Code    24  dcmpi.o(x$fpl$dcmpinf)
    __aeabi_ddiv                             0x08009bd5   Thumb Code     0  ddiv.o(x$fpl$ddiv)
    _ddiv                                    0x08009bd5   Thumb Code   560  ddiv.o(x$fpl$ddiv)
    __aeabi_d2uiz                            0x08009e8d   Thumb Code     0  dfixu.o(x$fpl$dfixu)
    _dfixu                                   0x08009e8d   Thumb Code    90  dfixu.o(x$fpl$dfixu)
    __aeabi_i2d                              0x08009ee7   Thumb Code     0  dflt_clz.o(x$fpl$dflt)
    _dflt                                    0x08009ee7   Thumb Code    46  dflt_clz.o(x$fpl$dflt)
    __aeabi_ui2d                             0x08009f15   Thumb Code     0  dflt_clz.o(x$fpl$dfltu)
    _dfltu                                   0x08009f15   Thumb Code    38  dflt_clz.o(x$fpl$dfltu)
    __aeabi_cdcmple                          0x08009f3d   Thumb Code     0  dleqf.o(x$fpl$dleqf)
    _dcmple                                  0x08009f3d   Thumb Code   120  dleqf.o(x$fpl$dleqf)
    __fpl_dcmple_InfNaN                      0x08009f9f   Thumb Code     0  dleqf.o(x$fpl$dleqf)
    __aeabi_dmul                             0x08009fb5   Thumb Code     0  dmul.o(x$fpl$dmul)
    _dmul                                    0x08009fb5   Thumb Code   332  dmul.o(x$fpl$dmul)
    __fpl_dnaninf                            0x0800a109   Thumb Code   156  dnaninf.o(x$fpl$dnaninf)
    __fpl_dretinf                            0x0800a1a5   Thumb Code    12  dretinf.o(x$fpl$dretinf)
    __aeabi_cdrcmple                         0x0800a1b1   Thumb Code     0  drleqf.o(x$fpl$drleqf)
    _drcmple                                 0x0800a1b1   Thumb Code   108  drleqf.o(x$fpl$drleqf)
    __aeabi_drsub                            0x0800a21d   Thumb Code     0  daddsub_clz.o(x$fpl$drsb)
    _drsb                                    0x0800a21d   Thumb Code    22  daddsub_clz.o(x$fpl$drsb)
    _dsqrt                                   0x0800a235   Thumb Code   456  dsqrt_noumaal.o(x$fpl$dsqrt)
    __aeabi_dsub                             0x0800a401   Thumb Code     0  daddsub_clz.o(x$fpl$dsub)
    _dsub                                    0x0800a401   Thumb Code   472  daddsub_clz.o(x$fpl$dsub)
    __aeabi_f2d                              0x0800a5dd   Thumb Code     0  f2d.o(x$fpl$f2d)
    _f2d                                     0x0800a5dd   Thumb Code    86  f2d.o(x$fpl$f2d)
    __aeabi_fadd                             0x0800a635   Thumb Code     0  faddsub_clz.o(x$fpl$fadd)
    _fadd                                    0x0800a635   Thumb Code   196  faddsub_clz.o(x$fpl$fadd)
    __aeabi_fcmpeq                           0x0800a6f9   Thumb Code     0  fcmp.o(x$fpl$fcmp)
    _feq                                     0x0800a6f9   Thumb Code    14  fcmp.o(x$fpl$fcmp)
    _fneq                                    0x0800a707   Thumb Code    14  fcmp.o(x$fpl$fcmp)
    __aeabi_fcmpgt                           0x0800a715   Thumb Code     0  fcmp.o(x$fpl$fcmp)
    _fgr                                     0x0800a715   Thumb Code    14  fcmp.o(x$fpl$fcmp)
    __aeabi_fcmpge                           0x0800a723   Thumb Code     0  fcmp.o(x$fpl$fcmp)
    _fgeq                                    0x0800a723   Thumb Code    14  fcmp.o(x$fpl$fcmp)
    __aeabi_fcmple                           0x0800a731   Thumb Code     0  fcmp.o(x$fpl$fcmp)
    _fleq                                    0x0800a731   Thumb Code    14  fcmp.o(x$fpl$fcmp)
    __aeabi_fcmplt                           0x0800a73f   Thumb Code     0  fcmp.o(x$fpl$fcmp)
    _fls                                     0x0800a73f   Thumb Code    14  fcmp.o(x$fpl$fcmp)
    __fpl_fcmp_Inf                           0x0800a74d   Thumb Code    24  fcmpi.o(x$fpl$fcmpinf)
    __aeabi_fdiv                             0x0800a765   Thumb Code     0  fdiv.o(x$fpl$fdiv)
    _fdiv                                    0x0800a765   Thumb Code   384  fdiv.o(x$fpl$fdiv)
    __aeabi_cfcmpeq                          0x0800a8e9   Thumb Code     0  feqf.o(x$fpl$feqf)
    _fcmpeq                                  0x0800a8e9   Thumb Code   104  feqf.o(x$fpl$feqf)
    __aeabi_f2iz                             0x0800a951   Thumb Code     0  ffix.o(x$fpl$ffix)
    _ffix                                    0x0800a951   Thumb Code    54  ffix.o(x$fpl$ffix)
    __aeabi_i2f                              0x0800a989   Thumb Code     0  fflt_clz.o(x$fpl$fflt)
    _fflt                                    0x0800a989   Thumb Code    48  fflt_clz.o(x$fpl$fflt)
    __aeabi_ui2f                             0x0800a9b9   Thumb Code     0  fflt_clz.o(x$fpl$ffltu)
    _ffltu                                   0x0800a9b9   Thumb Code    38  fflt_clz.o(x$fpl$ffltu)
    _fcmpge                                  0x0800a9e1   Thumb Code   104  fgeqf.o(x$fpl$fgeqf)
    __aeabi_cfcmple                          0x0800aa49   Thumb Code     0  fleqf.o(x$fpl$fleqf)
    _fcmple                                  0x0800aa49   Thumb Code   104  fleqf.o(x$fpl$fleqf)
    __fpl_fcmple_InfNaN                      0x0800aa9b   Thumb Code     0  fleqf.o(x$fpl$fleqf)
    __aeabi_fmul                             0x0800aab1   Thumb Code     0  fmul.o(x$fpl$fmul)
    _fmul                                    0x0800aab1   Thumb Code   258  fmul.o(x$fpl$fmul)
    __fpl_fnaninf                            0x0800abb3   Thumb Code   140  fnaninf.o(x$fpl$fnaninf)
    __fpl_fretinf                            0x0800ac3f   Thumb Code    10  fretinf.o(x$fpl$fretinf)
    __aeabi_fsub                             0x0800ac49   Thumb Code     0  faddsub_clz.o(x$fpl$fsub)
    _fsub                                    0x0800ac49   Thumb Code   234  faddsub_clz.o(x$fpl$fsub)
    __fpl_return_NaN                         0x0800ad33   Thumb Code   100  retnan.o(x$fpl$retnan)
    __ARM_scalbn                             0x0800ad97   Thumb Code    92  scalbn.o(x$fpl$scalbn)
    __fpl_cmpreturn                          0x0800adf3   Thumb Code    48  trapv.o(x$fpl$trapveneer)
    __I$use$fp                               0x0800ae22   Number         0  usenofp.o(x$fpl$usenofp)
    __mathlib_zero                           0x0800aeb0   Data           8  qnan.o(.constdata)
    AHBPrescTable                            0x0800aed4   Data          16  system_stm32l1xx.o(.rodata.AHBPrescTable)
    APBPrescTable                            0x0800aee4   Data           8  system_stm32l1xx.o(.rodata.APBPrescTable)
    PLLMulTable                              0x0800af14   Data           9  system_stm32l1xx.o(.rodata.PLLMulTable)
    Region$$Table$$Base                      0x0800af20   Number         0  anon$$obj.o(Region$$Table)
    Region$$Table$$Limit                     0x0800af40   Number         0  anon$$obj.o(Region$$Table)
    uwTickPrio                               0x20000000   Data           4  stm32l1xx_hal.o(.data..L_MergedGlobals)
    uwTickFreq                               0x20000004   Data           4  stm32l1xx_hal.o(.data..L_MergedGlobals)
    FS_Desc                                  0x20000008   Data          28  usbd_desc.o(.data.FS_Desc)
    SystemCoreClock                          0x20000024   Data           4  system_stm32l1xx.o(.data.SystemCoreClock)
    USBD_CDC                                 0x20000028   Data          56  usbd_cdc.o(.data.USBD_CDC)
    USBD_CDC_CfgFSDesc                       0x20000060   Data          67  usbd_cdc.o(.data.USBD_CDC_CfgFSDesc)
    USBD_CDC_CfgHSDesc                       0x200000a4   Data          67  usbd_cdc.o(.data.USBD_CDC_CfgHSDesc)
    USBD_CDC_OtherSpeedCfgDesc               0x200000f4   Data          67  usbd_cdc.o(.data.USBD_CDC_OtherSpeedCfgDesc)
    USBD_FS_DeviceDesc                       0x20000138   Data          18  usbd_desc.o(.data.USBD_FS_DeviceDesc)
    USBD_Interface_fops_FS                   0x2000014c   Data          16  usbd_cdc_if.o(.data.USBD_Interface_fops_FS)
    USBD_LangIDDesc                          0x2000015c   Data           4  usbd_desc.o(.data.USBD_LangIDDesc)
    USBD_StringSerial                        0x20000160   Data          26  usbd_desc.o(.data.USBD_StringSerial)
    __libspace_start                         0x20000180   Data          96  libspace.o(.bss)
    __temporary_stack_top$libspace           0x200001e0   Data           0  libspace.o(.bss)
    USBD_StrDesc                             0x20000308   Data         512  usbd_desc.o(.bss.USBD_StrDesc)
    UserRxBufferFS                           0x20000728   Data        1024  usbd_cdc_if.o(.bss.UserRxBufferFS)
    UserTxBufferFS                           0x20000b28   Data        1024  usbd_cdc_if.o(.bss.UserTxBufferFS)
    hUsbDeviceFS                             0x20000f28   Data         668  usb_device.o(.bss.hUsbDeviceFS)
    hadc                                     0x200011c4   Data          84  adc.o(.bss.hadc)
    hdma_usart1_rx                           0x20001218   Data          68  usart.o(.bss.hdma_usart1_rx)
    hdma_usart1_tx                           0x2000125c   Data          68  usart.o(.bss.hdma_usart1_tx)
    hlcd                                     0x200012a0   Data          60  lcd.o(.bss.hlcd)
    hpcd_USB_FS                              0x200012dc   Data         724  usbd_conf.o(.bss.hpcd_USB_FS)
    htim5                                    0x200015b0   Data          64  tim.o(.bss.htim5)
    htim7                                    0x200015f0   Data          64  tim.o(.bss.htim7)
    huart1                                   0x20001630   Data          72  usart.o(.bss.huart1)
    pFlash                                   0x2000167c   Data          24  stm32l1xx_hal_flash.o(.bss.pFlash)
    uwTick                                   0x200019a4   Data           4  stm32l1xx_hal.o(.bss.uwTick)



==============================================================================

Memory Map of the image

  Image Entry point : 0x08000125

  Load Region LR_IROM1 (Base: 0x08000000, Size: 0x0000b0c0, Max: 0x00040000, ABSOLUTE, COMPRESSED[0x0000b000])

    Execution Region ER_IROM1 (Exec base: 0x08000000, Load base: 0x08000000, Size: 0x0000af40, Max: 0x00040000, ABSOLUTE)

    Exec Addr    Load Addr    Size         Type   Attr      Idx    E Section Name        Object

    0x08000000   0x08000000   0x00000124   Data   RO            3    RESET               startup_stm32l152xc.o
    0x08000124   0x08000124   0x00000008   Code   RO         1711  * !!!main             c_w.l(__main.o)
    0x0800012c   0x0800012c   0x0000005c   Code   RO         2169    !!!scatter          c_w.l(__scatter.o)
    0x08000188   0x08000188   0x0000005a   Code   RO         2167    !!dczerorl2         c_w.l(__dczerorl2.o)
    0x080001e2   0x080001e2   0x00000002   PAD
    0x080001e4   0x080001e4   0x00000002   Code   RO         2170    !!handler_null      c_w.l(__scatter.o)
    0x080001e6   0x080001e6   0x00000002   PAD
    0x080001e8   0x080001e8   0x0000001c   Code   RO         2173    !!handler_zi        c_w.l(__scatter_zi.o)
    0x08000204   0x08000204   0x00000002   Code   RO         2015    .ARM.Collect$$libinit$$00000000  c_w.l(libinit.o)
    0x08000206   0x08000206   0x00000000   Code   RO         2032    .ARM.Collect$$libinit$$00000002  c_w.l(libinit2.o)
    0x08000206   0x08000206   0x00000000   Code   RO         2034    .ARM.Collect$$libinit$$00000004  c_w.l(libinit2.o)
    0x08000206   0x08000206   0x00000000   Code   RO         2036    .ARM.Collect$$libinit$$00000006  c_w.l(libinit2.o)
    0x08000206   0x08000206   0x00000000   Code   RO         2039    .ARM.Collect$$libinit$$0000000C  c_w.l(libinit2.o)
    0x08000206   0x08000206   0x00000000   Code   RO         2041    .ARM.Collect$$libinit$$0000000E  c_w.l(libinit2.o)
    0x08000206   0x08000206   0x00000000   Code   RO         2043    .ARM.Collect$$libinit$$00000010  c_w.l(libinit2.o)
    0x08000206   0x08000206   0x00000000   Code   RO         2046    .ARM.Collect$$libinit$$00000013  c_w.l(libinit2.o)
    0x08000206   0x08000206   0x00000000   Code   RO         2048    .ARM.Collect$$libinit$$00000015  c_w.l(libinit2.o)
    0x08000206   0x08000206   0x00000000   Code   RO         2050    .ARM.Collect$$libinit$$00000017  c_w.l(libinit2.o)
    0x08000206   0x08000206   0x00000000   Code   RO         2052    .ARM.Collect$$libinit$$00000019  c_w.l(libinit2.o)
    0x08000206   0x08000206   0x00000000   Code   RO         2054    .ARM.Collect$$libinit$$0000001B  c_w.l(libinit2.o)
    0x08000206   0x08000206   0x00000000   Code   RO         2056    .ARM.Collect$$libinit$$0000001D  c_w.l(libinit2.o)
    0x08000206   0x08000206   0x00000000   Code   RO         2058    .ARM.Collect$$libinit$$0000001F  c_w.l(libinit2.o)
    0x08000206   0x08000206   0x00000000   Code   RO         2060    .ARM.Collect$$libinit$$00000021  c_w.l(libinit2.o)
    0x08000206   0x08000206   0x00000000   Code   RO         2062    .ARM.Collect$$libinit$$00000023  c_w.l(libinit2.o)
    0x08000206   0x08000206   0x00000000   Code   RO         2064    .ARM.Collect$$libinit$$00000025  c_w.l(libinit2.o)
    0x08000206   0x08000206   0x00000000   Code   RO         2066    .ARM.Collect$$libinit$$00000027  c_w.l(libinit2.o)
    0x08000206   0x08000206   0x00000000   Code   RO         2070    .ARM.Collect$$libinit$$0000002E  c_w.l(libinit2.o)
    0x08000206   0x08000206   0x00000000   Code   RO         2072    .ARM.Collect$$libinit$$00000030  c_w.l(libinit2.o)
    0x08000206   0x08000206   0x00000000   Code   RO         2074    .ARM.Collect$$libinit$$00000032  c_w.l(libinit2.o)
    0x08000206   0x08000206   0x00000000   Code   RO         2076    .ARM.Collect$$libinit$$00000034  c_w.l(libinit2.o)
    0x08000206   0x08000206   0x00000002   Code   RO         2077    .ARM.Collect$$libinit$$00000035  c_w.l(libinit2.o)
    0x08000208   0x08000208   0x00000002   Code   RO         2103    .ARM.Collect$$libshutdown$$00000000  c_w.l(libshutdown.o)
    0x0800020a   0x0800020a   0x00000000   Code   RO         2118    .ARM.Collect$$libshutdown$$00000002  c_w.l(libshutdown2.o)
    0x0800020a   0x0800020a   0x00000000   Code   RO         2120    .ARM.Collect$$libshutdown$$00000004  c_w.l(libshutdown2.o)
    0x0800020a   0x0800020a   0x00000000   Code   RO         2123    .ARM.Collect$$libshutdown$$00000007  c_w.l(libshutdown2.o)
    0x0800020a   0x0800020a   0x00000000   Code   RO         2126    .ARM.Collect$$libshutdown$$0000000A  c_w.l(libshutdown2.o)
    0x0800020a   0x0800020a   0x00000000   Code   RO         2128    .ARM.Collect$$libshutdown$$0000000C  c_w.l(libshutdown2.o)
    0x0800020a   0x0800020a   0x00000000   Code   RO         2131    .ARM.Collect$$libshutdown$$0000000F  c_w.l(libshutdown2.o)
    0x0800020a   0x0800020a   0x00000002   Code   RO         2132    .ARM.Collect$$libshutdown$$00000010  c_w.l(libshutdown2.o)
    0x0800020c   0x0800020c   0x00000000   Code   RO         1766    .ARM.Collect$$rtentry$$00000000  c_w.l(__rtentry.o)
    0x0800020c   0x0800020c   0x00000000   Code   RO         1917    .ARM.Collect$$rtentry$$00000002  c_w.l(__rtentry2.o)
    0x0800020c   0x0800020c   0x00000006   Code   RO         1929    .ARM.Collect$$rtentry$$00000004  c_w.l(__rtentry4.o)
    0x08000212   0x08000212   0x00000000   Code   RO         1919    .ARM.Collect$$rtentry$$00000009  c_w.l(__rtentry2.o)
    0x08000212   0x08000212   0x00000004   Code   RO         1920    .ARM.Collect$$rtentry$$0000000A  c_w.l(__rtentry2.o)
    0x08000216   0x08000216   0x00000000   Code   RO         1922    .ARM.Collect$$rtentry$$0000000C  c_w.l(__rtentry2.o)
    0x08000216   0x08000216   0x00000008   Code   RO         1923    .ARM.Collect$$rtentry$$0000000D  c_w.l(__rtentry2.o)
    0x0800021e   0x0800021e   0x00000002   Code   RO         2022    .ARM.Collect$$rtexit$$00000000  c_w.l(rtexit.o)
    0x08000220   0x08000220   0x00000000   Code   RO         2081    .ARM.Collect$$rtexit$$00000002  c_w.l(rtexit2.o)
    0x08000220   0x08000220   0x00000004   Code   RO         2082    .ARM.Collect$$rtexit$$00000003  c_w.l(rtexit2.o)
    0x08000224   0x08000224   0x00000006   Code   RO         2083    .ARM.Collect$$rtexit$$00000004  c_w.l(rtexit2.o)
    0x0800022a   0x0800022a   0x00000002   PAD
    0x0800022c   0x0800022c   0x00000040   Code   RO            4    .text               startup_stm32l152xc.o
    0x0800026c   0x0800026c   0x0000004e   Code   RO         1707    .text               c_w.l(rt_memclr_w.o)
    0x080002ba   0x080002ba   0x00000006   Code   RO         1709    .text               c_w.l(heapauxi.o)
    0x080002c0   0x080002c0   0x00000016   Code   RO         1767    .text               c_w.l(_rserrno.o)
    0x080002d6   0x080002d6   0x00000002   PAD
    0x080002d8   0x080002d8   0x00000008   Code   RO         1934    .text               c_w.l(rt_errno_addr_intlibspace.o)
    0x080002e0   0x080002e0   0x00000008   Code   RO         1964    .text               c_w.l(libspace.o)
    0x080002e8   0x080002e8   0x0000004a   Code   RO         1967    .text               c_w.l(sys_stackheap_outer.o)
    0x08000332   0x08000332   0x00000012   Code   RO         2008    .text               c_w.l(exit.o)
    0x08000344   0x08000344   0x0000000c   Code   RO         2093    .text               c_w.l(sys_exit.o)
    0x08000350   0x08000350   0x00000002   Code   RO         2108    .text               c_w.l(use_no_semi.o)
    0x08000352   0x08000352   0x00000000   Code   RO         2110    .text               c_w.l(indicate_semi.o)
    0x08000352   0x08000352   0x00000002   PAD
    0x08000354   0x08000354   0x000000b2   Code   RO          838    .text.ADC_Enable    stm32l1xx_hal_adc.o
    0x08000406   0x08000406   0x00000002   PAD
    0x08000408   0x08000408   0x00000050   Code   RO         1556    .text.App_Init      app_main.o
    0x08000458   0x08000458   0x0000011a   Code   RO         1566    .text.App_ProcessKey  app_main.o
    0x08000572   0x08000572   0x00000002   PAD
    0x08000574   0x08000574   0x0000065e   Code   RO         1558    .text.App_Run       app_main.o
    0x08000bd2   0x08000bd2   0x00000002   PAD
    0x08000bd4   0x08000bd4   0x00000076   Code   RO         1562    .text.App_SelfTest  app_main.o
    0x08000c4a   0x08000c4a   0x00000002   PAD
    0x08000c4c   0x08000c4c   0x00000088   Code   RO         1560    .text.App_SettingMenu_UpdateDisplay  app_main.o
    0x08000cd4   0x08000cd4   0x00000164   Code   RO         1564    .text.App_UpdateDisplay  app_main.o
    0x08000e38   0x08000e38   0x00000028   Code   RO         1443    .text.Battery_Init  battery_monitor.o
    0x08000e60   0x08000e60   0x00000002   Code   RO          118    .text.BusFault_Handler  stm32l1xx_it.o
    0x08000e62   0x08000e62   0x00000002   PAD
    0x08000e64   0x08000e64   0x00000004   Code   RO          197    .text.CDC_Control_FS  usbd_cdc_if.o
    0x08000e68   0x08000e68   0x00000004   Code   RO          195    .text.CDC_DeInit_FS  usbd_cdc_if.o
    0x08000e6c   0x08000e6c   0x0000002c   Code   RO          193    .text.CDC_Init_FS   usbd_cdc_if.o
    0x08000e98   0x08000e98   0x0000001c   Code   RO          199    .text.CDC_Receive_FS  usbd_cdc_if.o
    0x08000eb4   0x08000eb4   0x0000000c   Code   RO          130    .text.DMA1_Channel4_IRQHandler  stm32l1xx_it.o
    0x08000ec0   0x08000ec0   0x0000000c   Code   RO          132    .text.DMA1_Channel5_IRQHandler  stm32l1xx_it.o
    0x08000ecc   0x08000ecc   0x00000002   Code   RO          124    .text.DebugMon_Handler  stm32l1xx_it.o
    0x08000ece   0x08000ece   0x00000002   PAD
    0x08000ed0   0x08000ed0   0x00000008   Code   RO          138    .text.EXTI15_10_IRQHandler  stm32l1xx_it.o
    0x08000ed8   0x08000ed8   0x0000000a   Code   RO           15    .text.Error_Handler  main.o
    0x08000ee2   0x08000ee2   0x00000002   PAD
    0x08000ee4   0x08000ee4   0x00000120   Code   RO          552    .text.FLASH_WaitForLastOperation  stm32l1xx_hal_flash.o
    0x08001004   0x08001004   0x000001e6   Code   RO          872    .text.HAL_ADC_ConfigChannel  stm32l1xx_hal_adc.o
    0x080011ea   0x080011ea   0x00000002   PAD
    0x080011ec   0x080011ec   0x00000006   Code   RO          860    .text.HAL_ADC_GetValue  stm32l1xx_hal_adc.o
    0x080011f2   0x080011f2   0x00000002   PAD
    0x080011f4   0x080011f4   0x00000184   Code   RO          826    .text.HAL_ADC_Init  stm32l1xx_hal_adc.o
    0x08001378   0x08001378   0x00000068   Code   RO           39    .text.HAL_ADC_MspInit  adc.o
    0x080013e0   0x080013e0   0x00000108   Code   RO          842    .text.HAL_ADC_PollForConversion  stm32l1xx_hal_adc.o
    0x080014e8   0x080014e8   0x00000074   Code   RO          836    .text.HAL_ADC_Start  stm32l1xx_hal_adc.o
    0x0800155c   0x0800155c   0x0000007e   Code   RO          840    .text.HAL_ADC_Stop  stm32l1xx_hal_adc.o
    0x080015da   0x080015da   0x00000002   PAD
    0x080015dc   0x080015dc   0x00000012   Code   RO          468    .text.HAL_DBGMCU_EnableDBGSleepMode  stm32l1xx_hal.o
    0x080015ee   0x080015ee   0x00000002   PAD
    0x080015f0   0x080015f0   0x00000012   Code   RO          472    .text.HAL_DBGMCU_EnableDBGStopMode  stm32l1xx_hal.o
    0x08001602   0x08001602   0x00000002   PAD
    0x08001604   0x08001604   0x0000004a   Code   RO          663    .text.HAL_DMA_Abort  stm32l1xx_hal_dma.o
    0x0800164e   0x0800164e   0x00000002   PAD
    0x08001650   0x08001650   0x00000054   Code   RO          665    .text.HAL_DMA_Abort_IT  stm32l1xx_hal_dma.o
    0x080016a4   0x080016a4   0x000000aa   Code   RO          669    .text.HAL_DMA_IRQHandler  stm32l1xx_hal_dma.o
    0x0800174e   0x0800174e   0x00000002   PAD
    0x08001750   0x08001750   0x0000009e   Code   RO          655    .text.HAL_DMA_Init  stm32l1xx_hal_dma.o
    0x080017ee   0x080017ee   0x00000002   PAD
    0x080017f0   0x080017f0   0x000000a4   Code   RO          661    .text.HAL_DMA_Start_IT  stm32l1xx_hal_dma.o
    0x08001894   0x08001894   0x00000028   Code   RO          450    .text.HAL_Delay     stm32l1xx_hal.o
    0x080018bc   0x080018bc   0x00000014   Code   RO          603    .text.HAL_FLASHEx_DATAEEPROM_Lock  stm32l1xx_hal_flash_ex.o
    0x080018d0   0x080018d0   0x000000fc   Code   RO          607    .text.HAL_FLASHEx_DATAEEPROM_Program  stm32l1xx_hal_flash_ex.o
    0x080019cc   0x080019cc   0x0000002c   Code   RO          601    .text.HAL_FLASHEx_DATAEEPROM_Unlock  stm32l1xx_hal_flash_ex.o
    0x080019f8   0x080019f8   0x0000010c   Code   RO          633    .text.HAL_GPIO_DeInit  stm32l1xx_hal_gpio.o
    0x08001b04   0x08001b04   0x0000001c   Code   RO           17    .text.HAL_GPIO_EXTI_Callback  main.o
    0x08001b20   0x08001b20   0x00000016   Code   RO          643    .text.HAL_GPIO_EXTI_IRQHandler  stm32l1xx_hal_gpio.o
    0x08001b36   0x08001b36   0x00000002   PAD
    0x08001b38   0x08001b38   0x000001a6   Code   RO          631    .text.HAL_GPIO_Init  stm32l1xx_hal_gpio.o
    0x08001cde   0x08001cde   0x00000002   PAD
    0x08001ce0   0x08001ce0   0x0000000a   Code   RO          637    .text.HAL_GPIO_WritePin  stm32l1xx_hal_gpio.o
    0x08001cea   0x08001cea   0x00000002   PAD
    0x08001cec   0x08001cec   0x0000000c   Code   RO          442    .text.HAL_GetTick   stm32l1xx_hal.o
    0x08001cf8   0x08001cf8   0x0000001a   Code   RO          440    .text.HAL_IncTick   stm32l1xx_hal.o
    0x08001d12   0x08001d12   0x00000002   PAD
    0x08001d14   0x08001d14   0x0000001e   Code   RO          430    .text.HAL_Init      stm32l1xx_hal.o
    0x08001d32   0x08001d32   0x00000002   PAD
    0x08001d34   0x08001d34   0x00000050   Code   RO          432    .text.HAL_InitTick  stm32l1xx_hal.o
    0x08001d84   0x08001d84   0x000000c4   Code   RO          924    .text.HAL_LCD_Clear  stm32l1xx_hal_lcd.o
    0x08001e48   0x08001e48   0x0000011e   Code   RO          918    .text.HAL_LCD_Init  stm32l1xx_hal_lcd.o
    0x08001f66   0x08001f66   0x00000002   PAD
    0x08001f68   0x08001f68   0x000000ce   Code   RO           62    .text.HAL_LCD_MspInit  lcd.o
    0x08002036   0x08002036   0x00000002   PAD
    0x08002038   0x08002038   0x0000004c   Code   RO          926    .text.HAL_LCD_UpdateDisplayRequest  stm32l1xx_hal_lcd.o
    0x08002084   0x08002084   0x00000086   Code   RO          922    .text.HAL_LCD_Write  stm32l1xx_hal_lcd.o
    0x0800210a   0x0800210a   0x00000002   PAD
    0x0800210c   0x0800210c   0x0000004a   Code   RO          149    .text.HAL_MspInit   stm32l1xx_hal_msp.o
    0x08002156   0x08002156   0x00000002   PAD
    0x08002158   0x08002158   0x0000002a   Code   RO          756    .text.HAL_NVIC_DisableIRQ  stm32l1xx_hal_cortex.o
    0x08002182   0x08002182   0x00000002   PAD
    0x08002184   0x08002184   0x00000022   Code   RO          754    .text.HAL_NVIC_EnableIRQ  stm32l1xx_hal_cortex.o
    0x080021a6   0x080021a6   0x00000002   PAD
    0x080021a8   0x080021a8   0x00000056   Code   RO          752    .text.HAL_NVIC_SetPriority  stm32l1xx_hal_cortex.o
    0x080021fe   0x080021fe   0x00000002   PAD
    0x08002200   0x08002200   0x00000020   Code   RO          750    .text.HAL_NVIC_SetPriorityGrouping  stm32l1xx_hal_cortex.o
    0x08002220   0x08002220   0x0000004c   Code   RO          362    .text.HAL_PCDEx_PMAConfig  stm32l1xx_hal_pcd_ex.o
    0x0800226c   0x0800226c   0x00000016   Code   RO          214    .text.HAL_PCDEx_SetConnectionState  usbd_conf.o
    0x08002282   0x08002282   0x00000002   PAD
    0x08002284   0x08002284   0x00000014   Code   RO          224    .text.HAL_PCD_DataInStageCallback  usbd_conf.o
    0x08002298   0x08002298   0x00000016   Code   RO          222    .text.HAL_PCD_DataOutStageCallback  usbd_conf.o
    0x080022ae   0x080022ae   0x00000002   PAD
    0x080022b0   0x080022b0   0x0000004e   Code   RO          332    .text.HAL_PCD_EP_Close  stm32l1xx_hal_pcd.o
    0x080022fe   0x080022fe   0x00000002   PAD
    0x08002300   0x08002300   0x00000064   Code   RO          342    .text.HAL_PCD_EP_ClrStall  stm32l1xx_hal_pcd.o
    0x08002364   0x08002364   0x00000012   Code   RO          336    .text.HAL_PCD_EP_GetRxCount  stm32l1xx_hal_pcd.o
    0x08002376   0x08002376   0x00000002   PAD
    0x08002378   0x08002378   0x0000005e   Code   RO          330    .text.HAL_PCD_EP_Open  stm32l1xx_hal_pcd.o
    0x080023d6   0x080023d6   0x00000002   PAD
    0x080023d8   0x080023d8   0x00000032   Code   RO          334    .text.HAL_PCD_EP_Receive  stm32l1xx_hal_pcd.o
    0x0800240a   0x0800240a   0x00000002   PAD
    0x0800240c   0x0800240c   0x00000068   Code   RO          340    .text.HAL_PCD_EP_SetStall  stm32l1xx_hal_pcd.o
    0x08002474   0x08002474   0x00000036   Code   RO          338    .text.HAL_PCD_EP_Transmit  stm32l1xx_hal_pcd.o
    0x080024aa   0x080024aa   0x00000002   PAD
    0x080024ac   0x080024ac   0x0000088a   Code   RO          298    .text.HAL_PCD_IRQHandler  stm32l1xx_hal_pcd.o
    0x08002d36   0x08002d36   0x00000002   PAD
    0x08002d38   0x08002d38   0x0000020e   Code   RO          286    .text.HAL_PCD_Init  stm32l1xx_hal_pcd.o
    0x08002f46   0x08002f46   0x00000002   PAD
    0x08002f48   0x08002f48   0x00000030   Code   RO          216    .text.HAL_PCD_MspInit  usbd_conf.o
    0x08002f78   0x08002f78   0x00000024   Code   RO          228    .text.HAL_PCD_ResetCallback  usbd_conf.o
    0x08002f9c   0x08002f9c   0x00000008   Code   RO          232    .text.HAL_PCD_ResumeCallback  usbd_conf.o
    0x08002fa4   0x08002fa4   0x00000008   Code   RO          226    .text.HAL_PCD_SOFCallback  usbd_conf.o
    0x08002fac   0x08002fac   0x00000028   Code   RO          302    .text.HAL_PCD_SetAddress  stm32l1xx_hal_pcd.o
    0x08002fd4   0x08002fd4   0x0000000e   Code   RO          220    .text.HAL_PCD_SetupStageCallback  usbd_conf.o
    0x08002fe2   0x08002fe2   0x00000002   PAD
    0x08002fe4   0x08002fe4   0x00000034   Code   RO          294    .text.HAL_PCD_Start  stm32l1xx_hal_pcd.o
    0x08003018   0x08003018   0x00000026   Code   RO          230    .text.HAL_PCD_SuspendCallback  usbd_conf.o
    0x0800303e   0x0800303e   0x00000002   PAD
    0x08003040   0x08003040   0x00000024   Code   RO          707    .text.HAL_PWR_EnterSTANDBYMode  stm32l1xx_hal_pwr.o
    0x08003064   0x08003064   0x00000186   Code   RO          526    .text.HAL_RCCEx_PeriphCLKConfig  stm32l1xx_hal_rcc_ex.o
    0x080031ea   0x080031ea   0x00000002   PAD
    0x080031ec   0x080031ec   0x000001fa   Code   RO          494    .text.HAL_RCC_ClockConfig  stm32l1xx_hal_rcc.o
    0x080033e6   0x080033e6   0x00000002   PAD
    0x080033e8   0x080033e8   0x00000026   Code   RO          506    .text.HAL_RCC_GetPCLK1Freq  stm32l1xx_hal_rcc.o
    0x0800340e   0x0800340e   0x00000002   PAD
    0x08003410   0x08003410   0x00000026   Code   RO          508    .text.HAL_RCC_GetPCLK2Freq  stm32l1xx_hal_rcc.o
    0x08003436   0x08003436   0x00000002   PAD
    0x08003438   0x08003438   0x00000578   Code   RO          492    .text.HAL_RCC_OscConfig  stm32l1xx_hal_rcc.o
    0x080039b0   0x080039b0   0x00000012   Code   RO          454    .text.HAL_ResumeTick  stm32l1xx_hal.o
    0x080039c2   0x080039c2   0x00000002   PAD
    0x080039c4   0x080039c4   0x0000002c   Code   RO          762    .text.HAL_SYSTICK_Config  stm32l1xx_hal_cortex.o
    0x080039f0   0x080039f0   0x00000012   Code   RO          452    .text.HAL_SuspendTick  stm32l1xx_hal.o
    0x08003a02   0x08003a02   0x00000002   PAD
    0x08003a04   0x08003a04   0x0000007e   Code   RO         1159    .text.HAL_TIMEx_MasterConfigSynchronization  stm32l1xx_hal_tim_ex.o
    0x08003a82   0x08003a82   0x00000002   PAD
    0x08003a84   0x08003a84   0x00000128   Code   RO          940    .text.HAL_TIM_Base_Init  stm32l1xx_hal_tim.o
    0x08003bac   0x08003bac   0x00000030   Code   RO           79    .text.HAL_TIM_Base_MspInit  tim.o
    0x08003bdc   0x08003bdc   0x0000006e   Code   RO          952    .text.HAL_TIM_Base_Start_IT  stm32l1xx_hal_tim.o
    0x08003c4a   0x08003c4a   0x00000002   PAD
    0x08003c4c   0x08003c4c   0x000001a0   Code   RO         1110    .text.HAL_TIM_ConfigClockSource  stm32l1xx_hal_tim.o
    0x08003dec   0x08003dec   0x0000014c   Code   RO         1086    .text.HAL_TIM_PWM_ConfigChannel  stm32l1xx_hal_tim.o
    0x08003f38   0x08003f38   0x00000128   Code   RO          990    .text.HAL_TIM_PWM_Init  stm32l1xx_hal_tim.o
    0x08004060   0x08004060   0x00000002   Code   RO          992    .text.HAL_TIM_PWM_MspInit  stm32l1xx_hal_tim.o
    0x08004062   0x08004062   0x00000002   PAD
    0x08004064   0x08004064   0x000000ba   Code   RO          998    .text.HAL_TIM_PWM_Start  stm32l1xx_hal_tim.o
    0x0800411e   0x0800411e   0x00000002   PAD
    0x08004120   0x08004120   0x00000066   Code   RO         1000    .text.HAL_TIM_PWM_Stop  stm32l1xx_hal_tim.o
    0x08004186   0x08004186   0x00000002   PAD
    0x08004188   0x08004188   0x00000058   Code   RO         1114    .text.HAL_TIM_SlaveConfigSynchro  stm32l1xx_hal_tim.o
    0x080041e0   0x080041e0   0x00000002   Code   RO         1257    .text.HAL_UARTEx_RxEventCallback  stm32l1xx_hal_uart.o
    0x080041e2   0x080041e2   0x00000002   PAD
    0x080041e4   0x080041e4   0x0000021c   Code   RO         1213    .text.HAL_UART_DMAStop  stm32l1xx_hal_uart.o
    0x08004400   0x08004400   0x00000002   Code   RO         1255    .text.HAL_UART_ErrorCallback  stm32l1xx_hal_uart.o
    0x08004402   0x08004402   0x00000002   PAD
    0x08004404   0x08004404   0x00000590   Code   RO         1249    .text.HAL_UART_IRQHandler  stm32l1xx_hal_uart.o
    0x08004994   0x08004994   0x00000060   Code   RO         1171    .text.HAL_UART_Init  stm32l1xx_hal_uart.o
    0x080049f4   0x080049f4   0x000000dc   Code   RO           97    .text.HAL_UART_MspInit  usart.o
    0x08004ad0   0x08004ad0   0x00000184   Code   RO         1205    .text.HAL_UART_Receive_DMA  stm32l1xx_hal_uart.o
    0x08004c54   0x08004c54   0x00000002   Code   RO         1263    .text.HAL_UART_RxCpltCallback  stm32l1xx_hal_uart.o
    0x08004c56   0x08004c56   0x00000002   PAD
    0x08004c58   0x08004c58   0x00000002   Code   RO         1265    .text.HAL_UART_RxHalfCpltCallback  stm32l1xx_hal_uart.o
    0x08004c5a   0x08004c5a   0x00000002   PAD
    0x08004c5c   0x08004c5c   0x0000001e   Code   RO         1508    .text.HAL_UART_TxCpltCallback  uart_bluetooth.o
    0x08004c7a   0x08004c7a   0x00000002   PAD
    0x08004c7c   0x08004c7c   0x00000002   Code   RO          114    .text.HardFault_Handler  stm32l1xx_it.o
    0x08004c7e   0x08004c7e   0x00000002   PAD
    0x08004c80   0x08004c80   0x00000032   Code   RO         1587    .text.Key_GetMessage  key_scan.o
    0x08004cb2   0x08004cb2   0x00000002   PAD
    0x08004cb4   0x08004cb4   0x0000001c   Code   RO         1579    .text.Key_Init      key_scan.o
    0x08004cd0   0x08004cd0   0x000000a8   Code   RO         1589    .text.Key_IsEngineeringModePressed  key_scan.o
    0x08004d78   0x08004d78   0x0000013a   Code   RO         1581    .text.Key_MatrixScan  key_scan.o
    0x08004eb2   0x08004eb2   0x00000002   PAD
    0x08004eb4   0x08004eb4   0x000000d2   Code   RO         1583    .text.Key_TimerScan  key_scan.o
    0x08004f86   0x08004f86   0x00000002   PAD
    0x08004f88   0x08004f88   0x0000000c   Code   RO         1472    .text.LCD_Display_Clear  lcd_display.o
    0x08004f94   0x08004f94   0x00000408   Code   RO         1464    .text.LCD_Display_Init  lcd_display.o
    0x0800539c   0x0800539c   0x000001d4   Code   RO         1474    .text.LCD_Display_Number  lcd_display.o
    0x08005570   0x08005570   0x00000614   Code   RO         1468    .text.LCD_Display_Symbol  lcd_display.o
    0x08005b84   0x08005b84   0x0000000c   Code   RO         1476    .text.LCD_Display_Update  lcd_display.o
    0x08005b90   0x08005b90   0x0000007c   Code   RO         1466    .text.LCD_Write_Digit  lcd_display.o
    0x08005c0c   0x08005c0c   0x00000060   Code   RO           37    .text.MX_ADC_Init   adc.o
    0x08005c6c   0x08005c6c   0x00000020   Code   RO           52    .text.MX_DMA_Init   dma.o
    0x08005c8c   0x08005c8c   0x00000118   Code   RO           28    .text.MX_GPIO_Init  gpio.o
    0x08005da4   0x08005da4   0x00000052   Code   RO           60    .text.MX_LCD_Init   lcd.o
    0x08005df6   0x08005df6   0x00000002   PAD
    0x08005df8   0x08005df8   0x00000148   Code   RO           75    .text.MX_TIM5_Init  tim.o
    0x08005f40   0x08005f40   0x00000062   Code   RO           83    .text.MX_TIM7_Init  tim.o
    0x08005fa2   0x08005fa2   0x00000002   PAD
    0x08005fa4   0x08005fa4   0x0000003c   Code   RO           95    .text.MX_USART1_UART_Init  usart.o
    0x08005fe0   0x08005fe0   0x00000072   Code   RO          157    .text.MX_USB_DEVICE_Init  usb_device.o
    0x08006052   0x08006052   0x00000002   PAD
    0x08006054   0x08006054   0x00000010   Code   RO         1614    .text.Measure_ClearTolerance  measurement.o
    0x08006064   0x08006064   0x0000000c   Code   RO         1616    .text.Measure_GetData  measurement.o
    0x08006070   0x08006070   0x00000022   Code   RO         1600    .text.Measure_Init  measurement.o
    0x08006092   0x08006092   0x00000002   PAD
    0x08006094   0x08006094   0x000002cc   Code   RO         1602    .text.Measure_Process  measurement.o
    0x08006360   0x08006360   0x00000044   Code   RO         1604    .text.Measure_SetMode  measurement.o
    0x080063a4   0x080063a4   0x0000000e   Code   RO         1606    .text.Measure_SetResolution  measurement.o
    0x080063b2   0x080063b2   0x00000002   PAD
    0x080063b4   0x080063b4   0x00000016   Code   RO         1612    .text.Measure_SetTolerance  measurement.o
    0x080063ca   0x080063ca   0x00000002   PAD
    0x080063cc   0x080063cc   0x0000000e   Code   RO         1608    .text.Measure_SetUnit  measurement.o
    0x080063da   0x080063da   0x00000002   PAD
    0x080063dc   0x080063dc   0x00000022   Code   RO         1610    .text.Measure_Zero  measurement.o
    0x080063fe   0x080063fe   0x00000002   PAD
    0x08006400   0x08006400   0x00000002   Code   RO          116    .text.MemManage_Handler  stm32l1xx_it.o
    0x08006402   0x08006402   0x00000002   PAD
    0x08006404   0x08006404   0x00000002   Code   RO          112    .text.NMI_Handler   stm32l1xx_it.o
    0x08006406   0x08006406   0x00000002   PAD
    0x08006408   0x08006408   0x00000002   Code   RO          126    .text.PendSV_Handler  stm32l1xx_it.o
    0x0800640a   0x0800640a   0x00000002   PAD
    0x0800640c   0x0800640c   0x00000048   Code   RO         1644    .text.Power_GetBatteryVoltage  power_mgmt.o
    0x08006454   0x08006454   0x00000012   Code   RO         1628    .text.Power_Init    power_mgmt.o
    0x08006466   0x08006466   0x00000002   PAD
    0x08006468   0x08006468   0x00000030   Code   RO         1634    .text.Power_Off     power_mgmt.o
    0x08006498   0x08006498   0x00000054   Code   RO         1632    .text.Power_SensorOn  power_mgmt.o
    0x080064ec   0x080064ec   0x000000c4   Code   RO         1646    .text.Power_UpdateAutoOff  power_mgmt.o
    0x080065b0   0x080065b0   0x00000002   Code   RO          122    .text.SVC_Handler   stm32l1xx_it.o
    0x080065b2   0x080065b2   0x00000002   PAD
    0x080065b4   0x080065b4   0x00000018   Code   RO         1683    .text.Sensor_GPIO_EnableInterrupt  sensor_gpio.o
    0x080065cc   0x080065cc   0x0000008a   Code   RO         1689    .text.Sensor_GPIO_GetData  sensor_gpio.o
    0x08006656   0x08006656   0x00000002   PAD
    0x08006658   0x08006658   0x000000aa   Code   RO         1681    .text.Sensor_GPIO_Init  sensor_gpio.o
    0x08006702   0x08006702   0x00000002   PAD
    0x08006704   0x08006704   0x0000018a   Code   RO         1687    .text.Sensor_GPIO_Read_24bit_Data  sensor_gpio.o
    0x0800688e   0x0800688e   0x00000002   PAD
    0x08006890   0x08006890   0x0000000a   Code   RO         1670    .text.Settings_Get  settings.o
    0x0800689a   0x0800689a   0x00000002   PAD
    0x0800689c   0x0800689c   0x0000002a   Code   RO         1662    .text.Settings_Init  settings.o
    0x080068c6   0x080068c6   0x00000002   PAD
    0x080068c8   0x080068c8   0x0000009c   Code   RO         1664    .text.Settings_Load  settings.o
    0x08006964   0x08006964   0x0000005a   Code   RO         1666    .text.Settings_Save  settings.o
    0x080069be   0x080069be   0x00000002   PAD
    0x080069c0   0x080069c0   0x00000004   Code   RO          128    .text.SysTick_Handler  stm32l1xx_it.o
    0x080069c4   0x080069c4   0x000000ac   Code   RO           13    .text.SystemClock_Config  main.o
    0x08006a70   0x08006a70   0x00000002   Code   RO         1293    .text.SystemInit    system_stm32l1xx.o
    0x08006a72   0x08006a72   0x00000002   PAD
    0x08006a74   0x08006a74   0x0000001c   Code   RO          140    .text.TIM7_IRQHandler  stm32l1xx_it.o
    0x08006a90   0x08006a90   0x000000fa   Code   RO         1116    .text.TIM_SlaveTimer_SetConfig  stm32l1xx_hal_tim.o
    0x08006b8a   0x08006b8a   0x00000002   PAD
    0x08006b8c   0x08006b8c   0x0000004a   Code   RO         1502    .text.UART_BT_IdleCallback  uart_bluetooth.o
    0x08006bd6   0x08006bd6   0x00000002   PAD
    0x08006bd8   0x08006bd8   0x00000052   Code   RO         1494    .text.UART_BT_Init  uart_bluetooth.o
    0x08006c2a   0x08006c2a   0x00000002   PAD
    0x08006c2c   0x08006c2c   0x0000000a   Code   RO         1253    .text.UART_DMAAbortOnError  stm32l1xx_hal_uart.o
    0x08006c36   0x08006c36   0x00000002   PAD
    0x08006c38   0x08006c38   0x0000017c   Code   RO         1203    .text.UART_DMAError  stm32l1xx_hal_uart.o
    0x08006db4   0x08006db4   0x0000015e   Code   RO         1281    .text.UART_DMAReceiveCplt  stm32l1xx_hal_uart.o
    0x08006f12   0x08006f12   0x00000002   PAD
    0x08006f14   0x08006f14   0x00000018   Code   RO         1283    .text.UART_DMARxHalfCplt  stm32l1xx_hal_uart.o
    0x08006f2c   0x08006f2c   0x000000fe   Code   RO         1251    .text.UART_Receive_IT  stm32l1xx_hal_uart.o
    0x0800702a   0x0800702a   0x00000002   PAD
    0x0800702c   0x0800702c   0x000000e0   Code   RO         1175    .text.UART_SetConfig  stm32l1xx_hal_uart.o
    0x0800710c   0x0800710c   0x00000038   Code   RO          136    .text.USART1_IRQHandler  stm32l1xx_it.o
    0x08007144   0x08007144   0x00000050   Code   RO         1408    .text.USBD_CDC_DataIn  usbd_cdc.o
    0x08007194   0x08007194   0x00000030   Code   RO         1410    .text.USBD_CDC_DataOut  usbd_cdc.o
    0x080071c4   0x080071c4   0x00000042   Code   RO         1402    .text.USBD_CDC_DeInit  usbd_cdc.o
    0x08007206   0x08007206   0x00000002   PAD
    0x08007208   0x08007208   0x0000002c   Code   RO         1406    .text.USBD_CDC_EP0_RxReady  usbd_cdc.o
    0x08007234   0x08007234   0x00000010   Code   RO         1418    .text.USBD_CDC_GetDeviceQualifierDescriptor  usbd_cdc.o
    0x08007244   0x08007244   0x00000010   Code   RO         1414    .text.USBD_CDC_GetFSCfgDesc  usbd_cdc.o
    0x08007254   0x08007254   0x00000010   Code   RO         1412    .text.USBD_CDC_GetHSCfgDesc  usbd_cdc.o
    0x08007264   0x08007264   0x00000010   Code   RO         1416    .text.USBD_CDC_GetOtherSpeedCfgDesc  usbd_cdc.o
    0x08007274   0x08007274   0x00000082   Code   RO         1400    .text.USBD_CDC_Init  usbd_cdc.o
    0x080072f6   0x080072f6   0x00000002   PAD
    0x080072f8   0x080072f8   0x0000002c   Code   RO         1428    .text.USBD_CDC_ReceivePacket  usbd_cdc.o
    0x08007324   0x08007324   0x0000000e   Code   RO         1420    .text.USBD_CDC_RegisterInterface  usbd_cdc.o
    0x08007332   0x08007332   0x00000002   PAD
    0x08007334   0x08007334   0x0000000c   Code   RO         1424    .text.USBD_CDC_SetRxBuffer  usbd_cdc.o
    0x08007340   0x08007340   0x00000010   Code   RO         1422    .text.USBD_CDC_SetTxBuffer  usbd_cdc.o
    0x08007350   0x08007350   0x000000c6   Code   RO         1404    .text.USBD_CDC_Setup  usbd_cdc.o
    0x08007416   0x08007416   0x00000002   PAD
    0x08007418   0x08007418   0x0000000e   Code   RO         1323    .text.USBD_ClrClassConfig  usbd_core.o
    0x08007426   0x08007426   0x00000002   PAD
    0x08007428   0x08007428   0x00000010   Code   RO         1384    .text.USBD_CtlContinueRx  usbd_ioreq.o
    0x08007438   0x08007438   0x00000010   Code   RO         1380    .text.USBD_CtlContinueSendData  usbd_ioreq.o
    0x08007448   0x08007448   0x00000016   Code   RO         1359    .text.USBD_CtlError  usbd_ctlreq.o
    0x0800745e   0x0800745e   0x00000002   PAD
    0x08007460   0x08007460   0x0000001a   Code   RO         1382    .text.USBD_CtlPrepareRx  usbd_ioreq.o
    0x0800747a   0x0800747a   0x00000002   PAD
    0x0800747c   0x0800747c   0x00000016   Code   RO         1388    .text.USBD_CtlReceiveStatus  usbd_ioreq.o
    0x08007492   0x08007492   0x00000002   PAD
    0x08007494   0x08007494   0x0000001a   Code   RO         1378    .text.USBD_CtlSendData  usbd_ioreq.o
    0x080074ae   0x080074ae   0x00000002   PAD
    0x080074b0   0x080074b0   0x00000016   Code   RO         1386    .text.USBD_CtlSendStatus  usbd_ioreq.o
    0x080074c6   0x080074c6   0x00000002   PAD
    0x080074c8   0x080074c8   0x00000024   Code   RO          176    .text.USBD_FS_ConfigStrDescriptor  usbd_desc.o
    0x080074ec   0x080074ec   0x0000000e   Code   RO          166    .text.USBD_FS_DeviceDescriptor  usbd_desc.o
    0x080074fa   0x080074fa   0x00000002   PAD
    0x080074fc   0x080074fc   0x00000028   Code   RO          178    .text.USBD_FS_InterfaceStrDescriptor  usbd_desc.o
    0x08007524   0x08007524   0x0000000e   Code   RO          168    .text.USBD_FS_LangIDStrDescriptor  usbd_desc.o
    0x08007532   0x08007532   0x00000002   PAD
    0x08007534   0x08007534   0x0000002c   Code   RO          170    .text.USBD_FS_ManufacturerStrDescriptor  usbd_desc.o
    0x08007560   0x08007560   0x00000030   Code   RO          172    .text.USBD_FS_ProductStrDescriptor  usbd_desc.o
    0x08007590   0x08007590   0x0000016e   Code   RO          174    .text.USBD_FS_SerialStrDescriptor  usbd_desc.o
    0x080076fe   0x080076fe   0x00000002   PAD
    0x08007700   0x08007700   0x000000d2   Code   RO         1367    .text.USBD_GetString  usbd_ctlreq.o
    0x080077d2   0x080077d2   0x00000002   PAD
    0x080077d4   0x080077d4   0x00000030   Code   RO         1309    .text.USBD_Init     usbd_core.o
    0x08007804   0x08007804   0x00000022   Code   RO          258    .text.USBD_LL_ClearStallEP  usbd_conf.o
    0x08007826   0x08007826   0x00000002   PAD
    0x08007828   0x08007828   0x00000022   Code   RO          252    .text.USBD_LL_CloseEP  usbd_conf.o
    0x0800784a   0x0800784a   0x00000002   PAD
    0x0800784c   0x0800784c   0x000000ca   Code   RO         1329    .text.USBD_LL_DataInStage  usbd_core.o
    0x08007916   0x08007916   0x00000002   PAD
    0x08007918   0x08007918   0x0000007c   Code   RO         1327    .text.USBD_LL_DataOutStage  usbd_core.o
    0x08007994   0x08007994   0x00000008   Code   RO          268    .text.USBD_LL_GetRxDataSize  usbd_conf.o
    0x0800799c   0x0800799c   0x00000088   Code   RO          242    .text.USBD_LL_Init  usbd_conf.o
    0x08007a24   0x08007a24   0x0000002a   Code   RO          260    .text.USBD_LL_IsStallEP  usbd_conf.o
    0x08007a4e   0x08007a4e   0x00000002   PAD
    0x08007a50   0x08007a50   0x00000028   Code   RO          250    .text.USBD_LL_OpenEP  usbd_conf.o
    0x08007a78   0x08007a78   0x00000022   Code   RO          266    .text.USBD_LL_PrepareReceive  usbd_conf.o
    0x08007a9a   0x08007a9a   0x00000002   PAD
    0x08007a9c   0x08007a9c   0x00000054   Code   RO         1331    .text.USBD_LL_Reset  usbd_core.o
    0x08007af0   0x08007af0   0x0000000e   Code   RO         1337    .text.USBD_LL_Resume  usbd_core.o
    0x08007afe   0x08007afe   0x00000002   PAD
    0x08007b00   0x08007b00   0x0000001c   Code   RO         1339    .text.USBD_LL_SOF   usbd_core.o
    0x08007b1c   0x08007b1c   0x00000008   Code   RO         1333    .text.USBD_LL_SetSpeed  usbd_core.o
    0x08007b24   0x08007b24   0x00000022   Code   RO          262    .text.USBD_LL_SetUSBAddress  usbd_conf.o
    0x08007b46   0x08007b46   0x00000002   PAD
    0x08007b48   0x08007b48   0x0000005c   Code   RO         1325    .text.USBD_LL_SetupStage  usbd_core.o
    0x08007ba4   0x08007ba4   0x00000022   Code   RO          256    .text.USBD_LL_StallEP  usbd_conf.o
    0x08007bc6   0x08007bc6   0x00000002   PAD
    0x08007bc8   0x08007bc8   0x00000022   Code   RO          246    .text.USBD_LL_Start  usbd_conf.o
    0x08007bea   0x08007bea   0x00000002   PAD
    0x08007bec   0x08007bec   0x00000014   Code   RO         1335    .text.USBD_LL_Suspend  usbd_core.o
    0x08007c00   0x08007c00   0x00000022   Code   RO          264    .text.USBD_LL_Transmit  usbd_conf.o
    0x08007c22   0x08007c22   0x00000002   PAD
    0x08007c24   0x08007c24   0x00000016   Code   RO         1365    .text.USBD_ParseSetupRequest  usbd_ctlreq.o
    0x08007c3a   0x08007c3a   0x00000002   PAD
    0x08007c3c   0x08007c3c   0x0000000e   Code   RO         1313    .text.USBD_RegisterClass  usbd_core.o
    0x08007c4a   0x08007c4a   0x00000002   PAD
    0x08007c4c   0x08007c4c   0x0000001c   Code   RO         1321    .text.USBD_SetClassConfig  usbd_core.o
    0x08007c68   0x08007c68   0x0000000a   Code   RO         1315    .text.USBD_Start    usbd_core.o
    0x08007c72   0x08007c72   0x00000002   PAD
    0x08007c74   0x08007c74   0x000002dc   Code   RO         1357    .text.USBD_StdDevReq  usbd_ctlreq.o
    0x08007f50   0x08007f50   0x00000130   Code   RO         1363    .text.USBD_StdEPReq  usbd_ctlreq.o
    0x08008080   0x08008080   0x0000005e   Code   RO         1361    .text.USBD_StdItfReq  usbd_ctlreq.o
    0x080080de   0x080080de   0x00000002   PAD
    0x080080e0   0x080080e0   0x00000002   Code   RO          274    .text.USBD_static_free  usbd_conf.o
    0x080080e2   0x080080e2   0x00000002   PAD
    0x080080e4   0x080080e4   0x0000000a   Code   RO          272    .text.USBD_static_malloc  usbd_conf.o
    0x080080ee   0x080080ee   0x00000002   PAD
    0x080080f0   0x080080f0   0x00000322   Code   RO          392    .text.USB_ActivateEndpoint  stm32l1xx_ll_usb.o
    0x08008412   0x08008412   0x00000002   PAD
    0x08008414   0x08008414   0x000000e2   Code   RO          394    .text.USB_DeactivateEndpoint  stm32l1xx_ll_usb.o
    0x080084f6   0x080084f6   0x00000002   PAD
    0x080084f8   0x080084f8   0x00000004   Code   RO          410    .text.USB_DevConnect  stm32l1xx_ll_usb.o
    0x080084fc   0x080084fc   0x0000001a   Code   RO          386    .text.USB_DevInit   stm32l1xx_ll_usb.o
    0x08008516   0x08008516   0x00000002   PAD
    0x08008518   0x08008518   0x00000014   Code   RO          382    .text.USB_DisableGlobalInt  stm32l1xx_ll_usb.o
    0x0800852c   0x0800852c   0x00000078   Code   RO          402    .text.USB_EPClearStall  stm32l1xx_ll_usb.o
    0x080085a4   0x080085a4   0x00000032   Code   RO          400    .text.USB_EPSetStall  stm32l1xx_ll_usb.o
    0x080085d6   0x080085d6   0x00000002   PAD
    0x080085d8   0x080085d8   0x00000686   Code   RO          396    .text.USB_EPStartXfer  stm32l1xx_ll_usb.o
    0x08008c5e   0x08008c5e   0x00000002   PAD
    0x08008c60   0x08008c60   0x00000012   Code   RO          380    .text.USB_EnableGlobalInt  stm32l1xx_ll_usb.o
    0x08008c72   0x08008c72   0x00000002   PAD
    0x08008c74   0x08008c74   0x0000000c   Code   RO          134    .text.USB_LP_IRQHandler  stm32l1xx_it.o
    0x08008c80   0x08008c80   0x00000014   Code   RO         1537    .text.USB_Output_Init  usb_output.o
    0x08008c94   0x08008c94   0x00000006   Code   RO          414    .text.USB_ReadInterrupts  stm32l1xx_ll_usb.o
    0x08008c9a   0x08008c9a   0x00000002   PAD
    0x08008c9c   0x08008c9c   0x000000b4   Code   RO          420    .text.USB_ReadPMA   stm32l1xx_ll_usb.o
    0x08008d50   0x08008d50   0x0000000e   Code   RO          408    .text.USB_SetDevAddress  stm32l1xx_ll_usb.o
    0x08008d5e   0x08008d5e   0x00000002   PAD
    0x08008d60   0x08008d60   0x0000009a   Code   RO          398    .text.USB_WritePMA  stm32l1xx_ll_usb.o
    0x08008dfa   0x08008dfa   0x00000002   PAD
    0x08008dfc   0x08008dfc   0x00000002   Code   RO          120    .text.UsageFault_Handler  stm32l1xx_it.o
    0x08008dfe   0x08008dfe   0x00000002   PAD
    0x08008e00   0x08008e00   0x00000096   Code   RO           11    .text.main          main.o
    0x08008e96   0x08008e96   0x00000028   Code   RO         1907    i.__ARM_fpclassify  m_ws.l(fpclassify.o)
    0x08008ebe   0x08008ebe   0x000000aa   Code   RO         1909    i.__kernel_poly     m_ws.l(poly.o)
    0x08008f68   0x08008f68   0x00000010   Code   RO         1893    i.__mathlib_dbl_divzero  m_ws.l(dunder.o)
    0x08008f78   0x08008f78   0x00000004   Code   RO         1895    i.__mathlib_dbl_infnan2  m_ws.l(dunder.o)
    0x08008f7c   0x08008f7c   0x0000000c   Code   RO         1896    i.__mathlib_dbl_invalid  m_ws.l(dunder.o)
    0x08008f88   0x08008f88   0x0000000e   Code   RO         1897    i.__mathlib_dbl_overflow  m_ws.l(dunder.o)
    0x08008f96   0x08008f96   0x00000002   PAD
    0x08008f98   0x08008f98   0x00000010   Code   RO         1899    i.__mathlib_dbl_underflow  m_ws.l(dunder.o)
    0x08008fa8   0x08008fa8   0x0000007c   Code   RO         1758    i.floorf            m_ws.l(floorf.o)
    0x08009024   0x08009024   0x000009ec   Code   RO         1762    i.pow               m_ws.l(pow.o)
    0x08009a10   0x08009a10   0x0000004c   Code   RO         1913    i.sqrt              m_ws.l(sqrt.o)
    0x08009a5c   0x08009a5c   0x00000150   Code   RO         1713    x$fpl$dadd          fz_ws.l(daddsub_clz.o)
    0x08009bac   0x08009bac   0x00000010   Code   RO         1956    x$fpl$dcheck1       fz_ws.l(dcheck1.o)
    0x08009bbc   0x08009bbc   0x00000018   Code   RO         2016    x$fpl$dcmpinf       fz_ws.l(dcmpi.o)
    0x08009bd4   0x08009bd4   0x000002b8   Code   RO         1863    x$fpl$ddiv          fz_ws.l(ddiv.o)
    0x08009e8c   0x08009e8c   0x0000005a   Code   RO         1719    x$fpl$dfixu         fz_ws.l(dfixu.o)
    0x08009ee6   0x08009ee6   0x0000002e   Code   RO         1724    x$fpl$dflt          fz_ws.l(dflt_clz.o)
    0x08009f14   0x08009f14   0x00000026   Code   RO         1723    x$fpl$dfltu         fz_ws.l(dflt_clz.o)
    0x08009f3a   0x08009f3a   0x00000002   PAD
    0x08009f3c   0x08009f3c   0x00000078   Code   RO         1958    x$fpl$dleqf         fz_ws.l(dleqf.o)
    0x08009fb4   0x08009fb4   0x00000154   Code   RO         1729    x$fpl$dmul          fz_ws.l(dmul.o)
    0x0800a108   0x0800a108   0x0000009c   Code   RO         1866    x$fpl$dnaninf       fz_ws.l(dnaninf.o)
    0x0800a1a4   0x0800a1a4   0x0000000c   Code   RO         1868    x$fpl$dretinf       fz_ws.l(dretinf.o)
    0x0800a1b0   0x0800a1b0   0x0000006c   Code   RO         1870    x$fpl$drleqf        fz_ws.l(drleqf.o)
    0x0800a21c   0x0800a21c   0x00000016   Code   RO         1714    x$fpl$drsb          fz_ws.l(daddsub_clz.o)
    0x0800a232   0x0800a232   0x00000002   PAD
    0x0800a234   0x0800a234   0x000001cc   Code   RO         1960    x$fpl$dsqrt         fz_ws.l(dsqrt_noumaal.o)
    0x0800a400   0x0800a400   0x000001dc   Code   RO         1715    x$fpl$dsub          fz_ws.l(daddsub_clz.o)
    0x0800a5dc   0x0800a5dc   0x00000056   Code   RO         1731    x$fpl$f2d           fz_ws.l(f2d.o)
    0x0800a632   0x0800a632   0x00000002   PAD
    0x0800a634   0x0800a634   0x000000c4   Code   RO         1733    x$fpl$fadd          fz_ws.l(faddsub_clz.o)
    0x0800a6f8   0x0800a6f8   0x00000054   Code   RO         1739    x$fpl$fcmp          fz_ws.l(fcmp.o)
    0x0800a74c   0x0800a74c   0x00000018   Code   RO         1962    x$fpl$fcmpinf       fz_ws.l(fcmpi.o)
    0x0800a764   0x0800a764   0x00000184   Code   RO         1742    x$fpl$fdiv          fz_ws.l(fdiv.o)
    0x0800a8e8   0x0800a8e8   0x00000068   Code   RO         1872    x$fpl$feqf          fz_ws.l(feqf.o)
    0x0800a950   0x0800a950   0x00000036   Code   RO         1745    x$fpl$ffix          fz_ws.l(ffix.o)
    0x0800a986   0x0800a986   0x00000002   PAD
    0x0800a988   0x0800a988   0x00000030   Code   RO         1750    x$fpl$fflt          fz_ws.l(fflt_clz.o)
    0x0800a9b8   0x0800a9b8   0x00000026   Code   RO         1749    x$fpl$ffltu         fz_ws.l(fflt_clz.o)
    0x0800a9de   0x0800a9de   0x00000002   PAD
    0x0800a9e0   0x0800a9e0   0x00000068   Code   RO         1874    x$fpl$fgeqf         fz_ws.l(fgeqf.o)
    0x0800aa48   0x0800aa48   0x00000068   Code   RO         1876    x$fpl$fleqf         fz_ws.l(fleqf.o)
    0x0800aab0   0x0800aab0   0x00000102   Code   RO         1755    x$fpl$fmul          fz_ws.l(fmul.o)
    0x0800abb2   0x0800abb2   0x0000008c   Code   RO         1878    x$fpl$fnaninf       fz_ws.l(fnaninf.o)
    0x0800ac3e   0x0800ac3e   0x0000000a   Code   RO         1880    x$fpl$fretinf       fz_ws.l(fretinf.o)
    0x0800ac48   0x0800ac48   0x000000ea   Code   RO         1735    x$fpl$fsub          fz_ws.l(faddsub_clz.o)
    0x0800ad32   0x0800ad32   0x00000064   Code   RO         2020    x$fpl$retnan        fz_ws.l(retnan.o)
    0x0800ad96   0x0800ad96   0x0000005c   Code   RO         1890    x$fpl$scalbn        fz_ws.l(scalbn.o)
    0x0800adf2   0x0800adf2   0x00000030   Code   RO         2078    x$fpl$trapveneer    fz_ws.l(trapv.o)
    0x0800ae22   0x0800ae22   0x00000000   Code   RO         1892    x$fpl$usenofp       fz_ws.l(usenofp.o)
    0x0800ae22   0x0800ae22   0x00000006   PAD
    0x0800ae28   0x0800ae28   0x00000088   Data   RO         1763    .constdata          m_ws.l(pow.o)
    0x0800aeb0   0x0800aeb0   0x00000008   Data   RO         1911    .constdata          m_ws.l(qnan.o)
    0x0800aeb8   0x0800aeb8   0x00000005   Data   RO         1484    .rodata..L__const.LCD_Display_Dot.seg_positions  lcd_display.o
    0x0800aebd   0x0800aebd   0x00000003   PAD
    0x0800aec0   0x0800aec0   0x00000014   Data   RO         1653    .rodata..Lswitch.table.Power_SensorOn  power_mgmt.o
    0x0800aed4   0x0800aed4   0x00000010   Data   RO         1299    .rodata.AHBPrescTable  system_stm32l1xx.o
    0x0800aee4   0x0800aee4   0x00000008   Data   RO         1300    .rodata.APBPrescTable  system_stm32l1xx.o
    0x0800aeec   0x0800aeec   0x00000028   Data   RO         1485    .rodata.DISP_NUM_TAB  lcd_display.o
    0x0800af14   0x0800af14   0x00000009   Data   RO         1298    .rodata.PLLMulTable  system_stm32l1xx.o
    0x0800af1d   0x0800af1d   0x00000003   PAD
    0x0800af20   0x0800af20   0x00000020   Data   RO         2166    Region$$Table       anon$$obj.o


    Execution Region RW_IRAM1 (Exec base: 0x20000000, Load base: 0x0800af40, Size: 0x00001fa8, Max: 0x00008000, ABSOLUTE, COMPRESSED[0x000000c0])

    Exec Addr    Load Addr    Size         Type   Attr      Idx    E Section Name        Object

    0x20000000   COMPRESSED   0x00000008   Data   RW          481    .data..L_MergedGlobals  stm32l1xx_hal.o
    0x20000008   COMPRESSED   0x0000001c   Data   RW          180    .data.FS_Desc       usbd_desc.o
    0x20000024   COMPRESSED   0x00000004   Data   RW         1297    .data.SystemCoreClock  system_stm32l1xx.o
    0x20000028   COMPRESSED   0x00000038   Data   RW         1430    .data.USBD_CDC      usbd_cdc.o
    0x20000060   COMPRESSED   0x00000043   Data   RW         1432    .data.USBD_CDC_CfgFSDesc  usbd_cdc.o
    0x200000a3   COMPRESSED   0x00000001   PAD
    0x200000a4   COMPRESSED   0x00000043   Data   RW         1431    .data.USBD_CDC_CfgHSDesc  usbd_cdc.o
    0x200000e7   COMPRESSED   0x00000001   PAD
    0x200000e8   COMPRESSED   0x0000000a   Data   RW         1434    .data.USBD_CDC_DeviceQualifierDesc  usbd_cdc.o
    0x200000f2   COMPRESSED   0x00000002   PAD
    0x200000f4   COMPRESSED   0x00000043   Data   RW         1433    .data.USBD_CDC_OtherSpeedCfgDesc  usbd_cdc.o
    0x20000137   COMPRESSED   0x00000001   PAD
    0x20000138   COMPRESSED   0x00000012   Data   RW          181    .data.USBD_FS_DeviceDesc  usbd_desc.o
    0x2000014a   COMPRESSED   0x00000002   PAD
    0x2000014c   COMPRESSED   0x00000010   Data   RW          203    .data.USBD_Interface_fops_FS  usbd_cdc_if.o
    0x2000015c   COMPRESSED   0x00000004   Data   RW          182    .data.USBD_LangIDDesc  usbd_desc.o
    0x20000160   COMPRESSED   0x0000001a   Data   RW          183    .data.USBD_StringSerial  usbd_desc.o
    0x2000017a   COMPRESSED   0x00000001   Data   RW         1618    .data.last_avg_setting  measurement.o
    0x2000017b   COMPRESSED   0x00000005   PAD
    0x20000180        -       0x00000060   Zero   RW         1965    .bss                c_w.l(libspace.o)
    0x200001e0        -       0x00000028   Zero   RW         1455    .bss..L_MergedGlobals  battery_monitor.o
    0x20000208        -       0x00000004   Zero   RW         1512    .bss..L_MergedGlobals  uart_bluetooth.o
    0x2000020c        -       0x00000024   Zero   RW         1570    .bss..L_MergedGlobals  app_main.o
    0x20000230        -       0x00000048   Zero   RW         1591    .bss..L_MergedGlobals  key_scan.o
    0x20000278        -       0x00000074   Zero   RW         1619    .bss..L_MergedGlobals  measurement.o
    0x200002ec        -       0x00000018   Zero   RW         1691    .bss..L_MergedGlobals  sensor_gpio.o
    0x20000304        -       0x00000001   Zero   RW         1369    .bss.USBD_SetConfig.cfgidx  usbd_ctlreq.o
    0x20000305   COMPRESSED   0x00000003   PAD
    0x20000308        -       0x00000200   Zero   RW          184    .bss.USBD_StrDesc   usbd_desc.o
    0x20000508        -       0x00000220   Zero   RW          277    .bss.USBD_static_malloc.mem  usbd_conf.o
    0x20000728        -       0x00000400   Zero   RW          204    .bss.UserRxBufferFS  usbd_cdc_if.o
    0x20000b28        -       0x00000400   Zero   RW          205    .bss.UserTxBufferFS  usbd_cdc_if.o
    0x20000f28        -       0x0000029c   Zero   RW          159    .bss.hUsbDeviceFS   usb_device.o
    0x200011c4        -       0x00000054   Zero   RW           43    .bss.hadc           adc.o
    0x20001218        -       0x00000044   Zero   RW          102    .bss.hdma_usart1_rx  usart.o
    0x2000125c        -       0x00000044   Zero   RW          103    .bss.hdma_usart1_tx  usart.o
    0x200012a0        -       0x0000003c   Zero   RW           66    .bss.hlcd           lcd.o
    0x200012dc        -       0x000002d4   Zero   RW          276    .bss.hpcd_USB_FS    usbd_conf.o
    0x200015b0        -       0x00000040   Zero   RW           85    .bss.htim5          tim.o
    0x200015f0        -       0x00000040   Zero   RW           86    .bss.htim7          tim.o
    0x20001630        -       0x00000048   Zero   RW          101    .bss.huart1         usart.o
    0x20001678        -       0x00000004   Zero   RW         1652    .bss.last_activity_time  power_mgmt.o
    0x2000167c        -       0x00000018   Zero   RW          574    .bss.pFlash         stm32l1xx_hal_flash.o
    0x20001694        -       0x00000010   Zero   RW         1672    .bss.system_settings  settings.o
    0x200016a4        -       0x00000100   Zero   RW         1511    .bss.uart_rx_buffer  uart_bluetooth.o
    0x200017a4        -       0x00000100   Zero   RW         1510    .bss.uart_tx_buffer  uart_bluetooth.o
    0x200018a4        -       0x00000100   Zero   RW         1547    .bss.usb_tx_buffer  usb_output.o
    0x200019a4        -       0x00000004   Zero   RW          480    .bss.uwTick         stm32l1xx_hal.o
    0x200019a8        -       0x00000200   Zero   RW            2    HEAP                startup_stm32l152xc.o
    0x20001ba8        -       0x00000400   Zero   RW            1    STACK               startup_stm32l152xc.o


==============================================================================

Image component sizes


      Code (inc. data)   RO Data    RW Data    ZI Data      Debug   Object Name

       200          0          0          0         84       4731   adc.o
      2602         64          0          0         36      10923   app_main.o
        40          0          0          0         40       5199   battery_monitor.o
        32          0          0          0          0       1013   dma.o
       280          0          0          0          0       1919   gpio.o
       770          0          0          0         72       5740   key_scan.o
       288          0          0          0         60       3402   lcd.o
      3204        128         45          0          0      11793   lcd_display.o
       360          0          0          0          0       5467   main.o
       930          8          0          1        116       5753   measurement.o
       418         16         20          0          4       7497   power_mgmt.o
       726          0          0          0         24       6072   sensor_gpio.o
       298          0          0          0         16       3501   settings.o
        64         26        292          0       1536        828   startup_stm32l152xc.o
       260          0          0          8          4       5992   stm32l1xx_hal.o
      1564          0          0          0          0      13158   stm32l1xx_hal_adc.o
       238          0          0          0          0      10056   stm32l1xx_hal_cortex.o
       650          0          0          0          0       7443   stm32l1xx_hal_dma.o
       288          0          0          0         24       4882   stm32l1xx_hal_flash.o
       316         20          0          0          0      12890   stm32l1xx_hal_flash_ex.o
       722          0          0          0          0       4485   stm32l1xx_hal_gpio.o
       692          0          0          0          0       5462   stm32l1xx_hal_lcd.o
        74          0          0          0          0       1093   stm32l1xx_hal_msp.o
      3302          0          0          0          0      16267   stm32l1xx_hal_pcd.o
        76          0          0          0          0       4141   stm32l1xx_hal_pcd_ex.o
        36          0          0          0          0       4170   stm32l1xx_hal_pwr.o
      1982          0          0          0          0       8969   stm32l1xx_hal_rcc.o
       390          0          0          0          0       3818   stm32l1xx_hal_rcc_ex.o
      2078         14          0          0          0      52858   stm32l1xx_hal_tim.o
       126          0          0          0          0       4324   stm32l1xx_hal_tim_ex.o
      3698          0          0          0          0      32055   stm32l1xx_hal_uart.o
       148          0          0          0          0       6569   stm32l1xx_it.o
      3290          6          0          0          0      20304   stm32l1xx_ll_usb.o
         2          0         33          4          0       1901   system_stm32l1xx.o
       474          0          0          0        128       7788   tim.o
       186          0          0          0        516       5574   uart_bluetooth.o
       280          0          0          0        208       5992   usart.o
       114          0          0          0        668       2955   usb_device.o
        20          0          0          0        256       2259   usb_output.o
       716          0          0        267          0      10133   usbd_cdc.o
        80          0          0         16       2048       4441   usbd_cdc_if.o
       692          0          0          0       1268      16508   usbd_conf.o
       686          0          0          0          0       7906   usbd_core.o
      1384         36          0          0          1       8970   usbd_ctlreq.o
       562         72          0         76        512       4182   usbd_desc.o
       128          0          0          0          0       4455   usbd_ioreq.o

    ----------------------------------------------------------------------
     35714        390        428        380       7628     375838   Object Totals
         0          0         32          0          0          0   (incl. Generated)
       248          0          6          8          7          0   (incl. Padding)

    ----------------------------------------------------------------------

      Code (inc. data)   RO Data    RW Data    ZI Data      Debug   Library Member Name

        90          0          0          0          0          0   __dczerorl2.o
         8          0          0          0          0         68   __main.o
         0          0          0          0          0          0   __rtentry.o
        12          0          0          0          0          0   __rtentry2.o
         6          0          0          0          0          0   __rtentry4.o
        94          8          0          0          0          0   __scatter.o
        28          0          0          0          0          0   __scatter_zi.o
        22          0          0          0          0        100   _rserrno.o
        18          0          0          0          0         80   exit.o
         6          0          0          0          0        152   heapauxi.o
         0          0          0          0          0          0   indicate_semi.o
         2          0          0          0          0          0   libinit.o
         2          0          0          0          0          0   libinit2.o
         2          0          0          0          0          0   libshutdown.o
         2          0          0          0          0          0   libshutdown2.o
         8          4          0          0         96         68   libspace.o
         8          4          0          0          0         68   rt_errno_addr_intlibspace.o
        78          0          0          0          0         80   rt_memclr_w.o
         2          0          0          0          0          0   rtexit.o
        10          0          0          0          0          0   rtexit2.o
        12          4          0          0          0         68   sys_exit.o
        74          0          0          0          0         80   sys_stackheap_outer.o
         2          0          0          0          0         68   use_no_semi.o
       834         16          0          0          0        372   daddsub_clz.o
        16          4          0          0          0         68   dcheck1.o
        24          0          0          0          0         68   dcmpi.o
       696        140          0          0          0        216   ddiv.o
        90          4          0          0          0         92   dfixu.o
        84          0          0          0          0        136   dflt_clz.o
       120          4          0          0          0         92   dleqf.o
       340         12          0          0          0        104   dmul.o
       156          4          0          0          0         92   dnaninf.o
        12          0          0          0          0         68   dretinf.o
       108          0          0          0          0         80   drleqf.o
       460         56          0          0          0        120   dsqrt_noumaal.o
        86          4          0          0          0         84   f2d.o
       430          8          0          0          0        168   faddsub_clz.o
        84          0          0          0          0        196   fcmp.o
        24          0          0          0          0         68   fcmpi.o
       388         76          0          0          0         96   fdiv.o
       104          4          0          0          0         84   feqf.o
        54          4          0          0          0         84   ffix.o
        86          0          0          0          0        136   fflt_clz.o
       104          4          0          0          0         84   fgeqf.o
       104          4          0          0          0         84   fleqf.o
       258          4          0          0          0         84   fmul.o
       140          4          0          0          0         84   fnaninf.o
        10          0          0          0          0         68   fretinf.o
       100          0          0          0          0         68   retnan.o
        92          0          0          0          0         68   scalbn.o
        48          0          0          0          0         68   trapv.o
         0          0          0          0          0          0   usenofp.o
        62         10          0          0          0        340   dunder.o
       124         12          0          0          0         84   floorf.o
        40          0          0          0          0         68   fpclassify.o
       170          0          0          0          0         96   poly.o
      2540        188        136          0          0        332   pow.o
         0          0          8          0          0          0   qnan.o
        76          0          0          0          0         84   sqrt.o

    ----------------------------------------------------------------------
      8578        582        144          0         96       4868   Library Totals
        28          0          0          0          0          0   (incl. Padding)

    ----------------------------------------------------------------------

      Code (inc. data)   RO Data    RW Data    ZI Data      Debug   Library Name

       486         20          0          0         96        832   c_w.l
      5052        352          0          0          0       3032   fz_ws.l
      3012        210        144          0          0       1004   m_ws.l

    ----------------------------------------------------------------------
      8578        582        144          0         96       4868   Library Totals

    ----------------------------------------------------------------------

==============================================================================


      Code (inc. data)   RO Data    RW Data    ZI Data      Debug   

     44292        972        572        380       7724     377394   Grand Totals
     44292        972        572        192       7724     377394   ELF Image Totals (compressed)
     44292        972        572        192          0          0   ROM Totals

==============================================================================

    Total RO  Size (Code + RO Data)                44864 (  43.81kB)
    Total RW  Size (RW Data + ZI Data)              8104 (   7.91kB)
    Total ROM Size (Code + RO Data + RW Data)      45056 (  44.00kB)

==============================================================================

