<html>
<body>
<pre>
<h1>µVision Build Log</h1>
<h2>Tool Versions:</h2>
IDE-Version: ¦ÌVision V5.40.0.0
Copyright (C) 2024 ARM Ltd and ARM Germany GmbH. All rights reserved.
License Information: Atlas 3327291822@qq.com, Atlas, LIC=4ZLZX-HAKK9-UMR9A-17IGX-LA2NZ-21DWC
 
Tool Versions:
Toolchain:       MDK-ARM Professional  Version: 5.40.0.3
Toolchain Path:  D:\SOFTWARE\keil\ARM\ARMCLANG\Bin
C Compiler:      ArmClang.exe V6.22
Assembler:       Armasm.exe V6.22
Linker/Locator:  ArmLink.exe V6.22
Library Manager: ArmAr.exe V6.22
Hex Converter:   FromElf.exe V6.22
CPU DLL:         SARMCM3.DLL V5.40.0.3
Dialog DLL:      DCM.DLL V1.17.5.0
Target DLL:      STLink\ST-LINKIII-KEIL_SWO.dll V3.3.0.0
Dialog DLL:      TCM.DLL V1.56.4.0
 
<h2>Project:</h2>
G:\temp\soft\code\biao\biao\biao_two_M 202603202212\MDK-ARM\CUBEMX.PROJECT.uvprojx
Project File Date:  03/26/2026

<h2>Output:</h2>
*** Using Compiler 'V6.22', folder: 'D:\SOFTWARE\keil\ARM\ARMCLANG\Bin'
Build target 'CUBEMX.PROJECT'
compiling usb_device.c...
compiling dma.c...
compiling main.c...
compiling tim.c...
compiling gpio.c...
assembling startup_stm32l152xc.s...
compiling adc.c...
compiling stm32l1xx_it.c...
compiling lcd.c...
compiling stm32l1xx_hal_msp.c...
compiling usbd_cdc_if.c...
compiling stm32l1xx_hal_pcd_ex.c...
compiling usart.c...
compiling usbd_desc.c...
compiling usbd_conf.c...
compiling stm32l1xx_hal.c...
compiling stm32l1xx_hal_rcc_ex.c...
compiling stm32l1xx_hal_pcd.c...
compiling stm32l1xx_hal_flash.c...
compiling stm32l1xx_hal_flash_ramfunc.c...
compiling stm32l1xx_hal_rcc.c...
compiling stm32l1xx_hal_flash_ex.c...
compiling stm32l1xx_ll_usb.c...
compiling stm32l1xx_hal_pwr_ex.c...
compiling stm32l1xx_hal_pwr.c...
compiling stm32l1xx_hal_exti.c...
compiling stm32l1xx_hal_gpio.c...
compiling stm32l1xx_hal_cortex.c...
compiling stm32l1xx_hal_dma.c...
compiling stm32l1xx_hal_adc_ex.c...
compiling stm32l1xx_hal_lcd.c...
compiling stm32l1xx_hal_tim_ex.c...
compiling system_stm32l1xx.c...
compiling stm32l1xx_hal_adc.c...
compiling usbd_ioreq.c...
compiling usbd_cdc.c...
compiling usbd_core.c...
compiling usb_cdc_handler.c...
compiling usbd_ctlreq.c...
compiling battery_monitor.c...
compiling uart_bluetooth.c...
compiling lcd_display.c...
compiling usb_output.c...
compiling power_mgmt.c...
compiling key_scan.c...
compiling measurement.c...
compiling app_main.c...
compiling settings.c...
compiling sensor_gpio.c...
compiling stm32l1xx_hal_uart.c...
compiling stm32l1xx_hal_tim.c...
linking...
Program Size: Code=52204 RO-data=1132 RW-data=380 ZI-data=7724  
FromELF: creating hex file...
"CUBEMX.PROJECT\CUBEMX.PROJECT" - 0 Error(s), 0 Warning(s).

<h2>Software Packages used:</h2>

Package Vendor: ARM
                https://www.keil.com/pack/ARM.CMSIS.6.1.0.pack
                ARM::CMSIS@6.1.0
                CMSIS (Common Microcontroller Software Interface Standard)
   * Component: CORE Version: 6.1.0

Package Vendor: Keil
                http://www.keil.com/pack/Keil.STM32L1xx_DFP.1.2.0.pack
                Keil::STM32L1xx_DFP@1.2.0
                STMicroelectronics STM32L1 Series Device Support and Examples

<h2>Collection of Component include folders:</h2>
  ./RTE/_CUBEMX.PROJECT
  D:/SOFTWARE/keil/ARM/CMSIS/6.1.0/CMSIS/Core/Include
  D:/SOFTWARE/keil/Keil/STM32L1xx_DFP/1.2.0/Device/Include

<h2>Collection of Component Files used:</h2>

   * Component: ARM::CMSIS:CORE@6.1.0
      Include file:  CMSIS/Core/Include/tz_context.h
Build Time Elapsed:  00:00:02
</pre>
</body>
</html>
