Component: Arm Compiler for Embedded 6.22 Tool: armlink [5ee90200]

==============================================================================

Section Cross References

    startup_stm32f103xb.o(STACK) refers (Special) to heapauxi.o(.text) for __use_two_region_memory
    startup_stm32f103xb.o(HEAP) refers (Special) to heapauxi.o(.text) for __use_two_region_memory
    startup_stm32f103xb.o(RESET) refers (Special) to heapauxi.o(.text) for __use_two_region_memory
    startup_stm32f103xb.o(RESET) refers to startup_stm32f103xb.o(STACK) for __initial_sp
    startup_stm32f103xb.o(RESET) refers to startup_stm32f103xb.o(.text) for Reset_Handler
    startup_stm32f103xb.o(RESET) refers to stm32f1xx_it.o(.text.NMI_Handler) for NMI_Handler
    startup_stm32f103xb.o(RESET) refers to stm32f1xx_it.o(.text.HardFault_Handler) for HardFault_Handler
    startup_stm32f103xb.o(RESET) refers to stm32f1xx_it.o(.text.MemManage_Handler) for MemManage_Handler
    startup_stm32f103xb.o(RESET) refers to stm32f1xx_it.o(.text.BusFault_Handler) for BusFault_Handler
    startup_stm32f103xb.o(RESET) refers to stm32f1xx_it.o(.text.UsageFault_Handler) for UsageFault_Handler
    startup_stm32f103xb.o(RESET) refers to stm32f1xx_it.o(.text.SVC_Handler) for SVC_Handler
    startup_stm32f103xb.o(RESET) refers to stm32f1xx_it.o(.text.DebugMon_Handler) for DebugMon_Handler
    startup_stm32f103xb.o(RESET) refers to stm32f1xx_it.o(.text.PendSV_Handler) for PendSV_Handler
    startup_stm32f103xb.o(RESET) refers to stm32f1xx_it.o(.text.SysTick_Handler) for SysTick_Handler
    startup_stm32f103xb.o(RESET) refers to stm32f1xx_it.o(.text.DMA1_Channel1_IRQHandler) for DMA1_Channel1_IRQHandler
    startup_stm32f103xb.o(RESET) refers to stm32f1xx_it.o(.text.USART1_IRQHandler) for USART1_IRQHandler
    startup_stm32f103xb.o(.text) refers (Special) to heapauxi.o(.text) for __use_two_region_memory
    startup_stm32f103xb.o(.text) refers to system_stm32f1xx.o(.text.SystemInit) for SystemInit
    startup_stm32f103xb.o(.text) refers to __main.o(!!!main) for __main
    startup_stm32f103xb.o(.text) refers to startup_stm32f103xb.o(HEAP) for Heap_Mem
    startup_stm32f103xb.o(.text) refers to startup_stm32f103xb.o(STACK) for Stack_Mem
    main.o(.text) refers (Special) to _printf_percent.o(.ARM.Collect$$_printf_percent$$00000000) for _printf_percent
    main.o(.text) refers (Special) to _printf_u.o(.ARM.Collect$$_printf_percent$$0000000A) for _printf_u
    main.o(.text) refers (Special) to _printf_f.o(.ARM.Collect$$_printf_percent$$00000003) for _printf_f
    main.o(.text) refers (Special) to _printf_dec.o(.text) for _printf_int_dec
    main.o(.text) refers (Special) to printf1.o(x$fpl$printf1) for _printf_fp_dec
    main.o(.text.main) refers (Special) to _printf_percent.o(.ARM.Collect$$_printf_percent$$00000000) for _printf_percent
    main.o(.text.main) refers (Special) to _printf_u.o(.ARM.Collect$$_printf_percent$$0000000A) for _printf_u
    main.o(.text.main) refers (Special) to _printf_f.o(.ARM.Collect$$_printf_percent$$00000003) for _printf_f
    main.o(.text.main) refers (Special) to _printf_dec.o(.text) for _printf_int_dec
    main.o(.text.main) refers (Special) to printf1.o(x$fpl$printf1) for _printf_fp_dec
    main.o(.text.main) refers to stm32f1xx_hal.o(.text.HAL_Init) for HAL_Init
    main.o(.text.main) refers to stm32f1xx_hal_rcc.o(.text.HAL_RCC_OscConfig) for HAL_RCC_OscConfig
    main.o(.text.main) refers to stm32f1xx_hal_rcc.o(.text.HAL_RCC_ClockConfig) for HAL_RCC_ClockConfig
    main.o(.text.main) refers to stm32f1xx_hal_rcc_ex.o(.text.HAL_RCCEx_PeriphCLKConfig) for HAL_RCCEx_PeriphCLKConfig
    main.o(.text.main) refers to gpio.o(.text.MX_GPIO_Init) for MX_GPIO_Init
    main.o(.text.main) refers to dma.o(.text.MX_DMA_Init) for MX_DMA_Init
    main.o(.text.main) refers to adc.o(.text.MX_ADC1_Init) for MX_ADC1_Init
    main.o(.text.main) refers to i2c.o(.text.MX_I2C1_Init) for MX_I2C1_Init
    main.o(.text.main) refers to tim.o(.text.MX_TIM1_Init) for MX_TIM1_Init
    main.o(.text.main) refers to tim.o(.text.MX_TIM2_Init) for MX_TIM2_Init
    main.o(.text.main) refers to tim.o(.text.MX_TIM3_Init) for MX_TIM3_Init
    main.o(.text.main) refers to tim.o(.text.MX_TIM4_Init) for MX_TIM4_Init
    main.o(.text.main) refers to usart.o(.text.MX_USART1_UART_Init) for MX_USART1_UART_Init
    main.o(.text.main) refers to buzzer.o(.text.Buzzer_Init) for Buzzer_Init
    main.o(.text.main) refers to ultrasonic.o(.text.Ultrasonic_Init) for Ultrasonic_Init
    main.o(.text.main) refers to oled.o(.text.OLED_Init) for OLED_Init
    main.o(.text.main) refers to trace_follow.o(.text.TraceFollow_Init) for TraceFollow_Init
    main.o(.text.main) refers to trace_follow.o(.text.TraceFollow_SetSpeed) for TraceFollow_SetSpeed
    main.o(.text.main) refers to trace_follow.o(.text.TraceFollow_SetPid) for TraceFollow_SetPid
    main.o(.text.main) refers to trace_follow.o(.text.TraceFollow_SetServoCenter) for TraceFollow_SetServoCenter
[...]
    [Anonymous Symbol]                       0x08005be0   Section        0  ultrasonic.o(.text.Ultrasonic_Init)
    [Anonymous Symbol]                       0x08005c1c   Section        0  ultrasonic.o(.text.Ultrasonic_ReadDistanceCm)
    [Anonymous Symbol]                       0x08005d34   Section        0  stm32f1xx_it.o(.text.UsageFault_Handler)
    [Anonymous Symbol]                       0x08005d38   Section        0  main.o(.text.main)
    CL$$btod_d2e                             0x0800608c   Section       62  btod.o(CL$$btod_d2e)
    CL$$btod_d2e_denorm_low                  0x080060ca   Section       70  btod.o(CL$$btod_d2e_denorm_low)
    CL$$btod_d2e_norm_op1                    0x08006110   Section       96  btod.o(CL$$btod_d2e_norm_op1)
    CL$$btod_div_common                      0x08006170   Section      824  btod.o(CL$$btod_div_common)
    CL$$btod_e2e                             0x080064a8   Section      220  btod.o(CL$$btod_e2e)
    CL$$btod_ediv                            0x08006584   Section       42  btod.o(CL$$btod_ediv)
    CL$$btod_emul                            0x080065ae   Section       42  btod.o(CL$$btod_emul)
    CL$$btod_mult_common                     0x080065d8   Section      580  btod.o(CL$$btod_mult_common)
    i.__ARM_fpclassify                       0x0800681c   Section        0  fpclassify.o(i.__ARM_fpclassify)
    i._is_digit                              0x08006844   Section        0  __printf_wp.o(i._is_digit)
    locale$$code                             0x08006854   Section       44  lc_numeric_c.o(locale$$code)
    x$fpl$dretinf                            0x08006880   Section       12  dretinf.o(x$fpl$dretinf)
    x$fpl$f2d                                0x0800688c   Section       86  f2d.o(x$fpl$f2d)
    x$fpl$fadd                               0x080068e4   Section      196  faddsub_clz.o(x$fpl$fadd)
    _fadd1                                   0x080068f3   Thumb Code     0  faddsub_clz.o(x$fpl$fadd)
    x$fpl$fcmp                               0x080069a8   Section       84  fcmp.o(x$fpl$fcmp)
    x$fpl$fcmpinf                            0x080069fc   Section       24  fcmpi.o(x$fpl$fcmpinf)
    _fdiv1                                   0x08006a15   Thumb Code     0  fdiv.o(x$fpl$fdiv)
    x$fpl$fdiv                               0x08006a14   Section      388  fdiv.o(x$fpl$fdiv)
    x$fpl$feqf                               0x08006b98   Section      104  feqf.o(x$fpl$feqf)
    x$fpl$ffix                               0x08006c00   Section       54  ffix.o(x$fpl$ffix)
    x$fpl$fflt                               0x08006c38   Section       48  fflt_clz.o(x$fpl$fflt)
    x$fpl$ffltu                              0x08006c68   Section       38  fflt_clz.o(x$fpl$ffltu)
    x$fpl$fgeqf                              0x08006c90   Section      104  fgeqf.o(x$fpl$fgeqf)
    x$fpl$fleqf                              0x08006cf8   Section      104  fleqf.o(x$fpl$fleqf)
    x$fpl$fmul                               0x08006d60   Section      258  fmul.o(x$fpl$fmul)
    x$fpl$fnaninf                            0x08006e62   Section      140  fnaninf.o(x$fpl$fnaninf)
    x$fpl$fretinf                            0x08006eee   Section       10  fretinf.o(x$fpl$fretinf)
    x$fpl$fsub                               0x08006ef8   Section      234  faddsub_clz.o(x$fpl$fsub)
    _fsub1                                   0x08006f07   Thumb Code     0  faddsub_clz.o(x$fpl$fsub)
    x$fpl$printf1                            0x08006fe2   Section        4  printf1.o(x$fpl$printf1)
    maptable                                 0x08006fe6   Data          17  __printf_flags_ss_wp.o(.constdata)
    .constdata                               0x08006fe6   Section       17  __printf_flags_ss_wp.o(.constdata)
    x$fpl$usenofp                            0x08006fe6   Section        0  usenofp.o(x$fpl$usenofp)
    tenpwrs_x                                0x08006ff8   Data          60  bigflt0.o(.constdata)
    .constdata                               0x08006ff8   Section      148  bigflt0.o(.constdata)
    tenpwrs_i                                0x08007034   Data          64  bigflt0.o(.constdata)
    HAL_RCC_GetSysClockFreq.aPredivFactorTable 0x080070a4   Data           2  stm32f1xx_hal_rcc.o(.rodata.HAL_RCC_GetSysClockFreq.aPredivFactorTable)
    [Anonymous Symbol]                       0x080070a4   Section        0  stm32f1xx_hal_rcc.o(.rodata.HAL_RCC_GetSysClockFreq.aPredivFactorTable)
    HAL_RCC_GetSysClockFreq.aPLLMULFactorTable 0x080070a6   Data          16  stm32f1xx_hal_rcc.o(.rodata.cst16)
    [Anonymous Symbol]                       0x080070a6   Section        0  stm32f1xx_hal_rcc.o(.rodata.cst16)
    font6x8                                  0x080070b6   Data         312  oled.o(.rodata.font6x8)
    [Anonymous Symbol]                       0x080070b6   Section        0  oled.o(.rodata.font6x8)
    .L.str.2                                 0x080071ee   Data          10  main.o(.rodata.str1.1)
    [Anonymous Symbol]                       0x080071ee   Section        0  main.o(.rodata.str1.1)
    [Anonymous Symbol]                       0x080071f8   Section        0  app_bluetooth_control.o(.rodata.str1.1)
    .L.str.1                                 0x08007238   Data           9  app_bluetooth_control.o(.rodata.str1.1)
    locale$$data                             0x08007270   Section       28  lc_numeric_c.o(locale$$data)
    __lcnum_c_name                           0x08007274   Data           2  lc_numeric_c.o(locale$$data)
    __lcnum_c_start                          0x0800727c   Data           0  lc_numeric_c.o(locale$$data)
    __lcnum_c_point                          0x08007288   Data           0  lc_numeric_c.o(locale$$data)
    __lcnum_c_thousands                      0x0800728a   Data           0  lc_numeric_c.o(locale$$data)
    __lcnum_c_grouping                       0x0800728b   Data           0  lc_numeric_c.o(locale$$data)
    __lcnum_c_end                            0x0800728c   Data           0  lc_numeric_c.o(locale$$data)
    .L_MergedGlobals                         0x20000000   Data           8  stm32f1xx_hal.o(.data..L_MergedGlobals)
    [Anonymous Symbol]                       0x20000000   Section        0  stm32f1xx_hal.o(.data..L_MergedGlobals)
    .L_MergedGlobals                         0x20000008   Data          28  trace_follow.o(.data..L_MergedGlobals)
    s_servo_center                           0x20000008   Data           2  trace_follow.o(.data..L_MergedGlobals)
    [Anonymous Symbol]                       0x20000008   Section        0  trace_follow.o(.data..L_MergedGlobals)
    s_base_speed                             0x2000000a   Data           2  trace_follow.o(.data..L_MergedGlobals)
    s_servo_current                          0x2000000c   Data           2  trace_follow.o(.data..L_MergedGlobals)
    s_saved_base_speed                       0x2000000e   Data           2  trace_follow.o(.data..L_MergedGlobals)
    s_servo_min                              0x20000010   Data           2  trace_follow.o(.data..L_MergedGlobals)
    s_servo_max                              0x20000012   Data           2  trace_follow.o(.data..L_MergedGlobals)
    s_trace_pid.0                            0x20000014   Data           4  trace_follow.o(.data..L_MergedGlobals)
    s_trace_pid.2                            0x20000018   Data           4  trace_follow.o(.data..L_MergedGlobals)
    s_left_speed_pid.0                       0x2000001c   Data           4  trace_follow.o(.data..L_MergedGlobals)
    s_right_speed_pid.0                      0x20000020   Data           4  trace_follow.o(.data..L_MergedGlobals)
    .bss                                     0x20000028   Section       96  libspace.o(.bss)
    .L_MergedGlobals                         0x20000088   Data          12  main.o(.bss..L_MergedGlobals)
    g_bt_rx_byte                             0x20000088   Data           1  main.o(.bss..L_MergedGlobals)
    [Anonymous Symbol]                       0x20000088   Section        0  main.o(.bss..L_MergedGlobals)
    g_buzzer_on                              0x20000089   Data           1  main.o(.bss..L_MergedGlobals)
    g_distance_cm                            0x2000008c   Data           4  main.o(.bss..L_MergedGlobals)
    g_ui_tick                                0x20000090   Data           4  main.o(.bss..L_MergedGlobals)
    .L_MergedGlobals                         0x20000094   Data          36  app_bluetooth_control.o(.bss..L_MergedGlobals)
    s_mode                                   0x20000094   Data           1  app_bluetooth_control.o(.bss..L_MergedGlobals)
    [Anonymous Symbol]                       0x20000094   Section        0  app_bluetooth_control.o(.bss..L_MergedGlobals)
    s_last_cmd                               0x20000095   Data           1  app_bluetooth_control.o(.bss..L_MergedGlobals)
    s_rx_index                               0x20000096   Data           1  app_bluetooth_control.o(.bss..L_MergedGlobals)
    s_echo_debug                             0x20000097   Data           1  app_bluetooth_control.o(.bss..L_MergedGlobals)
    s_rx_line                                0x20000098   Data          32  app_bluetooth_control.o(.bss..L_MergedGlobals)
    .L_MergedGlobals.1                       0x200000b8   Data          82  trace_follow.o(.bss..L_MergedGlobals.1)
    s_obstacle_state                         0x200000b8   Data           1  trace_follow.o(.bss..L_MergedGlobals.1)
    [Anonymous Symbol]                       0x200000b8   Section        0  trace_follow.o(.bss..L_MergedGlobals.1)
    s_left_target_speed                      0x200000ba   Data           2  trace_follow.o(.bss..L_MergedGlobals.1)
    s_right_target_speed                     0x200000bc   Data           2  trace_follow.o(.bss..L_MergedGlobals.1)
    s_obstacle_left_distance                 0x200000be   Data           2  trace_follow.o(.bss..L_MergedGlobals.1)
    s_obstacle_right_distance                0x200000c0   Data           2  trace_follow.o(.bss..L_MergedGlobals.1)
    s_current_error                          0x200000c4   Data           4  trace_follow.o(.bss..L_MergedGlobals.1)
    s_trace_pid.1                            0x200000c8   Data           4  trace_follow.o(.bss..L_MergedGlobals.1)
    s_trace_pid.3                            0x200000cc   Data           4  trace_follow.o(.bss..L_MergedGlobals.1)
    s_trace_pid.4                            0x200000d0   Data           4  trace_follow.o(.bss..L_MergedGlobals.1)
    s_left_speed_pid.1                       0x200000d4   Data           4  trace_follow.o(.bss..L_MergedGlobals.1)
    s_left_speed_pid.2                       0x200000d8   Data           4  trace_follow.o(.bss..L_MergedGlobals.1)
    s_left_speed_pid.3                       0x200000dc   Data           4  trace_follow.o(.bss..L_MergedGlobals.1)
    s_left_speed_pid.4                       0x200000e0   Data           4  trace_follow.o(.bss..L_MergedGlobals.1)
    s_right_speed_pid.1                      0x200000e4   Data           4  trace_follow.o(.bss..L_MergedGlobals.1)
    s_right_speed_pid.2                      0x200000e8   Data           4  trace_follow.o(.bss..L_MergedGlobals.1)
    s_right_speed_pid.3                      0x200000ec   Data           4  trace_follow.o(.bss..L_MergedGlobals.1)
    s_right_speed_pid.4                      0x200000f0   Data           4  trace_follow.o(.bss..L_MergedGlobals.1)
    s_obstacle_enter_tick                    0x200000f4   Data           4  trace_follow.o(.bss..L_MergedGlobals.1)
    s_obstacle_phase_tick                    0x200000f8   Data           4  trace_follow.o(.bss..L_MergedGlobals.1)
    s_left_last_pos                          0x200000fc   Data           4  trace_follow.o(.bss..L_MergedGlobals.1)
    s_right_last_pos                         0x20000100   Data           4  trace_follow.o(.bss..L_MergedGlobals.1)
    s_trace_adc_dma                          0x20000104   Data           6  trace_follow.o(.bss..L_MergedGlobals.1)
    OLED_Buffer                              0x2000010c   Data        1024  oled.o(.bss.OLED_Buffer)
    [Anonymous Symbol]                       0x2000010c   Section        0  oled.o(.bss.OLED_Buffer)
    Heap_Mem                                 0x20000740   Data         512  startup_stm32f103xb.o(HEAP)
    HEAP                                     0x20000740   Section      512  startup_stm32f103xb.o(HEAP)
    Stack_Mem                                0x20000940   Data        1024  startup_stm32f103xb.o(STACK)
    STACK                                    0x20000940   Section     1024  startup_stm32f103xb.o(STACK)
    __initial_sp                             0x20000d40   Data           0  startup_stm32f103xb.o(STACK)

    Global Symbols

    Symbol Name                              Value     Ov Type        Size  Object(Section)

    BuildAttributes$$THM_ISAv4$P$D$K$B$S$PE$A:L22UL41UL21$X:L11$S22US41US21$IEEE1$IW$~IW$USESV6$~STKCKD$USESV7$~SHL$OTIME$ROPI$IEEEJ$EBA8$UX$STANDARDLIB$REQ8$PRES8$EABIv2 0x00000000   Number         0  anon$$obj.o ABSOLUTE
    __fp_init_empty                          0x00000000   Number         0  fpinit_empty.o ABSOLUTE
    _printf_flags                            0x00000000   Number         0  printf_stubs.o ABSOLUTE
    _printf_return_value                     0x00000000   Number         0  printf_stubs.o ABSOLUTE
    _printf_sizespec                         0x00000000   Number         0  printf_stubs.o ABSOLUTE
    _printf_widthprec                        0x00000000   Number         0  printf_stubs.o ABSOLUTE
    __ARM_exceptions_init                     - Undefined Weak Reference
    __alloca_initialize                       - Undefined Weak Reference
    __arm_preinit_                            - Undefined Weak Reference
    __arm_relocate_pie_                       - Undefined Weak Reference
    __cpp_initialize__aeabi_                  - Undefined Weak Reference
    __cxa_finalize                            - Undefined Weak Reference
    __sigvec_lookup                           - Undefined Weak Reference
    _atexit_init                              - Undefined Weak Reference
    _call_atexit_fns                          - Undefined Weak Reference
    _clock_init                               - Undefined Weak Reference
    _fp_trap_init                             - Undefined Weak Reference
    _fp_trap_shutdown                         - Undefined Weak Reference
    _get_lc_collate                           - Undefined Weak Reference
    _get_lc_ctype                             - Undefined Weak Reference
    _get_lc_monetary                          - Undefined Weak Reference
    _get_lc_time                              - Undefined Weak Reference
    _getenv_init                              - Undefined Weak Reference
    _handle_redirection                       - Undefined Weak Reference
    _init_alloc                               - Undefined Weak Reference
    _init_user_alloc                          - Undefined Weak Reference
    _initio                                   - Undefined Weak Reference
    _printf_mbtowc                            - Undefined Weak Reference
    _printf_truncate_signed                   - Undefined Weak Reference
    _printf_truncate_unsigned                 - Undefined Weak Reference
    _rand_init                                - Undefined Weak Reference
    _signal_finish                            - Undefined Weak Reference
    _signal_init                              - Undefined Weak Reference
    _terminate_alloc                          - Undefined Weak Reference
    _terminate_user_alloc                     - Undefined Weak Reference
    _terminateio                              - Undefined Weak Reference
    __Vectors_Size                           0x000000ec   Number         0  startup_stm32f103xb.o ABSOLUTE
    __Vectors                                0x08000000   Data           4  startup_stm32f103xb.o(RESET)
    __Vectors_End                            0x080000ec   Data           0  startup_stm32f103xb.o(RESET)
    __main                                   0x080000ed   Thumb Code     8  __main.o(!!!main)
    __scatterload                            0x080000f5   Thumb Code     0  __scatter.o(!!!scatter)
    __scatterload_rt2                        0x080000f5   Thumb Code    84  __scatter.o(!!!scatter)
    __scatterload_rt2_thumb_only             0x080000f5   Thumb Code     0  __scatter.o(!!!scatter)
    __scatterload_loop                       0x080000ff   Thumb Code     0  __scatter.o(!!!scatter)
    __scatterload_copy                       0x08000151   Thumb Code    26  __scatter_copy.o(!!handler_copy)
    __scatterload_null                       0x0800016d   Thumb Code     2  __scatter.o(!!handler_null)
    __scatterload_zeroinit                   0x08000171   Thumb Code    28  __scatter_zi.o(!!handler_zi)
    _printf_f                                0x0800018d   Thumb Code     0  _printf_f.o(.ARM.Collect$$_printf_percent$$00000003)
    _printf_percent                          0x0800018d   Thumb Code     0  _printf_percent.o(.ARM.Collect$$_printf_percent$$00000000)
    _printf_u                                0x08000193   Thumb Code     0  _printf_u.o(.ARM.Collect$$_printf_percent$$0000000A)
    _printf_c                                0x08000199   Thumb Code     0  _printf_c.o(.ARM.Collect$$_printf_percent$$00000013)
    _printf_s                                0x0800019f   Thumb Code     0  _printf_s.o(.ARM.Collect$$_printf_percent$$00000014)
    _printf_percent_end                      0x080001a5   Thumb Code     0  _printf_percent_end.o(.ARM.Collect$$_printf_percent$$00000017)
    __rt_lib_init                            0x080001a9   Thumb Code     0  libinit.o(.ARM.Collect$$libinit$$00000000)
    __rt_lib_init_fp_1                       0x080001ab   Thumb Code     0  libinit2.o(.ARM.Collect$$libinit$$00000002)
    __rt_lib_init_heap_1                     0x080001ab   Thumb Code     0  libinit2.o(.ARM.Collect$$libinit$$0000000C)
    __rt_lib_init_lc_common                  0x080001ab   Thumb Code     0  libinit2.o(.ARM.Collect$$libinit$$00000011)
    __rt_lib_init_preinit_1                  0x080001ab   Thumb Code     0  libinit2.o(.ARM.Collect$$libinit$$00000006)
    __rt_lib_init_rand_1                     0x080001ab   Thumb Code     0  libinit2.o(.ARM.Collect$$libinit$$00000010)
    __rt_lib_init_relocate_pie_1             0x080001ab   Thumb Code     0  libinit2.o(.ARM.Collect$$libinit$$00000004)
    __rt_lib_init_user_alloc_1               0x080001ab   Thumb Code     0  libinit2.o(.ARM.Collect$$libinit$$0000000E)
    __rt_lib_init_lc_collate_1               0x080001b1   Thumb Code     0  libinit2.o(.ARM.Collect$$libinit$$00000013)
    __rt_lib_init_lc_ctype_1                 0x080001b1   Thumb Code     0  libinit2.o(.ARM.Collect$$libinit$$00000015)
    __rt_lib_init_lc_monetary_1              0x080001b1   Thumb Code     0  libinit2.o(.ARM.Collect$$libinit$$00000017)
    __rt_lib_init_lc_numeric_2               0x080001b1   Thumb Code     0  libinit2.o(.ARM.Collect$$libinit$$00000018)
    __rt_lib_init_alloca_1                   0x080001bb   Thumb Code     0  libinit2.o(.ARM.Collect$$libinit$$00000030)
    __rt_lib_init_argv_1                     0x080001bb   Thumb Code     0  libinit2.o(.ARM.Collect$$libinit$$0000002E)
    __rt_lib_init_atexit_1                   0x080001bb   Thumb Code     0  libinit2.o(.ARM.Collect$$libinit$$0000001D)
    __rt_lib_init_clock_1                    0x080001bb   Thumb Code     0  libinit2.o(.ARM.Collect$$libinit$$00000023)
    __rt_lib_init_cpp_1                      0x080001bb   Thumb Code     0  libinit2.o(.ARM.Collect$$libinit$$00000034)
    __rt_lib_init_exceptions_1               0x080001bb   Thumb Code     0  libinit2.o(.ARM.Collect$$libinit$$00000032)
    __rt_lib_init_fp_trap_1                  0x080001bb   Thumb Code     0  libinit2.o(.ARM.Collect$$libinit$$00000021)
    __rt_lib_init_getenv_1                   0x080001bb   Thumb Code     0  libinit2.o(.ARM.Collect$$libinit$$00000025)
    __rt_lib_init_lc_numeric_1               0x080001bb   Thumb Code     0  libinit2.o(.ARM.Collect$$libinit$$00000019)
    __rt_lib_init_lc_time_1                  0x080001bb   Thumb Code     0  libinit2.o(.ARM.Collect$$libinit$$0000001B)
    __rt_lib_init_return                     0x080001bb   Thumb Code     0  libinit2.o(.ARM.Collect$$libinit$$00000035)
    __rt_lib_init_signal_1                   0x080001bb   Thumb Code     0  libinit2.o(.ARM.Collect$$libinit$$0000001F)
    __rt_lib_init_stdio_1                    0x080001bb   Thumb Code     0  libinit2.o(.ARM.Collect$$libinit$$00000027)
    __rt_lib_shutdown                        0x080001bd   Thumb Code     0  libshutdown.o(.ARM.Collect$$libshutdown$$00000000)
    __rt_lib_shutdown_cpp_1                  0x080001bf   Thumb Code     0  libshutdown2.o(.ARM.Collect$$libshutdown$$00000002)
    __rt_lib_shutdown_fp_trap_1              0x080001bf   Thumb Code     0  libshutdown2.o(.ARM.Collect$$libshutdown$$00000007)
    __rt_lib_shutdown_heap_1                 0x080001bf   Thumb Code     0  libshutdown2.o(.ARM.Collect$$libshutdown$$0000000F)
    __rt_lib_shutdown_return                 0x080001bf   Thumb Code     0  libshutdown2.o(.ARM.Collect$$libshutdown$$00000010)
    __rt_lib_shutdown_signal_1               0x080001bf   Thumb Code     0  libshutdown2.o(.ARM.Collect$$libshutdown$$0000000A)
    __rt_lib_shutdown_stdio_1                0x080001bf   Thumb Code     0  libshutdown2.o(.ARM.Collect$$libshutdown$$00000004)
    __rt_lib_shutdown_user_alloc_1           0x080001bf   Thumb Code     0  libshutdown2.o(.ARM.Collect$$libshutdown$$0000000C)
    __rt_entry                               0x080001c1   Thumb Code     0  __rtentry.o(.ARM.Collect$$rtentry$$00000000)
    __rt_entry_presh_1                       0x080001c1   Thumb Code     0  __rtentry2.o(.ARM.Collect$$rtentry$$00000002)
    __rt_entry_sh                            0x080001c1   Thumb Code     0  __rtentry4.o(.ARM.Collect$$rtentry$$00000004)
    __rt_entry_li                            0x080001c7   Thumb Code     0  __rtentry2.o(.ARM.Collect$$rtentry$$0000000A)
    __rt_entry_postsh_1                      0x080001c7   Thumb Code     0  __rtentry2.o(.ARM.Collect$$rtentry$$00000009)
    __rt_entry_main                          0x080001cb   Thumb Code     0  __rtentry2.o(.ARM.Collect$$rtentry$$0000000D)
    __rt_entry_postli_1                      0x080001cb   Thumb Code     0  __rtentry2.o(.ARM.Collect$$rtentry$$0000000C)
    __rt_exit                                0x080001d3   Thumb Code     0  rtexit.o(.ARM.Collect$$rtexit$$00000000)
    __rt_exit_ls                             0x080001d5   Thumb Code     0  rtexit2.o(.ARM.Collect$$rtexit$$00000003)
    __rt_exit_prels_1                        0x080001d5   Thumb Code     0  rtexit2.o(.ARM.Collect$$rtexit$$00000002)
    __rt_exit_exit                           0x080001d9   Thumb Code     0  rtexit2.o(.ARM.Collect$$rtexit$$00000004)
    Reset_Handler                            0x080001e1   Thumb Code     8  startup_stm32f103xb.o(.text)
    ADC1_2_IRQHandler                        0x080001fb   Thumb Code     0  startup_stm32f103xb.o(.text)
    CAN1_RX1_IRQHandler                      0x080001fb   Thumb Code     0  startup_stm32f103xb.o(.text)
    CAN1_SCE_IRQHandler                      0x080001fb   Thumb Code     0  startup_stm32f103xb.o(.text)
    DMA1_Channel2_IRQHandler                 0x080001fb   Thumb Code     0  startup_stm32f103xb.o(.text)
    DMA1_Channel3_IRQHandler                 0x080001fb   Thumb Code     0  startup_stm32f103xb.o(.text)
    DMA1_Channel4_IRQHandler                 0x080001fb   Thumb Code     0  startup_stm32f103xb.o(.text)
    DMA1_Channel5_IRQHandler                 0x080001fb   Thumb Code     0  startup_stm32f103xb.o(.text)
    DMA1_Channel6_IRQHandler                 0x080001fb   Thumb Code     0  startup_stm32f103xb.o(.text)
    DMA1_Channel7_IRQHandler                 0x080001fb   Thumb Code     0  startup_stm32f103xb.o(.text)
    EXTI0_IRQHandler                         0x080001fb   Thumb Code     0  startup_stm32f103xb.o(.text)
    EXTI15_10_IRQHandler                     0x080001fb   Thumb Code     0  startup_stm32f103xb.o(.text)
    EXTI1_IRQHandler                         0x080001fb   Thumb Code     0  startup_stm32f103xb.o(.text)
    EXTI2_IRQHandler                         0x080001fb   Thumb Code     0  startup_stm32f103xb.o(.text)
    EXTI3_IRQHandler                         0x080001fb   Thumb Code     0  startup_stm32f103xb.o(.text)
    EXTI4_IRQHandler                         0x080001fb   Thumb Code     0  startup_stm32f103xb.o(.text)
    EXTI9_5_IRQHandler                       0x080001fb   Thumb Code     0  startup_stm32f103xb.o(.text)
    FLASH_IRQHandler                         0x080001fb   Thumb Code     0  startup_stm32f103xb.o(.text)
    I2C1_ER_IRQHandler                       0x080001fb   Thumb Code     0  startup_stm32f103xb.o(.text)
    I2C1_EV_IRQHandler                       0x080001fb   Thumb Code     0  startup_stm32f103xb.o(.text)
    I2C2_ER_IRQHandler                       0x080001fb   Thumb Code     0  startup_stm32f103xb.o(.text)
    I2C2_EV_IRQHandler                       0x080001fb   Thumb Code     0  startup_stm32f103xb.o(.text)
    PVD_IRQHandler                           0x080001fb   Thumb Code     0  startup_stm32f103xb.o(.text)
    RCC_IRQHandler                           0x080001fb   Thumb Code     0  startup_stm32f103xb.o(.text)
    RTC_Alarm_IRQHandler                     0x080001fb   Thumb Code     0  startup_stm32f103xb.o(.text)
    RTC_IRQHandler                           0x080001fb   Thumb Code     0  startup_stm32f103xb.o(.text)
    SPI1_IRQHandler                          0x080001fb   Thumb Code     0  startup_stm32f103xb.o(.text)
    SPI2_IRQHandler                          0x080001fb   Thumb Code     0  startup_stm32f103xb.o(.text)
    TAMPER_IRQHandler                        0x080001fb   Thumb Code     0  startup_stm32f103xb.o(.text)
    TIM1_BRK_IRQHandler                      0x080001fb   Thumb Code     0  startup_stm32f103xb.o(.text)
    TIM1_CC_IRQHandler                       0x080001fb   Thumb Code     0  startup_stm32f103xb.o(.text)
    TIM1_TRG_COM_IRQHandler                  0x080001fb   Thumb Code     0  startup_stm32f103xb.o(.text)
    TIM1_UP_IRQHandler                       0x080001fb   Thumb Code     0  startup_stm32f103xb.o(.text)
    TIM2_IRQHandler                          0x080001fb   Thumb Code     0  startup_stm32f103xb.o(.text)
    TIM3_IRQHandler                          0x080001fb   Thumb Code     0  startup_stm32f103xb.o(.text)
    TIM4_IRQHandler                          0x080001fb   Thumb Code     0  startup_stm32f103xb.o(.text)
    USART2_IRQHandler                        0x080001fb   Thumb Code     0  startup_stm32f103xb.o(.text)
    USART3_IRQHandler                        0x080001fb   Thumb Code     0  startup_stm32f103xb.o(.text)
    USBWakeUp_IRQHandler                     0x080001fb   Thumb Code     0  startup_stm32f103xb.o(.text)
    USB_HP_CAN1_TX_IRQHandler                0x080001fb   Thumb Code     0  startup_stm32f103xb.o(.text)
    USB_LP_CAN1_RX0_IRQHandler               0x080001fb   Thumb Code     0  startup_stm32f103xb.o(.text)
    WWDG_IRQHandler                          0x080001fb   Thumb Code     0  startup_stm32f103xb.o(.text)
    __user_initial_stackheap                 0x080001fd   Thumb Code     0  startup_stm32f103xb.o(.text)
    __2snprintf                              0x08000221   Thumb Code    58  noretval__2snprintf.o(.text)
    _printf_pre_padding                      0x08000261   Thumb Code    44  _printf_pad.o(.text)
    _printf_post_padding                     0x0800028d   Thumb Code    34  _printf_pad.o(.text)
    _printf_str                              0x080002af   Thumb Code    82  _printf_str.o(.text)
    _printf_int_dec                          0x08000301   Thumb Code   104  _printf_dec.o(.text)
    __printf                                 0x08000379   Thumb Code   388  __printf_flags_ss_wp.o(.text)
    memcmp                                   0x08000501   Thumb Code    88  memcmp.o(.text)
    strlen                                   0x08000559   Thumb Code    62  strlen.o(.text)
    __aeabi_memclr4                          0x08000597   Thumb Code     0  rt_memclr_w.o(.text)
    __aeabi_memclr8                          0x08000597   Thumb Code     0  rt_memclr_w.o(.text)
    __rt_memclr_w                            0x08000597   Thumb Code     0  rt_memclr_w.o(.text)
    _memset_w                                0x0800059b   Thumb Code    74  rt_memclr_w.o(.text)
    __use_two_region_memory                  0x080005e5   Thumb Code     2  heapauxi.o(.text)
    __rt_heap_escrow$2region                 0x080005e7   Thumb Code     2  heapauxi.o(.text)
    __rt_heap_expand$2region                 0x080005e9   Thumb Code     2  heapauxi.o(.text)
    _printf_int_common                       0x080005eb   Thumb Code   178  _printf_intcommon.o(.text)
    _printf_fp_dec_real                      0x0800084d   Thumb Code   620  _printf_fp_dec.o(.text)
    _printf_char_common                      0x08000ac3   Thumb Code    32  _printf_char_common.o(.text)
    _snputc                                  0x08000ae9   Thumb Code    16  _snputc.o(.text)
    _printf_cs_common                        0x08000af9   Thumb Code    20  _printf_char.o(.text)
    _printf_char                             0x08000b0d   Thumb Code    16  _printf_char.o(.text)
    _printf_string                           0x08000b1d   Thumb Code     8  _printf_char.o(.text)
    __rt_locale                              0x08000b25   Thumb Code     8  rt_locale_intlibspace.o(.text)
    _ll_udiv10                               0x08000b2d   Thumb Code   138  lludiv10.o(.text)
    _printf_fp_infnan                        0x08000bb9   Thumb Code   112  _printf_fp_infnan.o(.text)
    _btod_etento                             0x08000c39   Thumb Code   224  bigflt0.o(.text)
    __user_libspace                          0x08000d1d   Thumb Code     8  libspace.o(.text)
    __user_perproc_libspace                  0x08000d1d   Thumb Code     0  libspace.o(.text)
    __user_perthread_libspace                0x08000d1d   Thumb Code     0  libspace.o(.text)
    __user_setup_stackheap                   0x08000d25   Thumb Code    74  sys_stackheap_outer.o(.text)
    exit                                     0x08000d6f   Thumb Code    18  exit.o(.text)
    strcmp                                   0x08000d81   Thumb Code   128  strcmpv7m.o(.text)
    _sys_exit                                0x08000e01   Thumb Code     8  sys_exit.o(.text)
    __I$use$semihosting                      0x08000e0d   Thumb Code     0  use_no_semi.o(.text)
    __use_no_semihosting_swi                 0x08000e0d   Thumb Code     2  use_no_semi.o(.text)
    __semihosting_library_function           0x08000e0f   Thumb Code     0  indicate_semi.o(.text)
    ADC_DMAConvCplt                          0x08000e11   Thumb Code    82  stm32f1xx_hal_adc.o(.text.ADC_DMAConvCplt)
    ADC_DMAError                             0x08000e65   Thumb Code    22  stm32f1xx_hal_adc.o(.text.ADC_DMAError)
    ADC_DMAHalfConvCplt                      0x08000e7d   Thumb Code     6  stm32f1xx_hal_adc.o(.text.ADC_DMAHalfConvCplt)
    ADC_Enable                               0x08000e85   Thumb Code   174  stm32f1xx_hal_adc.o(.text.ADC_Enable)
    AppBt_GetMode                            0x08000f35   Thumb Code    12  app_bluetooth_control.o(.text.AppBt_GetMode)
    AppBt_Init                               0x08000f41   Thumb Code    38  app_bluetooth_control.o(.text.AppBt_Init)
    AppBt_Process                            0x0800105d   Thumb Code     2  app_bluetooth_control.o(.text.AppBt_Process)
    AppBt_PushByte                           0x08001061   Thumb Code   284  app_bluetooth_control.o(.text.AppBt_PushByte)
    AppBt_SendAck                            0x08001185   Thumb Code    48  app_bluetooth_control.o(.text.AppBt_SendAck)
    AppBt_SendText                           0x080011e1   Thumb Code    36  app_bluetooth_control.o(.text.AppBt_SendText)
    AppBt_SetEchoDebug                       0x08001205   Thumb Code    18  app_bluetooth_control.o(.text.AppBt_SetEchoDebug)
    AppBt_SetMode                            0x08001219   Thumb Code    16  app_bluetooth_control.o(.text.AppBt_SetMode)
    Bluetooth_SendTraceState                 0x08001229   Thumb Code    68  trace_follow.o(.text.Bluetooth_SendTraceState)
    BusFault_Handler                         0x08001289   Thumb Code     2  stm32f1xx_it.o(.text.BusFault_Handler)
    Buzzer_Init                              0x0800128d   Thumb Code    18  buzzer.o(.text.Buzzer_Init)
    Buzzer_Off                               0x080012a1   Thumb Code    18  buzzer.o(.text.Buzzer_Off)
    Buzzer_On                                0x080012b5   Thumb Code    18  buzzer.o(.text.Buzzer_On)
    DMA1_Channel1_IRQHandler                 0x080012c9   Thumb Code    12  stm32f1xx_it.o(.text.DMA1_Channel1_IRQHandler)
    DebugMon_Handler                         0x080012d5   Thumb Code     2  stm32f1xx_it.o(.text.DebugMon_Handler)
    Error_Handler                            0x080012d9   Thumb Code    10  main.o(.text.Error_Handler)
    HAL_ADC_ConfigChannel                    0x080012e5   Thumb Code   374  stm32f1xx_hal_adc.o(.text.HAL_ADC_ConfigChannel)
    HAL_ADC_ConvCpltCallback                 0x0800145d   Thumb Code     2  stm32f1xx_hal_adc.o(.text.HAL_ADC_ConvCpltCallback)
    HAL_ADC_ConvHalfCpltCallback             0x08001461   Thumb Code     2  stm32f1xx_hal_adc.o(.text.HAL_ADC_ConvHalfCpltCallback)
    HAL_ADC_ErrorCallback                    0x08001465   Thumb Code     2  stm32f1xx_hal_adc.o(.text.HAL_ADC_ErrorCallback)
    HAL_ADC_Init                             0x08001469   Thumb Code   344  stm32f1xx_hal_adc.o(.text.HAL_ADC_Init)
    HAL_ADC_MspInit                          0x080015c1   Thumb Code   166  adc.o(.text.HAL_ADC_MspInit)
    HAL_ADC_Start_DMA                        0x08001669   Thumb Code   296  stm32f1xx_hal_adc.o(.text.HAL_ADC_Start_DMA)
    HAL_DMA_Abort                            0x08001791   Thumb Code    70  stm32f1xx_hal_dma.o(.text.HAL_DMA_Abort)
    HAL_DMA_Abort_IT                         0x080017d9   Thumb Code   182  stm32f1xx_hal_dma.o(.text.HAL_DMA_Abort_IT)
    HAL_DMA_IRQHandler                       0x08001891   Thumb Code   416  stm32f1xx_hal_dma.o(.text.HAL_DMA_IRQHandler)
    HAL_DMA_Init                             0x08001a31   Thumb Code   132  stm32f1xx_hal_dma.o(.text.HAL_DMA_Init)
    HAL_DMA_Start_IT                         0x08001ab5   Thumb Code   160  stm32f1xx_hal_dma.o(.text.HAL_DMA_Start_IT)
    HAL_Delay                                0x08001b55   Thumb Code    40  stm32f1xx_hal.o(.text.HAL_Delay)
    HAL_GPIO_Init                            0x08001b7d   Thumb Code   526  stm32f1xx_hal_gpio.o(.text.HAL_GPIO_Init)
    HAL_GPIO_ReadPin                         0x08001d8d   Thumb Code    10  stm32f1xx_hal_gpio.o(.text.HAL_GPIO_ReadPin)
    HAL_GPIO_WritePin                        0x08001d99   Thumb Code    10  stm32f1xx_hal_gpio.o(.text.HAL_GPIO_WritePin)
    HAL_GetTick                              0x08001da5   Thumb Code    12  stm32f1xx_hal.o(.text.HAL_GetTick)
    HAL_I2C_Init                             0x08001db1   Thumb Code   356  stm32f1xx_hal_i2c.o(.text.HAL_I2C_Init)
    HAL_I2C_Master_Transmit                  0x08001f15   Thumb Code   476  stm32f1xx_hal_i2c.o(.text.HAL_I2C_Master_Transmit)
    HAL_I2C_MspInit                          0x080020f1   Thumb Code   130  i2c.o(.text.HAL_I2C_MspInit)
    HAL_IncTick                              0x08002175   Thumb Code    26  stm32f1xx_hal.o(.text.HAL_IncTick)
    HAL_Init                                 0x08002191   Thumb Code    38  stm32f1xx_hal.o(.text.HAL_Init)
    HAL_InitTick                             0x080021b9   Thumb Code    72  stm32f1xx_hal.o(.text.HAL_InitTick)
    HAL_MspInit                              0x08002201   Thumb Code    66  stm32f1xx_hal_msp.o(.text.HAL_MspInit)
    HAL_NVIC_EnableIRQ                       0x08002245   Thumb Code    34  stm32f1xx_hal_cortex.o(.text.HAL_NVIC_EnableIRQ)
    HAL_NVIC_SetPriority                     0x08002269   Thumb Code    86  stm32f1xx_hal_cortex.o(.text.HAL_NVIC_SetPriority)
    HAL_NVIC_SetPriorityGrouping             0x080022c1   Thumb Code    32  stm32f1xx_hal_cortex.o(.text.HAL_NVIC_SetPriorityGrouping)
    HAL_RCCEx_PeriphCLKConfig                0x080022e1   Thumb Code   258  stm32f1xx_hal_rcc_ex.o(.text.HAL_RCCEx_PeriphCLKConfig)
    HAL_RCC_ClockConfig                      0x080023e5   Thumb Code   442  stm32f1xx_hal_rcc.o(.text.HAL_RCC_ClockConfig)
    HAL_RCC_GetHCLKFreq                      0x080025a1   Thumb Code    12  stm32f1xx_hal_rcc.o(.text.HAL_RCC_GetHCLKFreq)
    HAL_RCC_GetPCLK1Freq                     0x080025ad   Thumb Code    38  stm32f1xx_hal_rcc.o(.text.HAL_RCC_GetPCLK1Freq)
    HAL_RCC_GetPCLK2Freq                     0x080025d5   Thumb Code    38  stm32f1xx_hal_rcc.o(.text.HAL_RCC_GetPCLK2Freq)
    HAL_RCC_OscConfig                        0x080025fd   Thumb Code  1024  stm32f1xx_hal_rcc.o(.text.HAL_RCC_OscConfig)
    HAL_SYSTICK_Config                       0x080029fd   Thumb Code    44  stm32f1xx_hal_cortex.o(.text.HAL_SYSTICK_Config)
    HAL_TIMEx_ConfigBreakDeadTime            0x08002a29   Thumb Code    76  stm32f1xx_hal_tim_ex.o(.text.HAL_TIMEx_ConfigBreakDeadTime)
    HAL_TIMEx_MasterConfigSynchronization    0x08002a75   Thumb Code   126  stm32f1xx_hal_tim_ex.o(.text.HAL_TIMEx_MasterConfigSynchronization)
    HAL_TIM_Encoder_Init                     0x08002af5   Thumb Code   346  stm32f1xx_hal_tim.o(.text.HAL_TIM_Encoder_Init)
    HAL_TIM_Encoder_MspInit                  0x08002c51   Thumb Code   168  tim.o(.text.HAL_TIM_Encoder_MspInit)
    HAL_TIM_Encoder_Start                    0x08002cf9   Thumb Code   188  stm32f1xx_hal_tim.o(.text.HAL_TIM_Encoder_Start)
    HAL_TIM_PWM_ConfigChannel                0x08002db5   Thumb Code   516  stm32f1xx_hal_tim.o(.text.HAL_TIM_PWM_ConfigChannel)
    HAL_TIM_PWM_Init                         0x08002fb9   Thumb Code   250  stm32f1xx_hal_tim.o(.text.HAL_TIM_PWM_Init)
    HAL_TIM_PWM_MspInit                      0x080030b5   Thumb Code    90  tim.o(.text.HAL_TIM_PWM_MspInit)
    HAL_TIM_PWM_Start                        0x08003111   Thumb Code   218  stm32f1xx_hal_tim.o(.text.HAL_TIM_PWM_Start)
    HAL_UARTEx_RxEventCallback               0x080031ed   Thumb Code     2  stm32f1xx_hal_uart.o(.text.HAL_UARTEx_RxEventCallback)
    HAL_UART_ErrorCallback                   0x080031f1   Thumb Code     2  stm32f1xx_hal_uart.o(.text.HAL_UART_ErrorCallback)
    HAL_UART_IRQHandler                      0x080031f5   Thumb Code  1392  stm32f1xx_hal_uart.o(.text.HAL_UART_IRQHandler)
    HAL_UART_Init                            0x08003765   Thumb Code   226  stm32f1xx_hal_uart.o(.text.HAL_UART_Init)
    HAL_UART_MspInit                         0x08003849   Thumb Code   142  usart.o(.text.HAL_UART_MspInit)
    HAL_UART_Receive_IT                      0x080038d9   Thumb Code    84  stm32f1xx_hal_uart.o(.text.HAL_UART_Receive_IT)
    HAL_UART_RxCpltCallback                  0x0800392d   Thumb Code   300  main.o(.text.HAL_UART_RxCpltCallback)
    HAL_UART_Transmit                        0x08003a75   Thumb Code   402  stm32f1xx_hal_uart.o(.text.HAL_UART_Transmit)
    HAL_UART_TxCpltCallback                  0x08003c09   Thumb Code     2  stm32f1xx_hal_uart.o(.text.HAL_UART_TxCpltCallback)
    HardFault_Handler                        0x08003c0d   Thumb Code     2  stm32f1xx_it.o(.text.HardFault_Handler)
    MX_ADC1_Init                             0x0800402d   Thumb Code   152  adc.o(.text.MX_ADC1_Init)
    MX_DMA_Init                              0x080040c5   Thumb Code    52  dma.o(.text.MX_DMA_Init)
    MX_GPIO_Init                             0x080040f9   Thumb Code   142  gpio.o(.text.MX_GPIO_Init)
    MX_I2C1_Init                             0x08004189   Thumb Code    66  i2c.o(.text.MX_I2C1_Init)
    MX_TIM1_Init                             0x080041cd   Thumb Code   316  tim.o(.text.MX_TIM1_Init)
    MX_TIM2_Init                             0x08004309   Thumb Code    98  tim.o(.text.MX_TIM2_Init)
    MX_TIM3_Init                             0x0800436d   Thumb Code   258  tim.o(.text.MX_TIM3_Init)
    MX_TIM4_Init                             0x08004471   Thumb Code   102  tim.o(.text.MX_TIM4_Init)
    MX_USART1_UART_Init                      0x080044d9   Thumb Code    60  usart.o(.text.MX_USART1_UART_Init)
    MemManage_Handler                        0x08004515   Thumb Code     2  stm32f1xx_it.o(.text.MemManage_Handler)
    NMI_Handler                              0x08004519   Thumb Code     2  stm32f1xx_it.o(.text.NMI_Handler)
    OLED_Clear                               0x0800451d   Thumb Code    26  oled.o(.text.OLED_Clear)
    OLED_Init                                0x08004539   Thumb Code   708  oled.o(.text.OLED_Init)
    OLED_Refresh                             0x080047fd   Thumb Code   448  oled.o(.text.OLED_Refresh)
    OLED_ShowChar                            0x080049bd   Thumb Code   800  oled.o(.text.OLED_ShowChar)
    OLED_ShowString                          0x08004d1d   Thumb Code    52  oled.o(.text.OLED_ShowString)
    PendSV_Handler                           0x08004d51   Thumb Code     2  stm32f1xx_it.o(.text.PendSV_Handler)
    SVC_Handler                              0x08004d55   Thumb Code     2  stm32f1xx_it.o(.text.SVC_Handler)
    SysTick_Handler                          0x08004d59   Thumb Code     4  stm32f1xx_it.o(.text.SysTick_Handler)
    SystemInit                               0x08004d5d   Thumb Code     2  system_stm32f1xx.o(.text.SystemInit)
    TraceFollow_GetAdc                       0x08004d61   Thumb Code    40  trace_follow.o(.text.TraceFollow_GetAdc)
    TraceFollow_GetError                     0x08004d89   Thumb Code    12  trace_follow.o(.text.TraceFollow_GetError)
    TraceFollow_HandleObstacle               0x08004d95   Thumb Code   170  trace_follow.o(.text.TraceFollow_HandleObstacle)
    TraceFollow_Init                         0x08004e41   Thumb Code   124  trace_follow.o(.text.TraceFollow_Init)
    TraceFollow_IsObstacleActive             0x08004ebd   Thumb Code    18  trace_follow.o(.text.TraceFollow_IsObstacleActive)
    TraceFollow_ManualBackward               0x08004ed1   Thumb Code   138  trace_follow.o(.text.TraceFollow_ManualBackward)
    TraceFollow_ManualForward                0x08004f5d   Thumb Code   138  trace_follow.o(.text.TraceFollow_ManualForward)
    TraceFollow_ManualLeft                   0x08004fe9   Thumb Code   138  trace_follow.o(.text.TraceFollow_ManualLeft)
    TraceFollow_ManualRight                  0x08005075   Thumb Code   138  trace_follow.o(.text.TraceFollow_ManualRight)
    TraceFollow_ManualStop                   0x08005101   Thumb Code   122  trace_follow.o(.text.TraceFollow_ManualStop)
    TraceFollow_SetPid                       0x080051e5   Thumb Code    24  trace_follow.o(.text.TraceFollow_SetPid)
    TraceFollow_SetServoCenter               0x080051fd   Thumb Code    12  trace_follow.o(.text.TraceFollow_SetServoCenter)
    TraceFollow_SetServoRange                0x08005209   Thumb Code    14  trace_follow.o(.text.TraceFollow_SetServoRange)
    TraceFollow_SetSpeed                     0x08005219   Thumb Code    14  trace_follow.o(.text.TraceFollow_SetSpeed)
    TraceFollow_Start                        0x08005229   Thumb Code   124  trace_follow.o(.text.TraceFollow_Start)
    TraceFollow_Update                       0x080052a5   Thumb Code  2084  trace_follow.o(.text.TraceFollow_Update)
    USART1_IRQHandler                        0x08005bd5   Thumb Code    12  stm32f1xx_it.o(.text.USART1_IRQHandler)
    Ultrasonic_Init                          0x08005be1   Thumb Code    60  ultrasonic.o(.text.Ultrasonic_Init)
    Ultrasonic_ReadDistanceCm                0x08005c1d   Thumb Code   280  ultrasonic.o(.text.Ultrasonic_ReadDistanceCm)
    UsageFault_Handler                       0x08005d35   Thumb Code     2  stm32f1xx_it.o(.text.UsageFault_Handler)
    main                                     0x08005d39   Thumb Code   724  main.o(.text.main)
    _btod_d2e                                0x0800608d   Thumb Code    62  btod.o(CL$$btod_d2e)
    _d2e_denorm_low                          0x080060cb   Thumb Code    70  btod.o(CL$$btod_d2e_denorm_low)
    _d2e_norm_op1                            0x08006111   Thumb Code    96  btod.o(CL$$btod_d2e_norm_op1)
    __btod_div_common                        0x08006171   Thumb Code   696  btod.o(CL$$btod_div_common)
    _e2e                                     0x080064a9   Thumb Code   220  btod.o(CL$$btod_e2e)
    _btod_ediv                               0x08006585   Thumb Code    42  btod.o(CL$$btod_ediv)
    _btod_emul                               0x080065af   Thumb Code    42  btod.o(CL$$btod_emul)
    __btod_mult_common                       0x080065d9   Thumb Code   580  btod.o(CL$$btod_mult_common)
    __ARM_fpclassify                         0x0800681d   Thumb Code    40  fpclassify.o(i.__ARM_fpclassify)
    _is_digit                                0x08006845   Thumb Code    14  __printf_wp.o(i._is_digit)
    _get_lc_numeric                          0x08006855   Thumb Code    44  lc_numeric_c.o(locale$$code)
    __fpl_dretinf                            0x08006881   Thumb Code    12  dretinf.o(x$fpl$dretinf)
    __aeabi_f2d                              0x0800688d   Thumb Code     0  f2d.o(x$fpl$f2d)
    _f2d                                     0x0800688d   Thumb Code    86  f2d.o(x$fpl$f2d)
    __aeabi_fadd                             0x080068e5   Thumb Code     0  faddsub_clz.o(x$fpl$fadd)
    _fadd                                    0x080068e5   Thumb Code   196  faddsub_clz.o(x$fpl$fadd)
    __aeabi_fcmpeq                           0x080069a9   Thumb Code     0  fcmp.o(x$fpl$fcmp)
    _feq                                     0x080069a9   Thumb Code    14  fcmp.o(x$fpl$fcmp)
    _fneq                                    0x080069b7   Thumb Code    14  fcmp.o(x$fpl$fcmp)
    __aeabi_fcmpgt                           0x080069c5   Thumb Code     0  fcmp.o(x$fpl$fcmp)
    _fgr                                     0x080069c5   Thumb Code    14  fcmp.o(x$fpl$fcmp)
    __aeabi_fcmpge                           0x080069d3   Thumb Code     0  fcmp.o(x$fpl$fcmp)
    _fgeq                                    0x080069d3   Thumb Code    14  fcmp.o(x$fpl$fcmp)
    __aeabi_fcmple                           0x080069e1   Thumb Code     0  fcmp.o(x$fpl$fcmp)
    _fleq                                    0x080069e1   Thumb Code    14  fcmp.o(x$fpl$fcmp)
    __aeabi_fcmplt                           0x080069ef   Thumb Code     0  fcmp.o(x$fpl$fcmp)
    _fls                                     0x080069ef   Thumb Code    14  fcmp.o(x$fpl$fcmp)
    __fpl_fcmp_Inf                           0x080069fd   Thumb Code    24  fcmpi.o(x$fpl$fcmpinf)
    __aeabi_fdiv                             0x08006a15   Thumb Code     0  fdiv.o(x$fpl$fdiv)
    _fdiv                                    0x08006a15   Thumb Code   384  fdiv.o(x$fpl$fdiv)
    __aeabi_cfcmpeq                          0x08006b99   Thumb Code     0  feqf.o(x$fpl$feqf)
    _fcmpeq                                  0x08006b99   Thumb Code   104  feqf.o(x$fpl$feqf)
    __aeabi_f2iz                             0x08006c01   Thumb Code     0  ffix.o(x$fpl$ffix)
    _ffix                                    0x08006c01   Thumb Code    54  ffix.o(x$fpl$ffix)
    __aeabi_i2f                              0x08006c39   Thumb Code     0  fflt_clz.o(x$fpl$fflt)
    _fflt                                    0x08006c39   Thumb Code    48  fflt_clz.o(x$fpl$fflt)
    __aeabi_ui2f                             0x08006c69   Thumb Code     0  fflt_clz.o(x$fpl$ffltu)
    _ffltu                                   0x08006c69   Thumb Code    38  fflt_clz.o(x$fpl$ffltu)
    _fcmpge                                  0x08006c91   Thumb Code   104  fgeqf.o(x$fpl$fgeqf)
    __aeabi_cfcmple                          0x08006cf9   Thumb Code     0  fleqf.o(x$fpl$fleqf)
    _fcmple                                  0x08006cf9   Thumb Code   104  fleqf.o(x$fpl$fleqf)
    __fpl_fcmple_InfNaN                      0x08006d4b   Thumb Code     0  fleqf.o(x$fpl$fleqf)
    __aeabi_fmul                             0x08006d61   Thumb Code     0  fmul.o(x$fpl$fmul)
    _fmul                                    0x08006d61   Thumb Code   258  fmul.o(x$fpl$fmul)
    __fpl_fnaninf                            0x08006e63   Thumb Code   140  fnaninf.o(x$fpl$fnaninf)
    __fpl_fretinf                            0x08006eef   Thumb Code    10  fretinf.o(x$fpl$fretinf)
    __aeabi_fsub                             0x08006ef9   Thumb Code     0  faddsub_clz.o(x$fpl$fsub)
    _fsub                                    0x08006ef9   Thumb Code   234  faddsub_clz.o(x$fpl$fsub)
    _printf_fp_dec                           0x08006fe3   Thumb Code     4  printf1.o(x$fpl$printf1)
    __I$use$fp                               0x08006fe6   Number         0  usenofp.o(x$fpl$usenofp)
    AHBPrescTable                            0x0800708c   Data          16  system_stm32f1xx.o(.rodata.AHBPrescTable)
    APBPrescTable                            0x0800709c   Data           8  system_stm32f1xx.o(.rodata.APBPrescTable)
    Region$$Table$$Base                      0x08007250   Number         0  anon$$obj.o(Region$$Table)
    Region$$Table$$Limit                     0x08007270   Number         0  anon$$obj.o(Region$$Table)
    uwTickFreq                               0x20000000   Data           1  stm32f1xx_hal.o(.data..L_MergedGlobals)
    uwTickPrio                               0x20000004   Data           4  stm32f1xx_hal.o(.data..L_MergedGlobals)
    SystemCoreClock                          0x20000024   Data           4  system_stm32f1xx.o(.data.SystemCoreClock)
    __libspace_start                         0x20000028   Data          96  libspace.o(.bss)
    __temporary_stack_top$libspace           0x20000088   Data           0  libspace.o(.bss)
    hadc1                                    0x2000050c   Data          48  adc.o(.bss.hadc1)
    hdma_adc1                                0x2000053c   Data          68  adc.o(.bss.hdma_adc1)
    hi2c1                                    0x20000580   Data          84  i2c.o(.bss.hi2c1)
    htim1                                    0x200005d4   Data          72  tim.o(.bss.htim1)
    htim2                                    0x2000061c   Data          72  tim.o(.bss.htim2)
    htim3                                    0x20000664   Data          72  tim.o(.bss.htim3)
    htim4                                    0x200006ac   Data          72  tim.o(.bss.htim4)
    huart1                                   0x200006f4   Data          72  usart.o(.bss.huart1)
    uwTick                                   0x2000073c   Data           4  stm32f1xx_hal.o(.bss.uwTick)



==============================================================================

Memory Map of the image

  Image Entry point : 0x080000ed

  Load Region LR_IROM1 (Base: 0x08000000, Size: 0x000072b8, Max: 0x00010000, ABSOLUTE)

    Execution Region ER_IROM1 (Exec base: 0x08000000, Load base: 0x08000000, Size: 0x0000728c, Max: 0x00010000, ABSOLUTE)

    Exec Addr    Load Addr    Size         Type   Attr      Idx    E Section Name        Object

    0x08000000   0x08000000   0x000000ec   Data   RO            3    RESET               startup_stm32f103xb.o
    0x080000ec   0x080000ec   0x00000008   Code   RO         1402  * !!!main             c_w.l(__main.o)
    0x080000f4   0x080000f4   0x0000005c   Code   RO         1674    !!!scatter          c_w.l(__scatter.o)
    0x08000150   0x08000150   0x0000001a   Code   RO         1678    !!handler_copy      c_w.l(__scatter_copy.o)
    0x0800016a   0x0800016a   0x00000002   PAD
    0x0800016c   0x0800016c   0x00000002   Code   RO         1675    !!handler_null      c_w.l(__scatter.o)
    0x0800016e   0x0800016e   0x00000002   PAD
    0x08000170   0x08000170   0x0000001c   Code   RO         1680    !!handler_zi        c_w.l(__scatter_zi.o)
    0x0800018c   0x0800018c   0x00000000   Code   RO         1393    .ARM.Collect$$_printf_percent$$00000000  c_w.l(_printf_percent.o)
    0x0800018c   0x0800018c   0x00000006   Code   RO         1392    .ARM.Collect$$_printf_percent$$00000003  c_w.l(_printf_f.o)
    0x08000192   0x08000192   0x00000006   Code   RO         1391    .ARM.Collect$$_printf_percent$$0000000A  c_w.l(_printf_u.o)
    0x08000198   0x08000198   0x00000006   Code   RO         1389    .ARM.Collect$$_printf_percent$$00000013  c_w.l(_printf_c.o)
    0x0800019e   0x0800019e   0x00000006   Code   RO         1390    .ARM.Collect$$_printf_percent$$00000014  c_w.l(_printf_s.o)
    0x080001a4   0x080001a4   0x00000004   Code   RO         1445    .ARM.Collect$$_printf_percent$$00000017  c_w.l(_printf_percent_end.o)
    0x080001a8   0x080001a8   0x00000002   Code   RO         1537    .ARM.Collect$$libinit$$00000000  c_w.l(libinit.o)
    0x080001aa   0x080001aa   0x00000000   Code   RO         1539    .ARM.Collect$$libinit$$00000002  c_w.l(libinit2.o)
    0x080001aa   0x080001aa   0x00000000   Code   RO         1541    .ARM.Collect$$libinit$$00000004  c_w.l(libinit2.o)
    0x080001aa   0x080001aa   0x00000000   Code   RO         1543    .ARM.Collect$$libinit$$00000006  c_w.l(libinit2.o)
    0x080001aa   0x080001aa   0x00000000   Code   RO         1546    .ARM.Collect$$libinit$$0000000C  c_w.l(libinit2.o)
    0x080001aa   0x080001aa   0x00000000   Code   RO         1548    .ARM.Collect$$libinit$$0000000E  c_w.l(libinit2.o)
    0x080001aa   0x080001aa   0x00000000   Code   RO         1550    .ARM.Collect$$libinit$$00000010  c_w.l(libinit2.o)
    0x080001aa   0x080001aa   0x00000006   Code   RO         1551    .ARM.Collect$$libinit$$00000011  c_w.l(libinit2.o)
    0x080001b0   0x080001b0   0x00000000   Code   RO         1553    .ARM.Collect$$libinit$$00000013  c_w.l(libinit2.o)
    0x080001b0   0x080001b0   0x00000000   Code   RO         1555    .ARM.Collect$$libinit$$00000015  c_w.l(libinit2.o)
    0x080001b0   0x080001b0   0x00000000   Code   RO         1557    .ARM.Collect$$libinit$$00000017  c_w.l(libinit2.o)
    0x080001b0   0x080001b0   0x0000000a   Code   RO         1558    .ARM.Collect$$libinit$$00000018  c_w.l(libinit2.o)
    0x080001ba   0x080001ba   0x00000000   Code   RO         1559    .ARM.Collect$$libinit$$00000019  c_w.l(libinit2.o)
    0x080001ba   0x080001ba   0x00000000   Code   RO         1561    .ARM.Collect$$libinit$$0000001B  c_w.l(libinit2.o)
    0x080001ba   0x080001ba   0x00000000   Code   RO         1563    .ARM.Collect$$libinit$$0000001D  c_w.l(libinit2.o)
    0x080001ba   0x080001ba   0x00000000   Code   RO         1565    .ARM.Collect$$libinit$$0000001F  c_w.l(libinit2.o)
    0x080001ba   0x080001ba   0x00000000   Code   RO         1567    .ARM.Collect$$libinit$$00000021  c_w.l(libinit2.o)
    0x080001ba   0x080001ba   0x00000000   Code   RO         1569    .ARM.Collect$$libinit$$00000023  c_w.l(libinit2.o)
    0x080001ba   0x080001ba   0x00000000   Code   RO         1571    .ARM.Collect$$libinit$$00000025  c_w.l(libinit2.o)
    0x080001ba   0x080001ba   0x00000000   Code   RO         1573    .ARM.Collect$$libinit$$00000027  c_w.l(libinit2.o)
    0x080001ba   0x080001ba   0x00000000   Code   RO         1577    .ARM.Collect$$libinit$$0000002E  c_w.l(libinit2.o)
    0x080001ba   0x080001ba   0x00000000   Code   RO         1579    .ARM.Collect$$libinit$$00000030  c_w.l(libinit2.o)
    0x080001ba   0x080001ba   0x00000000   Code   RO         1581    .ARM.Collect$$libinit$$00000032  c_w.l(libinit2.o)
    0x080001ba   0x080001ba   0x00000000   Code   RO         1583    .ARM.Collect$$libinit$$00000034  c_w.l(libinit2.o)
    0x080001ba   0x080001ba   0x00000002   Code   RO         1584    .ARM.Collect$$libinit$$00000035  c_w.l(libinit2.o)
    0x080001bc   0x080001bc   0x00000002   Code   RO         1620    .ARM.Collect$$libshutdown$$00000000  c_w.l(libshutdown.o)
    0x080001be   0x080001be   0x00000000   Code   RO         1631    .ARM.Collect$$libshutdown$$00000002  c_w.l(libshutdown2.o)
    0x080001be   0x080001be   0x00000000   Code   RO         1633    .ARM.Collect$$libshutdown$$00000004  c_w.l(libshutdown2.o)
    0x080001be   0x080001be   0x00000000   Code   RO         1636    .ARM.Collect$$libshutdown$$00000007  c_w.l(libshutdown2.o)
    0x080001be   0x080001be   0x00000000   Code   RO         1639    .ARM.Collect$$libshutdown$$0000000A  c_w.l(libshutdown2.o)
    0x080001be   0x080001be   0x00000000   Code   RO         1641    .ARM.Collect$$libshutdown$$0000000C  c_w.l(libshutdown2.o)
    0x080001be   0x080001be   0x00000000   Code   RO         1644    .ARM.Collect$$libshutdown$$0000000F  c_w.l(libshutdown2.o)
    0x080001be   0x080001be   0x00000002   Code   RO         1645    .ARM.Collect$$libshutdown$$00000010  c_w.l(libshutdown2.o)
    0x080001c0   0x080001c0   0x00000000   Code   RO         1432    .ARM.Collect$$rtentry$$00000000  c_w.l(__rtentry.o)
    0x080001c0   0x080001c0   0x00000000   Code   RO         1460    .ARM.Collect$$rtentry$$00000002  c_w.l(__rtentry2.o)
    0x080001c0   0x080001c0   0x00000006   Code   RO         1472    .ARM.Collect$$rtentry$$00000004  c_w.l(__rtentry4.o)
    0x080001c6   0x080001c6   0x00000000   Code   RO         1462    .ARM.Collect$$rtentry$$00000009  c_w.l(__rtentry2.o)
    0x080001c6   0x080001c6   0x00000004   Code   RO         1463    .ARM.Collect$$rtentry$$0000000A  c_w.l(__rtentry2.o)
    0x080001ca   0x080001ca   0x00000000   Code   RO         1465    .ARM.Collect$$rtentry$$0000000C  c_w.l(__rtentry2.o)
    0x080001ca   0x080001ca   0x00000008   Code   RO         1466    .ARM.Collect$$rtentry$$0000000D  c_w.l(__rtentry2.o)
    0x080001d2   0x080001d2   0x00000002   Code   RO         1585    .ARM.Collect$$rtexit$$00000000  c_w.l(rtexit.o)
    0x080001d4   0x080001d4   0x00000000   Code   RO         1594    .ARM.Collect$$rtexit$$00000002  c_w.l(rtexit2.o)
    0x080001d4   0x080001d4   0x00000004   Code   RO         1595    .ARM.Collect$$rtexit$$00000003  c_w.l(rtexit2.o)
    0x080001d8   0x080001d8   0x00000006   Code   RO         1596    .ARM.Collect$$rtexit$$00000004  c_w.l(rtexit2.o)
    0x080001de   0x080001de   0x00000002   PAD
    0x080001e0   0x080001e0   0x00000040   Code   RO            4    .text               startup_stm32f103xb.o
    0x08000220   0x08000220   0x00000040   Code   RO         1359    .text               c_w.l(noretval__2snprintf.o)
    0x08000260   0x08000260   0x0000004e   Code   RO         1363    .text               c_w.l(_printf_pad.o)
    0x080002ae   0x080002ae   0x00000052   Code   RO         1365    .text               c_w.l(_printf_str.o)
    0x08000300   0x08000300   0x00000078   Code   RO         1367    .text               c_w.l(_printf_dec.o)
    0x08000378   0x08000378   0x00000188   Code   RO         1386    .text               c_w.l(__printf_flags_ss_wp.o)
    0x08000500   0x08000500   0x00000058   Code   RO         1394    .text               c_w.l(memcmp.o)
    0x08000558   0x08000558   0x0000003e   Code   RO         1396    .text               c_w.l(strlen.o)
    0x08000596   0x08000596   0x0000004e   Code   RO         1398    .text               c_w.l(rt_memclr_w.o)
    0x080005e4   0x080005e4   0x00000006   Code   RO         1400    .text               c_w.l(heapauxi.o)
    0x080005ea   0x080005ea   0x000000b2   Code   RO         1433    .text               c_w.l(_printf_intcommon.o)
    0x0800069c   0x0800069c   0x0000041c   Code   RO         1435    .text               c_w.l(_printf_fp_dec.o)
    0x08000ab8   0x08000ab8   0x00000030   Code   RO         1439    .text               c_w.l(_printf_char_common.o)
    0x08000ae8   0x08000ae8   0x00000010   Code   RO         1441    .text               c_w.l(_snputc.o)
    0x08000af8   0x08000af8   0x0000002c   Code   RO         1443    .text               c_w.l(_printf_char.o)
    0x08000b24   0x08000b24   0x00000008   Code   RO         1477    .text               c_w.l(rt_locale_intlibspace.o)
    0x08000b2c   0x08000b2c   0x0000008a   Code   RO         1479    .text               c_w.l(lludiv10.o)
    0x08000bb6   0x08000bb6   0x00000002   PAD
    0x08000bb8   0x08000bb8   0x00000080   Code   RO         1481    .text               c_w.l(_printf_fp_infnan.o)
    0x08000c38   0x08000c38   0x000000e4   Code   RO         1485    .text               c_w.l(bigflt0.o)
    0x08000d1c   0x08000d1c   0x00000008   Code   RO         1521    .text               c_w.l(libspace.o)
    0x08000d24   0x08000d24   0x0000004a   Code   RO         1524    .text               c_w.l(sys_stackheap_outer.o)
    0x08000d6e   0x08000d6e   0x00000012   Code   RO         1528    .text               c_w.l(exit.o)
    0x08000d80   0x08000d80   0x00000080   Code   RO         1530    .text               c_w.l(strcmpv7m.o)
    0x08000e00   0x08000e00   0x0000000c   Code   RO         1606    .text               c_w.l(sys_exit.o)
    0x08000e0c   0x08000e0c   0x00000002   Code   RO         1621    .text               c_w.l(use_no_semi.o)
    0x08000e0e   0x08000e0e   0x00000000   Code   RO         1623    .text               c_w.l(indicate_semi.o)
    0x08000e0e   0x08000e0e   0x00000002   PAD
    0x08000e10   0x08000e10   0x00000052   Code   RO          203    .text.ADC_DMAConvCplt  stm32f1xx_hal_adc.o
    0x08000e62   0x08000e62   0x00000002   PAD
    0x08000e64   0x08000e64   0x00000016   Code   RO          207    .text.ADC_DMAError  stm32f1xx_hal_adc.o
    0x08000e7a   0x08000e7a   0x00000002   PAD
    0x08000e7c   0x08000e7c   0x00000006   Code   RO          205    .text.ADC_DMAHalfConvCplt  stm32f1xx_hal_adc.o
    0x08000e82   0x08000e82   0x00000002   PAD
    0x08000e84   0x08000e84   0x000000ae   Code   RO          189    .text.ADC_Enable    stm32f1xx_hal_adc.o
    0x08000f32   0x08000f32   0x00000002   PAD
    0x08000f34   0x08000f34   0x0000000c   Code   RO         1336    .text.AppBt_GetMode  app_bluetooth_control.o
    0x08000f40   0x08000f40   0x00000026   Code   RO         1318    .text.AppBt_Init    app_bluetooth_control.o
    0x08000f66   0x08000f66   0x00000002   PAD
    0x08000f68   0x08000f68   0x000000f4   Code   RO         1326    .text.AppBt_ParseCommand  app_bluetooth_control.o
    0x0800105c   0x0800105c   0x00000002   Code   RO         1328    .text.AppBt_Process  app_bluetooth_control.o
    0x0800105e   0x0800105e   0x00000002   PAD
    0x08001060   0x08001060   0x00000124   Code   RO         1322    .text.AppBt_PushByte  app_bluetooth_control.o
    0x08001184   0x08001184   0x0000005c   Code   RO         1344    .text.AppBt_SendAck  app_bluetooth_control.o
    0x080011e0   0x080011e0   0x00000024   Code   RO         1324    .text.AppBt_SendText  app_bluetooth_control.o
    0x08001204   0x08001204   0x00000012   Code   RO         1330    .text.AppBt_SetEchoDebug  app_bluetooth_control.o
    0x08001216   0x08001216   0x00000002   PAD
    0x08001218   0x08001218   0x00000010   Code   RO         1334    .text.AppBt_SetMode  app_bluetooth_control.o
    0x08001228   0x08001228   0x00000060   Code   RO         1290    .text.Bluetooth_SendTraceState  trace_follow.o
    0x08001288   0x08001288   0x00000002   Code   RO          131    .text.BusFault_Handler  stm32f1xx_it.o
    0x0800128a   0x0800128a   0x00000002   PAD
    0x0800128c   0x0800128c   0x00000012   Code   RO         1232    .text.Buzzer_Init   buzzer.o
    0x0800129e   0x0800129e   0x00000002   PAD
    0x080012a0   0x080012a0   0x00000012   Code   RO         1236    .text.Buzzer_Off    buzzer.o
    0x080012b2   0x080012b2   0x00000002   PAD
    0x080012b4   0x080012b4   0x00000012   Code   RO         1234    .text.Buzzer_On     buzzer.o
    0x080012c6   0x080012c6   0x00000002   PAD
    0x080012c8   0x080012c8   0x0000000c   Code   RO          143    .text.DMA1_Channel1_IRQHandler  stm32f1xx_it.o
    0x080012d4   0x080012d4   0x00000002   Code   RO          137    .text.DebugMon_Handler  stm32f1xx_it.o
    0x080012d6   0x080012d6   0x00000002   PAD
    0x080012d8   0x080012d8   0x0000000a   Code   RO           15    .text.Error_Handler  main.o
    0x080012e2   0x080012e2   0x00000002   PAD
    0x080012e4   0x080012e4   0x00000176   Code   RO          223    .text.HAL_ADC_ConfigChannel  stm32f1xx_hal_adc.o
    0x0800145a   0x0800145a   0x00000002   PAD
    0x0800145c   0x0800145c   0x00000002   Code   RO          215    .text.HAL_ADC_ConvCpltCallback  stm32f1xx_hal_adc.o
    0x0800145e   0x0800145e   0x00000002   PAD
    0x08001460   0x08001460   0x00000002   Code   RO          219    .text.HAL_ADC_ConvHalfCpltCallback  stm32f1xx_hal_adc.o
    0x08001462   0x08001462   0x00000002   PAD
    0x08001464   0x08001464   0x00000002   Code   RO          221    .text.HAL_ADC_ErrorCallback  stm32f1xx_hal_adc.o
    0x08001466   0x08001466   0x00000002   PAD
    0x08001468   0x08001468   0x00000158   Code   RO          177    .text.HAL_ADC_Init  stm32f1xx_hal_adc.o
    0x080015c0   0x080015c0   0x000000a6   Code   RO           42    .text.HAL_ADC_MspInit  adc.o
    0x08001666   0x08001666   0x00000002   PAD
    0x08001668   0x08001668   0x00000128   Code   RO          201    .text.HAL_ADC_Start_DMA  stm32f1xx_hal_adc.o
    0x08001790   0x08001790   0x00000046   Code   RO          417    .text.HAL_DMA_Abort  stm32f1xx_hal_dma.o
    0x080017d6   0x080017d6   0x00000002   PAD
    0x080017d8   0x080017d8   0x000000b6   Code   RO          419    .text.HAL_DMA_Abort_IT  stm32f1xx_hal_dma.o
    0x0800188e   0x0800188e   0x00000002   PAD
    0x08001890   0x08001890   0x000001a0   Code   RO          423    .text.HAL_DMA_IRQHandler  stm32f1xx_hal_dma.o
    0x08001a30   0x08001a30   0x00000084   Code   RO          409    .text.HAL_DMA_Init  stm32f1xx_hal_dma.o
    0x08001ab4   0x08001ab4   0x000000a0   Code   RO          415    .text.HAL_DMA_Start_IT  stm32f1xx_hal_dma.o
    0x08001b54   0x08001b54   0x00000028   Code   RO          293    .text.HAL_Delay     stm32f1xx_hal.o
    0x08001b7c   0x08001b7c   0x0000020e   Code   RO          385    .text.HAL_GPIO_Init  stm32f1xx_hal_gpio.o
    0x08001d8a   0x08001d8a   0x00000002   PAD
    0x08001d8c   0x08001d8c   0x0000000a   Code   RO          389    .text.HAL_GPIO_ReadPin  stm32f1xx_hal_gpio.o
    0x08001d96   0x08001d96   0x00000002   PAD
    0x08001d98   0x08001d98   0x0000000a   Code   RO          391    .text.HAL_GPIO_WritePin  stm32f1xx_hal_gpio.o
    0x08001da2   0x08001da2   0x00000002   PAD
    0x08001da4   0x08001da4   0x0000000c   Code   RO          285    .text.HAL_GetTick   stm32f1xx_hal.o
    0x08001db0   0x08001db0   0x00000164   Code   RO          606    .text.HAL_I2C_Init  stm32f1xx_hal_i2c.o
    0x08001f14   0x08001f14   0x000001dc   Code   RO          614    .text.HAL_I2C_Master_Transmit  stm32f1xx_hal_i2c.o
    0x080020f0   0x080020f0   0x00000082   Code   RO           67    .text.HAL_I2C_MspInit  i2c.o
    0x08002172   0x08002172   0x00000002   PAD
    0x08002174   0x08002174   0x0000001a   Code   RO          283    .text.HAL_IncTick   stm32f1xx_hal.o
    0x0800218e   0x0800218e   0x00000002   PAD
    0x08002190   0x08002190   0x00000026   Code   RO          273    .text.HAL_Init      stm32f1xx_hal.o
    0x080021b6   0x080021b6   0x00000002   PAD
    0x080021b8   0x080021b8   0x00000048   Code   RO          275    .text.HAL_InitTick  stm32f1xx_hal.o
    0x08002200   0x08002200   0x00000042   Code   RO          154    .text.HAL_MspInit   stm32f1xx_hal_msp.o
    0x08002242   0x08002242   0x00000002   PAD
    0x08002244   0x08002244   0x00000022   Code   RO          445    .text.HAL_NVIC_EnableIRQ  stm32f1xx_hal_cortex.o
    0x08002266   0x08002266   0x00000002   PAD
    0x08002268   0x08002268   0x00000056   Code   RO          443    .text.HAL_NVIC_SetPriority  stm32f1xx_hal_cortex.o
    0x080022be   0x080022be   0x00000002   PAD
    0x080022c0   0x080022c0   0x00000020   Code   RO          441    .text.HAL_NVIC_SetPriorityGrouping  stm32f1xx_hal_cortex.o
    0x080022e0   0x080022e0   0x00000102   Code   RO          371    .text.HAL_RCCEx_PeriphCLKConfig  stm32f1xx_hal_rcc_ex.o
    0x080023e2   0x080023e2   0x00000002   PAD
    0x080023e4   0x080023e4   0x000001ba   Code   RO          337    .text.HAL_RCC_ClockConfig  stm32f1xx_hal_rcc.o
    0x0800259e   0x0800259e   0x00000002   PAD
    0x080025a0   0x080025a0   0x0000000c   Code   RO          347    .text.HAL_RCC_GetHCLKFreq  stm32f1xx_hal_rcc.o
    0x080025ac   0x080025ac   0x00000026   Code   RO          349    .text.HAL_RCC_GetPCLK1Freq  stm32f1xx_hal_rcc.o
    0x080025d2   0x080025d2   0x00000002   PAD
    0x080025d4   0x080025d4   0x00000026   Code   RO          351    .text.HAL_RCC_GetPCLK2Freq  stm32f1xx_hal_rcc.o
    0x080025fa   0x080025fa   0x00000002   PAD
    0x080025fc   0x080025fc   0x00000400   Code   RO          335    .text.HAL_RCC_OscConfig  stm32f1xx_hal_rcc.o
    0x080029fc   0x080029fc   0x0000002c   Code   RO          453    .text.HAL_SYSTICK_Config  stm32f1xx_hal_cortex.o
    0x08002a28   0x08002a28   0x0000004c   Code   RO         1041    .text.HAL_TIMEx_ConfigBreakDeadTime  stm32f1xx_hal_tim_ex.o
    0x08002a74   0x08002a74   0x0000007e   Code   RO         1039    .text.HAL_TIMEx_MasterConfigSynchronization  stm32f1xx_hal_tim_ex.o
    0x08002af2   0x08002af2   0x00000002   PAD
    0x08002af4   0x08002af4   0x0000015a   Code   RO          858    .text.HAL_TIM_Encoder_Init  stm32f1xx_hal_tim.o
    0x08002c4e   0x08002c4e   0x00000002   PAD
    0x08002c50   0x08002c50   0x000000a8   Code   RO           92    .text.HAL_TIM_Encoder_MspInit  tim.o
    0x08002cf8   0x08002cf8   0x000000bc   Code   RO          866    .text.HAL_TIM_Encoder_Start  stm32f1xx_hal_tim.o
    0x08002db4   0x08002db4   0x00000204   Code   RO          898    .text.HAL_TIM_PWM_ConfigChannel  stm32f1xx_hal_tim.o
    0x08002fb8   0x08002fb8   0x000000fa   Code   RO          798    .text.HAL_TIM_PWM_Init  stm32f1xx_hal_tim.o
    0x080030b2   0x080030b2   0x00000002   PAD
    0x080030b4   0x080030b4   0x0000005a   Code   RO           90    .text.HAL_TIM_PWM_MspInit  tim.o
    0x0800310e   0x0800310e   0x00000002   PAD
    0x08003110   0x08003110   0x000000da   Code   RO          806    .text.HAL_TIM_PWM_Start  stm32f1xx_hal_tim.o
    0x080031ea   0x080031ea   0x00000002   PAD
    0x080031ec   0x080031ec   0x00000002   Code   RO         1147    .text.HAL_UARTEx_RxEventCallback  stm32f1xx_hal_uart.o
    0x080031ee   0x080031ee   0x00000002   PAD
    0x080031f0   0x080031f0   0x00000002   Code   RO         1145    .text.HAL_UART_ErrorCallback  stm32f1xx_hal_uart.o
    0x080031f2   0x080031f2   0x00000002   PAD
    0x080031f4   0x080031f4   0x00000570   Code   RO         1139    .text.HAL_UART_IRQHandler  stm32f1xx_hal_uart.o
    0x08003764   0x08003764   0x000000e2   Code   RO         1063    .text.HAL_UART_Init  stm32f1xx_hal_uart.o
    0x08003846   0x08003846   0x00000002   PAD
    0x08003848   0x08003848   0x0000008e   Code   RO          112    .text.HAL_UART_MspInit  usart.o
    0x080038d6   0x080038d6   0x00000002   PAD
    0x080038d8   0x080038d8   0x00000054   Code   RO         1083    .text.HAL_UART_Receive_IT  stm32f1xx_hal_uart.o
    0x0800392c   0x0800392c   0x00000148   Code   RO           17    .text.HAL_UART_RxCpltCallback  main.o
    0x08003a74   0x08003a74   0x00000192   Code   RO         1077    .text.HAL_UART_Transmit  stm32f1xx_hal_uart.o
    0x08003c06   0x08003c06   0x00000002   PAD
    0x08003c08   0x08003c08   0x00000002   Code   RO         1149    .text.HAL_UART_TxCpltCallback  stm32f1xx_hal_uart.o
    0x08003c0a   0x08003c0a   0x00000002   PAD
    0x08003c0c   0x08003c0c   0x00000002   Code   RO          127    .text.HardFault_Handler  stm32f1xx_it.o
    0x08003c0e   0x08003c0e   0x00000002   PAD
    0x08003c10   0x08003c10   0x000000ba   Code   RO          620    .text.I2C_WaitOnBTFFlagUntilTimeout  stm32f1xx_hal_i2c.o
    0x08003cca   0x08003cca   0x00000002   PAD
    0x08003ccc   0x08003ccc   0x000001ca   Code   RO          616    .text.I2C_WaitOnFlagUntilTimeout  stm32f1xx_hal_i2c.o
    0x08003e96   0x08003e96   0x00000002   PAD
    0x08003e98   0x08003e98   0x000000d6   Code   RO          734    .text.I2C_WaitOnMasterAddressFlagUntilTimeout  stm32f1xx_hal_i2c.o
    0x08003f6e   0x08003f6e   0x00000002   PAD
    0x08003f70   0x08003f70   0x000000ba   Code   RO          618    .text.I2C_WaitOnTXEFlagUntilTimeout  stm32f1xx_hal_i2c.o
    0x0800402a   0x0800402a   0x00000002   PAD
    0x0800402c   0x0800402c   0x00000098   Code   RO           40    .text.MX_ADC1_Init  adc.o
    0x080040c4   0x080040c4   0x00000034   Code   RO           56    .text.MX_DMA_Init   dma.o
    0x080040f8   0x080040f8   0x0000008e   Code   RO           31    .text.MX_GPIO_Init  gpio.o
    0x08004186   0x08004186   0x00000002   PAD
    0x08004188   0x08004188   0x00000042   Code   RO           65    .text.MX_I2C1_Init  i2c.o
    0x080041ca   0x080041ca   0x00000002   PAD
    0x080041cc   0x080041cc   0x0000013c   Code   RO           80    .text.MX_TIM1_Init  tim.o
    0x08004308   0x08004308   0x00000062   Code   RO           84    .text.MX_TIM2_Init  tim.o
    0x0800436a   0x0800436a   0x00000002   PAD
    0x0800436c   0x0800436c   0x00000102   Code   RO           86    .text.MX_TIM3_Init  tim.o
    0x0800446e   0x0800446e   0x00000002   PAD
    0x08004470   0x08004470   0x00000066   Code   RO           88    .text.MX_TIM4_Init  tim.o
    0x080044d6   0x080044d6   0x00000002   PAD
    0x080044d8   0x080044d8   0x0000003c   Code   RO          110    .text.MX_USART1_UART_Init  usart.o
    0x08004514   0x08004514   0x00000002   Code   RO          129    .text.MemManage_Handler  stm32f1xx_it.o
    0x08004516   0x08004516   0x00000002   PAD
    0x08004518   0x08004518   0x00000002   Code   RO          125    .text.NMI_Handler   stm32f1xx_it.o
    0x0800451a   0x0800451a   0x00000002   PAD
    0x0800451c   0x0800451c   0x0000001a   Code   RO         1202    .text.OLED_Clear    oled.o
    0x08004536   0x08004536   0x00000002   PAD
    0x08004538   0x08004538   0x000002c4   Code   RO         1208    .text.OLED_Init     oled.o
    0x080047fc   0x080047fc   0x000001c0   Code   RO         1200    .text.OLED_Refresh  oled.o
    0x080049bc   0x080049bc   0x00000360   Code   RO         1210    .text.OLED_ShowChar  oled.o
    0x08004d1c   0x08004d1c   0x00000034   Code   RO         1212    .text.OLED_ShowString  oled.o
    0x08004d50   0x08004d50   0x00000002   Code   RO          139    .text.PendSV_Handler  stm32f1xx_it.o
    0x08004d52   0x08004d52   0x00000002   PAD
    0x08004d54   0x08004d54   0x00000002   Code   RO          135    .text.SVC_Handler   stm32f1xx_it.o
    0x08004d56   0x08004d56   0x00000002   PAD
    0x08004d58   0x08004d58   0x00000004   Code   RO          141    .text.SysTick_Handler  stm32f1xx_it.o
    0x08004d5c   0x08004d5c   0x00000002   Code   RO         1183    .text.SystemInit    system_stm32f1xx.o
    0x08004d5e   0x08004d5e   0x00000002   PAD
    0x08004d60   0x08004d60   0x00000028   Code   RO         1272    .text.TraceFollow_GetAdc  trace_follow.o
    0x08004d88   0x08004d88   0x0000000c   Code   RO         1274    .text.TraceFollow_GetError  trace_follow.o
    0x08004d94   0x08004d94   0x000000aa   Code   RO         1302    .text.TraceFollow_HandleObstacle  trace_follow.o
    0x08004e3e   0x08004e3e   0x00000002   PAD
    0x08004e40   0x08004e40   0x0000007c   Code   RO         1262    .text.TraceFollow_Init  trace_follow.o
    0x08004ebc   0x08004ebc   0x00000012   Code   RO         1304    .text.TraceFollow_IsObstacleActive  trace_follow.o
    0x08004ece   0x08004ece   0x00000002   PAD
    0x08004ed0   0x08004ed0   0x0000008a   Code   RO         1296    .text.TraceFollow_ManualBackward  trace_follow.o
    0x08004f5a   0x08004f5a   0x00000002   PAD
    0x08004f5c   0x08004f5c   0x0000008a   Code   RO         1294    .text.TraceFollow_ManualForward  trace_follow.o
    0x08004fe6   0x08004fe6   0x00000002   PAD
    0x08004fe8   0x08004fe8   0x0000008a   Code   RO         1298    .text.TraceFollow_ManualLeft  trace_follow.o
    0x08005072   0x08005072   0x00000002   PAD
    0x08005074   0x08005074   0x0000008a   Code   RO         1300    .text.TraceFollow_ManualRight  trace_follow.o
    0x080050fe   0x080050fe   0x00000002   PAD
    0x08005100   0x08005100   0x0000007a   Code   RO         1292    .text.TraceFollow_ManualStop  trace_follow.o
    0x0800517a   0x0800517a   0x00000002   PAD
    0x0800517c   0x0800517c   0x00000068   Code   RO         1264    .text.TraceFollow_SetMotorDirection  trace_follow.o
    0x080051e4   0x080051e4   0x00000018   Code   RO         1280    .text.TraceFollow_SetPid  trace_follow.o
    0x080051fc   0x080051fc   0x0000000c   Code   RO         1282    .text.TraceFollow_SetServoCenter  trace_follow.o
    0x08005208   0x08005208   0x0000000e   Code   RO         1284    .text.TraceFollow_SetServoRange  trace_follow.o
    0x08005216   0x08005216   0x00000002   PAD
    0x08005218   0x08005218   0x0000000e   Code   RO         1278    .text.TraceFollow_SetSpeed  trace_follow.o
    0x08005226   0x08005226   0x00000002   PAD
    0x08005228   0x08005228   0x0000007c   Code   RO         1266    .text.TraceFollow_Start  trace_follow.o
    0x080052a4   0x080052a4   0x00000824   Code   RO         1270    .text.TraceFollow_Update  trace_follow.o
    0x08005ac8   0x08005ac8   0x0000000c   Code   RO         1143    .text.UART_DMAAbortOnError  stm32f1xx_hal_uart.o
    0x08005ad4   0x08005ad4   0x000000fe   Code   RO         1141    .text.UART_Receive_IT  stm32f1xx_hal_uart.o
    0x08005bd2   0x08005bd2   0x00000002   PAD
    0x08005bd4   0x08005bd4   0x0000000c   Code   RO          145    .text.USART1_IRQHandler  stm32f1xx_it.o
    0x08005be0   0x08005be0   0x0000003c   Code   RO         1250    .text.Ultrasonic_Init  ultrasonic.o
    0x08005c1c   0x08005c1c   0x00000118   Code   RO         1252    .text.Ultrasonic_ReadDistanceCm  ultrasonic.o
    0x08005d34   0x08005d34   0x00000002   Code   RO          133    .text.UsageFault_Handler  stm32f1xx_it.o
    0x08005d36   0x08005d36   0x00000002   PAD
    0x08005d38   0x08005d38   0x00000354   Code   RO           11    .text.main          main.o
    0x0800608c   0x0800608c   0x0000003e   Code   RO         1488    CL$$btod_d2e        c_w.l(btod.o)
    0x080060ca   0x080060ca   0x00000046   Code   RO         1490    CL$$btod_d2e_denorm_low  c_w.l(btod.o)
    0x08006110   0x08006110   0x00000060   Code   RO         1489    CL$$btod_d2e_norm_op1  c_w.l(btod.o)
    0x08006170   0x08006170   0x00000338   Code   RO         1498    CL$$btod_div_common  c_w.l(btod.o)
    0x080064a8   0x080064a8   0x000000dc   Code   RO         1495    CL$$btod_e2e        c_w.l(btod.o)
    0x08006584   0x08006584   0x0000002a   Code   RO         1492    CL$$btod_ediv       c_w.l(btod.o)
    0x080065ae   0x080065ae   0x0000002a   Code   RO         1491    CL$$btod_emul       c_w.l(btod.o)
    0x080065d8   0x080065d8   0x00000244   Code   RO         1497    CL$$btod_mult_common  c_w.l(btod.o)
    0x0800681c   0x0800681c   0x00000028   Code   RO         1519    i.__ARM_fpclassify  m_ws.l(fpclassify.o)
    0x08006844   0x08006844   0x0000000e   Code   RO         1379    i._is_digit         c_w.l(__printf_wp.o)
    0x08006852   0x08006852   0x00000002   PAD
    0x08006854   0x08006854   0x0000002c   Code   RO         1513    locale$$code        c_w.l(lc_numeric_c.o)
    0x08006880   0x08006880   0x0000000c   Code   RO         1446    x$fpl$dretinf       fz_ws.l(dretinf.o)
    0x0800688c   0x0800688c   0x00000056   Code   RO         1404    x$fpl$f2d           fz_ws.l(f2d.o)
    0x080068e2   0x080068e2   0x00000002   PAD
    0x080068e4   0x080068e4   0x000000c4   Code   RO         1406    x$fpl$fadd          fz_ws.l(faddsub_clz.o)
    0x080069a8   0x080069a8   0x00000054   Code   RO         1412    x$fpl$fcmp          fz_ws.l(fcmp.o)
    0x080069fc   0x080069fc   0x00000018   Code   RO         1515    x$fpl$fcmpinf       fz_ws.l(fcmpi.o)
    0x08006a14   0x08006a14   0x00000184   Code   RO         1415    x$fpl$fdiv          fz_ws.l(fdiv.o)
    0x08006b98   0x08006b98   0x00000068   Code   RO         1448    x$fpl$feqf          fz_ws.l(feqf.o)
    0x08006c00   0x08006c00   0x00000036   Code   RO         1418    x$fpl$ffix          fz_ws.l(ffix.o)
    0x08006c36   0x08006c36   0x00000002   PAD
    0x08006c38   0x08006c38   0x00000030   Code   RO         1423    x$fpl$fflt          fz_ws.l(fflt_clz.o)
    0x08006c68   0x08006c68   0x00000026   Code   RO         1422    x$fpl$ffltu         fz_ws.l(fflt_clz.o)
    0x08006c8e   0x08006c8e   0x00000002   PAD
    0x08006c90   0x08006c90   0x00000068   Code   RO         1450    x$fpl$fgeqf         fz_ws.l(fgeqf.o)
    0x08006cf8   0x08006cf8   0x00000068   Code   RO         1452    x$fpl$fleqf         fz_ws.l(fleqf.o)
    0x08006d60   0x08006d60   0x00000102   Code   RO         1428    x$fpl$fmul          fz_ws.l(fmul.o)
    0x08006e62   0x08006e62   0x0000008c   Code   RO         1454    x$fpl$fnaninf       fz_ws.l(fnaninf.o)
    0x08006eee   0x08006eee   0x0000000a   Code   RO         1456    x$fpl$fretinf       fz_ws.l(fretinf.o)
    0x08006ef8   0x08006ef8   0x000000ea   Code   RO         1408    x$fpl$fsub          fz_ws.l(faddsub_clz.o)
    0x08006fe2   0x08006fe2   0x00000004   Code   RO         1430    x$fpl$printf1       fz_ws.l(printf1.o)
    0x08006fe6   0x08006fe6   0x00000000   Code   RO         1458    x$fpl$usenofp       fz_ws.l(usenofp.o)
    0x08006fe6   0x08006fe6   0x00000011   Data   RO         1387    .constdata          c_w.l(__printf_flags_ss_wp.o)
    0x08006ff7   0x08006ff7   0x00000001   PAD
    0x08006ff8   0x08006ff8   0x00000094   Data   RO         1486    .constdata          c_w.l(bigflt0.o)
    0x0800708c   0x0800708c   0x00000010   Data   RO         1188    .rodata.AHBPrescTable  system_stm32f1xx.o
    0x0800709c   0x0800709c   0x00000008   Data   RO         1189    .rodata.APBPrescTable  system_stm32f1xx.o
    0x080070a4   0x080070a4   0x00000002   Data   RO          362    .rodata.HAL_RCC_GetSysClockFreq.aPredivFactorTable  stm32f1xx_hal_rcc.o
    0x080070a6   0x080070a6   0x00000010   Data   RO          361    .rodata.cst16       stm32f1xx_hal_rcc.o
    0x080070b6   0x080070b6   0x00000138   Data   RO         1223    .rodata.font6x8     oled.o
    0x080071ee   0x080071ee   0x0000000a   Data   RO           19    .rodata.str1.1      main.o
    0x080071f8   0x080071f8   0x00000057   Data   RO         1346    .rodata.str1.1      app_bluetooth_control.o
    0x0800724f   0x0800724f   0x00000001   PAD
    0x08007250   0x08007250   0x00000020   Data   RO         1673    Region$$Table       anon$$obj.o
    0x08007270   0x08007270   0x0000001c   Data   RO         1512    locale$$data        c_w.l(lc_numeric_c.o)


    Execution Region RW_IRAM1 (Exec base: 0x20000000, Load base: 0x08007290, Size: 0x00000d40, Max: 0x00005000, ABSOLUTE)

    Exec Addr    Load Addr    Size         Type   Attr      Idx    E Section Name        Object

    0x20000000   0x08007290   0x00000008   Data   RW          324    .data..L_MergedGlobals  stm32f1xx_hal.o
    0x20000008   0x08007298   0x0000001c   Data   RW         1308    .data..L_MergedGlobals  trace_follow.o
    0x20000024   0x080072b4   0x00000004   Data   RW         1187    .data.SystemCoreClock  system_stm32f1xx.o
    0x20000028        -       0x00000060   Zero   RW         1522    .bss                c_w.l(libspace.o)
    0x20000088        -       0x0000000c   Zero   RW           22    .bss..L_MergedGlobals  main.o
    0x20000094        -       0x00000024   Zero   RW         1347    .bss..L_MergedGlobals  app_bluetooth_control.o
    0x200000b8        -       0x00000052   Zero   RW         1309    .bss..L_MergedGlobals.1  trace_follow.o
    0x2000010a   0x080072b8   0x00000002   PAD
    0x2000010c        -       0x00000400   Zero   RW         1222    .bss.OLED_Buffer    oled.o
    0x2000050c        -       0x00000030   Zero   RW           46    .bss.hadc1          adc.o
    0x2000053c        -       0x00000044   Zero   RW           47    .bss.hdma_adc1      adc.o
    0x20000580        -       0x00000054   Zero   RW           71    .bss.hi2c1          i2c.o
    0x200005d4        -       0x00000048   Zero   RW           98    .bss.htim1          tim.o
    0x2000061c        -       0x00000048   Zero   RW           99    .bss.htim2          tim.o
    0x20000664        -       0x00000048   Zero   RW          100    .bss.htim3          tim.o
    0x200006ac        -       0x00000048   Zero   RW          101    .bss.htim4          tim.o
    0x200006f4        -       0x00000048   Zero   RW          116    .bss.huart1         usart.o
    0x2000073c        -       0x00000004   Zero   RW          323    .bss.uwTick         stm32f1xx_hal.o
    0x20000740        -       0x00000200   Zero   RW            2    HEAP                startup_stm32f103xb.o
    0x20000940        -       0x00000400   Zero   RW            1    STACK               startup_stm32f103xb.o


==============================================================================

Image component sizes


      Code (inc. data)   RO Data    RW Data    ZI Data      Debug   Object Name

       318          0          0          0        116       4367   adc.o
       750        108         87          0         36       6954   app_bluetooth_control.o
        54          0          0          0          0       2066   buzzer.o
        52          0          0          0          0       2159   dma.o
       142          0          0          0          0       1529   gpio.o
       196          0          0          0         84       4723   i2c.o
      1190        208         10          0         12       7509   main.o
      2098         64        312          0       1024      13625   oled.o
        64         26        236          0       1536        776   startup_stm32f103xb.o
       188          0          0          8          4       5736   stm32f1xx_hal.o
      1304          0          0          0          0      13645   stm32f1xx_hal_adc.o
       196          0          0          0          0       8390   stm32f1xx_hal_cortex.o
       960          0          0          0          0       8257   stm32f1xx_hal_dma.o
       546         22          0          0          0       4664   stm32f1xx_hal_gpio.o
      1876          0          0          0          0      44962   stm32f1xx_hal_i2c.o
        66          0          0          0          0       1185   stm32f1xx_hal_msp.o
      1554          0         18          0          0       7924   stm32f1xx_hal_rcc.o
       258          0          0          0          0       3614   stm32f1xx_hal_rcc_ex.o
      1518          6          0          0          0      57643   stm32f1xx_hal_tim.o
       202          0          0          0          0      20885   stm32f1xx_hal_tim_ex.o
      2376          0          0          0          0      32596   stm32f1xx_hal_uart.o
        44          0          0          0          0       3951   stm32f1xx_it.o
         2          0         24          4          0       1574   system_stm32f1xx.o
      1032          0          0          0        288       9482   tim.o
      3510         46          0         28         82      15945   trace_follow.o
       340          0          0          0          0       2928   ultrasonic.o
       202          0          0          0         72       5368   usart.o

    ----------------------------------------------------------------------
     21180        480        720         40       3256     292457   Object Totals
         0          0         32          0          0          0   (incl. Generated)
       142          0          1          0          2          0   (incl. Padding)

    ----------------------------------------------------------------------

      Code (inc. data)   RO Data    RW Data    ZI Data      Debug   Library Member Name

         8          0          0          0          0         68   __main.o
       392          4         17          0          0         92   __printf_flags_ss_wp.o
        14          0          0          0          0         68   __printf_wp.o
         0          0          0          0          0          0   __rtentry.o
        12          0          0          0          0          0   __rtentry2.o
         6          0          0          0          0          0   __rtentry4.o
        94          8          0          0          0          0   __scatter.o
        26          0          0          0          0          0   __scatter_copy.o
        28          0          0          0          0          0   __scatter_zi.o
         6          0          0          0          0          0   _printf_c.o
        44          0          0          0          0        108   _printf_char.o
        48          6          0          0          0         96   _printf_char_common.o
       120         16          0          0          0         92   _printf_dec.o
         6          0          0          0          0          0   _printf_f.o
      1052          0          0          0          0        148   _printf_fp_dec.o
       128         16          0          0          0         84   _printf_fp_infnan.o
       178          0          0          0          0         88   _printf_intcommon.o
        78          0          0          0          0        108   _printf_pad.o
         0          0          0          0          0          0   _printf_percent.o
         4          0          0          0          0          0   _printf_percent_end.o
         6          0          0          0          0          0   _printf_s.o
        82          0          0          0          0         80   _printf_str.o
         6          0          0          0          0          0   _printf_u.o
        16          0          0          0          0         68   _snputc.o
       228          4        148          0          0         96   bigflt0.o
      1936        128          0          0          0        668   btod.o
        18          0          0          0          0         80   exit.o
         6          0          0          0          0        152   heapauxi.o
         0          0          0          0          0          0   indicate_semi.o
        44         10         28          0          0         76   lc_numeric_c.o
         2          0          0          0          0          0   libinit.o
        18          0          0          0          0          0   libinit2.o
         2          0          0          0          0          0   libshutdown.o
         2          0          0          0          0          0   libshutdown2.o
         8          4          0          0         96         68   libspace.o
       138          0          0          0          0         80   lludiv10.o
        88          0          0          0          0         76   memcmp.o
        64          6          0          0          0         84   noretval__2snprintf.o
         8          4          0          0          0         68   rt_locale_intlibspace.o
        78          0          0          0          0         80   rt_memclr_w.o
         2          0          0          0          0          0   rtexit.o
        10          0          0          0          0          0   rtexit2.o
       128          0          0          0          0         68   strcmpv7m.o
        62          0          0          0          0         76   strlen.o
        12          4          0          0          0         68   sys_exit.o
        74          0          0          0          0         80   sys_stackheap_outer.o
         2          0          0          0          0         68   use_no_semi.o
        12          0          0          0          0         68   dretinf.o
        86          4          0          0          0         84   f2d.o
       430          8          0          0          0        168   faddsub_clz.o
        84          0          0          0          0        196   fcmp.o
        24          0          0          0          0         68   fcmpi.o
       388         76          0          0          0         96   fdiv.o
       104          4          0          0          0         84   feqf.o
        54          4          0          0          0         84   ffix.o
        86          0          0          0          0        136   fflt_clz.o
       104          4          0          0          0         84   fgeqf.o
       104          4          0          0          0         84   fleqf.o
       258          4          0          0          0         84   fmul.o
       140          4          0          0          0         84   fnaninf.o
        10          0          0          0          0         68   fretinf.o
         4          0          0          0          0         68   printf1.o
         0          0          0          0          0          0   usenofp.o
        40          0          0          0          0         68   fpclassify.o

    ----------------------------------------------------------------------
      7230        322        194          0         96       4512   Library Totals
        18          0          1          0          0          0   (incl. Padding)

    ----------------------------------------------------------------------

      Code (inc. data)   RO Data    RW Data    ZI Data      Debug   Library Name

      5284        210        193          0         96       2988   c_w.l
      1888        112          0          0          0       1456   fz_ws.l
        40          0          0          0          0         68   m_ws.l

    ----------------------------------------------------------------------
      7230        322        194          0         96       4512   Library Totals

    ----------------------------------------------------------------------

==============================================================================


      Code (inc. data)   RO Data    RW Data    ZI Data      Debug   

     28410        802        914         40       3352     294037   Grand Totals
     28410        802        914         40       3352     294037   ELF Image Totals
     28410        802        914         40          0          0   ROM Totals

==============================================================================

    Total RO  Size (Code + RO Data)                29324 (  28.64kB)
    Total RW  Size (RW Data + ZI Data)              3392 (   3.31kB)
    Total ROM Size (Code + RO Data + RW Data)      29364 (  28.68kB)

==============================================================================

