Component: ARM Compiler 5.06 update 6 (build 750) Tool: armlink [4d35ed]

==============================================================================

Section Cross References

    startup_stm32l152xc.o(STACK) refers (Special) to heapauxi.o(.text) for __use_two_region_memory
    startup_stm32l152xc.o(HEAP) refers (Special) to heapauxi.o(.text) for __use_two_region_memory
    startup_stm32l152xc.o(RESET) refers (Special) to heapauxi.o(.text) for __use_two_region_memory
    startup_stm32l152xc.o(RESET) refers to startup_stm32l152xc.o(STACK) for __initial_sp
    startup_stm32l152xc.o(RESET) refers to startup_stm32l152xc.o(.text) for Reset_Handler
    startup_stm32l152xc.o(RESET) refers to stm32l1xx_it.o(i.NMI_Handler) for NMI_Handler
    startup_stm32l152xc.o(RESET) refers to stm32l1xx_it.o(i.HardFault_Handler) for HardFault_Handler
    startup_stm32l152xc.o(RESET) refers to stm32l1xx_it.o(i.MemManage_Handler) for MemManage_Handler
    startup_stm32l152xc.o(RESET) refers to stm32l1xx_it.o(i.BusFault_Handler) for BusFault_Handler
    startup_stm32l152xc.o(RESET) refers to stm32l1xx_it.o(i.UsageFault_Handler) for UsageFault_Handler
    startup_stm32l152xc.o(RESET) refers to stm32l1xx_it.o(i.SVC_Handler) for SVC_Handler
    startup_stm32l152xc.o(RESET) refers to stm32l1xx_it.o(i.DebugMon_Handler) for DebugMon_Handler
    startup_stm32l152xc.o(RESET) refers to stm32l1xx_it.o(i.PendSV_Handler) for PendSV_Handler
    startup_stm32l152xc.o(RESET) refers to stm32l1xx_it.o(i.SysTick_Handler) for SysTick_Handler
    startup_stm32l152xc.o(RESET) refers to stm32l1xx_it.o(i.RTC_WKUP_IRQHandler) for RTC_WKUP_IRQHandler
    startup_stm32l152xc.o(RESET) refers to stm32l1xx_it.o(i.DMA1_Channel4_IRQHandler) for DMA1_Channel4_IRQHandler
    startup_stm32l152xc.o(RESET) refers to stm32l1xx_it.o(i.DMA1_Channel5_IRQHandler) for DMA1_Channel5_IRQHandler
    startup_stm32l152xc.o(RESET) refers to stm32l1xx_it.o(i.EXTI15_10_IRQHandler) for EXTI15_10_IRQHandler
    startup_stm32l152xc.o(RESET) refers to stm32l1xx_it.o(i.TIM7_IRQHandler) for TIM7_IRQHandler
    startup_stm32l152xc.o(.text) refers (Special) to heapauxi.o(.text) for __use_two_region_memory
    startup_stm32l152xc.o(.text) refers to system_stm32l1xx.o(i.SystemInit) for SystemInit
    startup_stm32l152xc.o(.text) refers to __main.o(!!!main) for __main
    startup_stm32l152xc.o(.text) refers to startup_stm32l152xc.o(HEAP) for Heap_Mem
    startup_stm32l152xc.o(.text) refers to startup_stm32l152xc.o(STACK) for Stack_Mem
    gpio.o(i.MX_GPIO_Init) refers to rt_memclr_w.o(.text) for __aeabi_memclr4
    gpio.o(i.MX_GPIO_Init) refers to gpio.o(i.LL_AHB1_GRP1_EnableClock) for LL_AHB1_GRP1_EnableClock
    gpio.o(i.MX_GPIO_Init) refers to gpio.o(i.LL_GPIO_ResetOutputPin) for LL_GPIO_ResetOutputPin
    gpio.o(i.MX_GPIO_Init) refers to stm32l1xx_ll_gpio.o(i.LL_GPIO_Init) for LL_GPIO_Init
    gpio.o(i.MX_GPIO_Init) refers to stm32l1xx_ll_exti.o(i.LL_EXTI_Init) for LL_EXTI_Init
    gpio.o(i.MX_GPIO_Init) refers to stm32l1xx_hal_cortex.o(i.HAL_NVIC_SetPriority) for HAL_NVIC_SetPriority
    gpio.o(i.MX_GPIO_Init) refers to stm32l1xx_hal_cortex.o(i.HAL_NVIC_EnableIRQ) for HAL_NVIC_EnableIRQ
    adc.o(i.HAL_ADC_MspInit) refers to rt_memclr_w.o(.text) for __aeabi_memclr4
    adc.o(i.HAL_ADC_MspInit) refers to stm32l1xx_hal_gpio.o(i.HAL_GPIO_Init) for HAL_GPIO_Init
    adc.o(i.MX_ADC1_Init) refers to rt_memclr_w.o(.text) for __aeabi_memclr4
    adc.o(i.MX_ADC1_Init) refers to stm32l1xx_hal.o(i.HAL_Delay) for HAL_Delay
    adc.o(i.MX_ADC1_Init) refers to stm32l1xx_hal_adc.o(i.HAL_ADC_Init) for HAL_ADC_Init
    adc.o(i.MX_ADC1_Init) refers to main.o(i.Error_Handler) for Error_Handler
    adc.o(i.MX_ADC1_Init) refers to stm32l1xx_hal_adc.o(i.HAL_ADC_ConfigChannel) for HAL_ADC_ConfigChannel
    adc.o(i.MX_ADC1_Init) refers to stm32l1xx_hal_adc.o(i.HAL_ADC_Start) for HAL_ADC_Start
    adc.o(i.MX_ADC1_Init) refers to stm32l1xx_hal_adc.o(i.HAL_ADC_Stop) for HAL_ADC_Stop
    dma.o(i.MX_DMA_Init) refers to dma.o(i.__NVIC_GetPriorityGrouping) for __NVIC_GetPriorityGrouping
    dma.o(i.MX_DMA_Init) refers to dma.o(i.NVIC_EncodePriority) for NVIC_EncodePriority
    dma.o(i.MX_DMA_Init) refers to dma.o(i.__NVIC_SetPriority) for __NVIC_SetPriority
    dma.o(i.MX_DMA_Init) refers to dma.o(i.__NVIC_EnableIRQ) for __NVIC_EnableIRQ
    lcd.o(i.HAL_LCD_MspDeInit) refers to stm32l1xx_hal_gpio.o(i.HAL_GPIO_DeInit) for HAL_GPIO_DeInit
    lcd.o(i.HAL_LCD_MspInit) refers to rt_memclr_w.o(.text) for __aeabi_memclr4
    lcd.o(i.HAL_LCD_MspInit) refers to stm32l1xx_hal_gpio.o(i.HAL_GPIO_Init) for HAL_GPIO_Init
    lcd.o(i.MX_LCD_Init) refers to stm32l1xx_hal_lcd.o(i.HAL_LCD_Init) for HAL_LCD_Init
    lcd.o(i.MX_LCD_Init) refers to main.o(i.Error_Handler) for Error_Handler
    lcd.o(i.MX_LCD_Init) refers to lcd.o(.bss) for hlcd
    rtc.o(i.MX_RTC_Init) refers to stm32l1xx_hal_rtc.o(i.HAL_RTC_Init) for HAL_RTC_Init
    rtc.o(i.MX_RTC_Init) refers to main.o(i.Error_Handler) for Error_Handler
[...]
    i.RCC_PLL_GetFreqDomain_SYS              0x08004efc   Section        0  stm32l1xx_ll_rcc.o(i.RCC_PLL_GetFreqDomain_SYS)
    RCC_PLL_GetFreqDomain_SYS                0x08004efd   Thumb Code    78  stm32l1xx_ll_rcc.o(i.RCC_PLL_GetFreqDomain_SYS)
    i.RCC_SetFlashLatencyFromMSIRange        0x08004f5c   Section        0  stm32l1xx_hal_rcc.o(i.RCC_SetFlashLatencyFromMSIRange)
    RCC_SetFlashLatencyFromMSIRange          0x08004f5d   Thumb Code   156  stm32l1xx_hal_rcc.o(i.RCC_SetFlashLatencyFromMSIRange)
    i.RTC_EnterInitMode                      0x08005004   Section        0  stm32l1xx_hal_rtc.o(i.RTC_EnterInitMode)
    i.RTC_ExitInitMode                       0x0800504e   Section        0  stm32l1xx_hal_rtc.o(i.RTC_ExitInitMode)
    i.RTC_WKUP_IRQHandler                    0x0800507c   Section        0  stm32l1xx_it.o(i.RTC_WKUP_IRQHandler)
    i.SVC_Handler                            0x0800508c   Section        0  stm32l1xx_it.o(i.SVC_Handler)
    i.Sensor_Read_24bit_Data                 0x08005090   Section        0  sensor_sample.o(i.Sensor_Read_24bit_Data)
    i.SysTick_Handler                        0x08005178   Section        0  stm32l1xx_it.o(i.SysTick_Handler)
    i.SystemClock_Config                     0x08005180   Section        0  main.o(i.SystemClock_Config)
    i.SystemInit                             0x0800520c   Section        0  system_stm32l1xx.o(i.SystemInit)
    i.TIM7_IRQHandler                        0x08005210   Section        0  stm32l1xx_it.o(i.TIM7_IRQHandler)
    i.USB_APP_ConnectCallback                0x08005254   Section        0  usb_app.o(i.USB_APP_ConnectCallback)
    i.USB_APP_Init                           0x0800527c   Section        0  usb_app.o(i.USB_APP_Init)
    i.USB_APP_SetMode                        0x08005308   Section        0  usb_app.o(i.USB_APP_SetMode)
    i.Unit_Convert                           0x08005344   Section        0  measurement_state_machine.o(i.Unit_Convert)
    Unit_Convert                             0x08005345   Thumb Code    70  measurement_state_machine.o(i.Unit_Convert)
    i.UsageFault_Handler                     0x08005390   Section        0  stm32l1xx_it.o(i.UsageFault_Handler)
    i.ZTJ_CycleMaxMinTir                     0x08005394   Section        0  measurement_state_machine.o(i.ZTJ_CycleMaxMinTir)
    i.ZTJ_CycleResolutionMode                0x0800541c   Section        0  measurement_state_machine.o(i.ZTJ_CycleResolutionMode)
    i.ZTJ_EnterSetupMode                     0x0800546c   Section        0  measurement_state_machine.o(i.ZTJ_EnterSetupMode)
    i.ZTJ_GetCurrentMode                     0x08005480   Section        0  measurement_state_machine.o(i.ZTJ_GetCurrentMode)
    i.ZTJ_GetCurrentState                    0x0800548c   Section        0  measurement_state_machine.o(i.ZTJ_GetCurrentState)
    i.ZTJ_GetTirBaseValue                    0x08005494   Section        0  measurement_state_machine.o(i.ZTJ_GetTirBaseValue)
    i.ZTJ_GetTirMaxNegativeDeviation         0x080054a0   Section        0  measurement_state_machine.o(i.ZTJ_GetTirMaxNegativeDeviation)
    i.ZTJ_GetTirMaxPositiveDeviation         0x080054ac   Section        0  measurement_state_machine.o(i.ZTJ_GetTirMaxPositiveDeviation)
    i.ZTJ_GetToleranceResult                 0x080054b8   Section        0  measurement_state_machine.o(i.ZTJ_GetToleranceResult)
    i.ZTJ_HandleToleranceSetting             0x080054f0   Section        0  measurement_state_machine.o(i.ZTJ_HandleToleranceSetting)
    i.ZTJ_Init                               0x08005530   Section        0  measurement_state_machine.o(i.ZTJ_Init)
    i.ZTJ_SwitchAbsToRel                     0x08005578   Section        0  measurement_state_machine.o(i.ZTJ_SwitchAbsToRel)
    i.ZTJ_SwitchRelToAbs                     0x08005594   Section        0  measurement_state_machine.o(i.ZTJ_SwitchRelToAbs)
    i.ZTJ_SwitchUnit                         0x080055ac   Section        0  measurement_state_machine.o(i.ZTJ_SwitchUnit)
    i.ZTJ_TogglePower                        0x080055d0   Section        0  measurement_state_machine.o(i.ZTJ_TogglePower)
    i.ZTJ_ToggleToleranceCheck               0x080055fc   Section        0  measurement_state_machine.o(i.ZTJ_ToggleToleranceCheck)
    i.ZTJ_ToggleToleranceSettingStep         0x08005648   Section        0  measurement_state_machine.o(i.ZTJ_ToggleToleranceSettingStep)
    i.ZTJ_ToggleUnit                         0x08005668   Section        0  measurement_state_machine.o(i.ZTJ_ToggleUnit)
    i.ZTJ_UpdateLastActivity                 0x08005674   Section        0  measurement_state_machine.o(i.ZTJ_UpdateLastActivity)
    i.ZTJ_UpdateMeasureValue                 0x08005684   Section        0  measurement_state_machine.o(i.ZTJ_UpdateMeasureValue)
    i.__NVIC_EnableIRQ                       0x08005744   Section        0  dma.o(i.__NVIC_EnableIRQ)
    __NVIC_EnableIRQ                         0x08005745   Thumb Code    26  dma.o(i.__NVIC_EnableIRQ)
    i.__NVIC_GetPriorityGrouping             0x08005760   Section        0  dma.o(i.__NVIC_GetPriorityGrouping)
    __NVIC_GetPriorityGrouping               0x08005761   Thumb Code    10  dma.o(i.__NVIC_GetPriorityGrouping)
    i.__NVIC_GetPriorityGrouping             0x08005770   Section        0  stm32l1xx_hal_cortex.o(i.__NVIC_GetPriorityGrouping)
    __NVIC_GetPriorityGrouping               0x08005771   Thumb Code    10  stm32l1xx_hal_cortex.o(i.__NVIC_GetPriorityGrouping)
    i.__NVIC_SetPriority                     0x08005780   Section        0  dma.o(i.__NVIC_SetPriority)
    __NVIC_SetPriority                       0x08005781   Thumb Code    32  dma.o(i.__NVIC_SetPriority)
    i.__NVIC_SetPriority                     0x080057a8   Section        0  stm32l1xx_hal_cortex.o(i.__NVIC_SetPriority)
    __NVIC_SetPriority                       0x080057a9   Thumb Code    32  stm32l1xx_hal_cortex.o(i.__NVIC_SetPriority)
    i.delay_us                               0x080057d0   Section        0  sensor_sample.o(i.delay_us)
    delay_us                                 0x080057d1   Thumb Code    14  sensor_sample.o(i.delay_us)
    i.lcd_get_com_seg_from_icon              0x080057de   Section        0  lcd_display.o(i.lcd_get_com_seg_from_icon)
    i.lcd_set_ram_bit_internal               0x08005a44   Section        0  lcd_display.o(i.lcd_set_ram_bit_internal)
    lcd_set_ram_bit_internal                 0x08005a45   Thumb Code    52  lcd_display.o(i.lcd_set_ram_bit_internal)
    i.lcd_show_mode_icon                     0x08005a7c   Section        0  lcd_display.o(i.lcd_show_mode_icon)
    lcd_show_mode_icon                       0x08005a7d   Thumb Code   110  lcd_display.o(i.lcd_show_mode_icon)
    i.lcd_show_negative_sign                 0x08005aea   Section        0  lcd_display.o(i.lcd_show_negative_sign)
    lcd_show_negative_sign                   0x08005aeb   Thumb Code    32  lcd_display.o(i.lcd_show_negative_sign)
    i.lcd_show_tolerance_icon                0x08005b0c   Section        0  lcd_display.o(i.lcd_show_tolerance_icon)
    lcd_show_tolerance_icon                  0x08005b0d   Thumb Code    82  lcd_display.o(i.lcd_show_tolerance_icon)
    i.lcd_show_unit_icon                     0x08005b64   Section        0  lcd_display.o(i.lcd_show_unit_icon)
    lcd_show_unit_icon                       0x08005b65   Thumb Code    38  lcd_display.o(i.lcd_show_unit_icon)
    i.main                                   0x08005b8c   Section        0  main.o(i.main)
    i.sensor_gpio_init                       0x08005de4   Section        0  sensor_sample.o(i.sensor_gpio_init)
    sensor_gpio_init                         0x08005de5   Thumb Code   126  sensor_sample.o(i.sensor_gpio_init)
    i.set_decimal_point_for_position         0x08005e6c   Section        0  lcd_display.o(i.set_decimal_point_for_position)
    set_decimal_point_for_position           0x08005e6d   Thumb Code   304  lcd_display.o(i.set_decimal_point_for_position)
    x$fpl$fcmpinf                            0x08005fa4   Section       24  fcmpi.o(x$fpl$fcmpinf)
    x$fpl$fdiv                               0x08005fbc   Section      388  fdiv.o(x$fpl$fdiv)
    _fdiv1                                   0x08005fbd   Thumb Code     0  fdiv.o(x$fpl$fdiv)
    x$fpl$ffix                               0x08006140   Section       54  ffix.o(x$fpl$ffix)
    x$fpl$fflt                               0x08006178   Section       48  fflt_clz.o(x$fpl$fflt)
    x$fpl$fleqf                              0x080061a8   Section      104  fleqf.o(x$fpl$fleqf)
    x$fpl$fmul                               0x08006210   Section      258  fmul.o(x$fpl$fmul)
    x$fpl$fnaninf                            0x08006312   Section      140  fnaninf.o(x$fpl$fnaninf)
    x$fpl$fretinf                            0x0800639e   Section       10  fretinf.o(x$fpl$fretinf)
    x$fpl$frleqf                             0x080063a8   Section       98  frleqf.o(x$fpl$frleqf)
    .constdata                               0x0800640a   Section       35  tim.o(.constdata)
    x$fpl$usenofp                            0x0800640a   Section        0  usenofp.o(x$fpl$usenofp)
    CHANNEL_OFFSET_TAB                       0x0800640a   Data           7  tim.o(.constdata)
    OFFSET_TAB_CCMRx                         0x08006411   Data           7  tim.o(.constdata)
    SHIFT_TAB_OCxx                           0x08006418   Data           7  tim.o(.constdata)
    SHIFT_TAB_ICxx                           0x0800641f   Data           7  tim.o(.constdata)
    SHIFT_TAB_CCxP                           0x08006426   Data           7  tim.o(.constdata)
    .constdata                               0x0800642d   Section       35  usart.o(.constdata)
    CHANNEL_OFFSET_TAB                       0x0800642d   Data           7  usart.o(.constdata)
    OFFSET_TAB_CCMRx                         0x08006434   Data           7  usart.o(.constdata)
    SHIFT_TAB_OCxx                           0x0800643b   Data           7  usart.o(.constdata)
    SHIFT_TAB_ICxx                           0x08006442   Data           7  usart.o(.constdata)
    SHIFT_TAB_CCxP                           0x08006449   Data           7  usart.o(.constdata)
    .constdata                               0x08006450   Section       47  key_driver.o(.constdata)
    CHANNEL_OFFSET_TAB                       0x08006450   Data           7  key_driver.o(.constdata)
    OFFSET_TAB_CCMRx                         0x08006457   Data           7  key_driver.o(.constdata)
    SHIFT_TAB_OCxx                           0x0800645e   Data           7  key_driver.o(.constdata)
    SHIFT_TAB_ICxx                           0x08006465   Data           7  key_driver.o(.constdata)
    SHIFT_TAB_CCxP                           0x0800646c   Data           7  key_driver.o(.constdata)
    .constdata                               0x0800647f   Section       33  system_stm32l1xx.o(.constdata)
    .constdata                               0x080064a0   Section       45  lcd_display.o(.constdata)
    CHANNEL_OFFSET_TAB                       0x080064a0   Data           7  lcd_display.o(.constdata)
    OFFSET_TAB_CCMRx                         0x080064a7   Data           7  lcd_display.o(.constdata)
    SHIFT_TAB_OCxx                           0x080064ae   Data           7  lcd_display.o(.constdata)
    SHIFT_TAB_ICxx                           0x080064b5   Data           7  lcd_display.o(.constdata)
    SHIFT_TAB_CCxP                           0x080064bc   Data           7  lcd_display.o(.constdata)
    digit_patterns_new                       0x080064c3   Data          10  lcd_display.o(.constdata)
    .data                                    0x20000000   Section        8  key_driver.o(.data)
    internal_key_state                       0x20000000   Data           2  key_driver.o(.data)
    key_press_start_interrupt_count          0x20000004   Data           4  key_driver.o(.data)
    .data                                    0x20000008   Section        8  main.o(.data)
    main_state                               0x20000008   Data           1  main.o(.data)
    last_unit                                0x20000009   Data           1  main.o(.data)
    last_mode                                0x2000000a   Data           1  main.o(.data)
    last_resolution                          0x2000000b   Data           1  main.o(.data)
    last_display_update                      0x2000000c   Data           4  main.o(.data)
    .data                                    0x20000010   Section        3  usb_app.o(.data)
    usb_state                                0x20000010   Data           1  usb_app.o(.data)
    usb_mode                                 0x20000011   Data           1  usb_app.o(.data)
    usb_initialized                          0x20000012   Data           1  usb_app.o(.data)
    .data                                    0x20000014   Section        4  system_stm32l1xx.o(.data)
    .data                                    0x20000018   Section        6  lcd_display.o(.data)
    decimal_point_positions                  0x20000018   Data           6  lcd_display.o(.data)
    .data                                    0x20000020   Section       30  data_processing.o(.data)
    filter_index                             0x20000020   Data           1  data_processing.o(.data)
    measure_state_ptr                        0x20000024   Data           4  data_processing.o(.data)
    startup_cycle_count                      0x2000003c   Data           1  data_processing.o(.data)
    startup_auto_zero_completed              0x2000003d   Data           1  data_processing.o(.data)
    .data                                    0x20000040   Section       52  global_variables.o(.data)
    .data                                    0x20000074   Section       16  measurement_state_machine.o(.data)
    tir_base_value                           0x20000078   Data           4  measurement_state_machine.o(.data)
    max_deviation_positive                   0x2000007c   Data           4  measurement_state_machine.o(.data)
    max_deviation_negative                   0x20000080   Data           4  measurement_state_machine.o(.data)
    .data                                    0x20000084   Section       12  stm32l1xx_hal.o(.data)
    .bss                                     0x20000090   Section       60  lcd.o(.bss)
    .bss                                     0x200000cc   Section       68  rtc.o(.bss)
    .bss                                     0x20000110   Section      152  tim.o(.bss)
    .bss                                     0x200001a8   Section       12  key_driver.o(.bss)
    key_timer_context                        0x200001a8   Data          12  key_driver.o(.bss)
    .bss                                     0x200001b4   Section       62  lcd_display.o(.bss)
    lcd_display_buffer_new                   0x200001b4   Data          16  lcd_display.o(.bss)
    .bss                                     0x200001f4   Section       48  data_processing.o(.bss)
    sensor_raw_data                          0x200001f4   Data          12  data_processing.o(.bss)
    sensor_filter_buffer                     0x20000200   Data          36  data_processing.o(.bss)
    .bss                                     0x20000224   Section      116  global_variables.o(.bss)
    .bss                                     0x20000298   Section       96  libspace.o(.bss)
    HEAP                                     0x200002f8   Section     1024  startup_stm32l152xc.o(HEAP)
    Heap_Mem                                 0x200002f8   Data        1024  startup_stm32l152xc.o(HEAP)
    STACK                                    0x200006f8   Section     2048  startup_stm32l152xc.o(STACK)
    Stack_Mem                                0x200006f8   Data        2048  startup_stm32l152xc.o(STACK)
    __initial_sp                             0x20000ef8   Data           0  startup_stm32l152xc.o(STACK)

    Global Symbols

    Symbol Name                              Value     Ov Type        Size  Object(Section)

    BuildAttributes$$THM_ISAv4$P$D$K$B$S$PE$A:L22UL41UL21$X:L11$S22US41US21$IEEE1$IW$USESV6$~STKCKD$USESV7$~SHL$OSPACE$ROPI$EBA8$UX$STANDARDLIB$REQ8$PRES8$EABIv2 0x00000000   Number         0  anon$$obj.o ABSOLUTE
    __ARM_use_no_argv                        0x00000000   Number         0  main.o ABSOLUTE
    __ARM_exceptions_init                     - Undefined Weak Reference
    __alloca_initialize                       - Undefined Weak Reference
    __arm_preinit_                            - Undefined Weak Reference
    __cpp_initialize__aeabi_                  - Undefined Weak Reference
    __cxa_finalize                            - Undefined Weak Reference
    __rt_locale                               - Undefined Weak Reference
    __sigvec_lookup                           - Undefined Weak Reference
    _atexit_init                              - Undefined Weak Reference
    _call_atexit_fns                          - Undefined Weak Reference
    _clock_init                               - Undefined Weak Reference
    _fp_trap_init                             - Undefined Weak Reference
    _fp_trap_shutdown                         - Undefined Weak Reference
    _get_lc_collate                           - Undefined Weak Reference
    _get_lc_ctype                             - Undefined Weak Reference
    _get_lc_monetary                          - Undefined Weak Reference
    _get_lc_numeric                           - Undefined Weak Reference
    _get_lc_time                              - Undefined Weak Reference
    _getenv_init                              - Undefined Weak Reference
    _handle_redirection                       - Undefined Weak Reference
    _init_alloc                               - Undefined Weak Reference
    _init_user_alloc                          - Undefined Weak Reference
    _initio                                   - Undefined Weak Reference
    _rand_init                                - Undefined Weak Reference
    _signal_finish                            - Undefined Weak Reference
    _signal_init                              - Undefined Weak Reference
    _terminate_alloc                          - Undefined Weak Reference
    _terminate_user_alloc                     - Undefined Weak Reference
    _terminateio                              - Undefined Weak Reference
    __Vectors_Size                           0x00000124   Number         0  startup_stm32l152xc.o ABSOLUTE
    __Vectors                                0x08000000   Data           4  startup_stm32l152xc.o(RESET)
    __Vectors_End                            0x08000124   Data           0  startup_stm32l152xc.o(RESET)
    __main                                   0x08000125   Thumb Code     8  __main.o(!!!main)
    __scatterload                            0x0800012d   Thumb Code     0  __scatter.o(!!!scatter)
    __scatterload_rt2                        0x0800012d   Thumb Code    44  __scatter.o(!!!scatter)
    __scatterload_rt2_thumb_only             0x0800012d   Thumb Code     0  __scatter.o(!!!scatter)
    __scatterload_null                       0x0800013b   Thumb Code     0  __scatter.o(!!!scatter)
    __scatterload_copy                       0x08000161   Thumb Code    26  __scatter_copy.o(!!handler_copy)
    __scatterload_zeroinit                   0x0800017d   Thumb Code    28  __scatter_zi.o(!!handler_zi)
    __rt_lib_init                            0x08000199   Thumb Code     0  libinit.o(.ARM.Collect$$libinit$$00000000)
    __rt_lib_init_alloca_1                   0x0800019b   Thumb Code     0  libinit2.o(.ARM.Collect$$libinit$$0000002E)
    __rt_lib_init_argv_1                     0x0800019b   Thumb Code     0  libinit2.o(.ARM.Collect$$libinit$$0000002C)
    __rt_lib_init_atexit_1                   0x0800019b   Thumb Code     0  libinit2.o(.ARM.Collect$$libinit$$0000001B)
    __rt_lib_init_clock_1                    0x0800019b   Thumb Code     0  libinit2.o(.ARM.Collect$$libinit$$00000021)
    __rt_lib_init_cpp_1                      0x0800019b   Thumb Code     0  libinit2.o(.ARM.Collect$$libinit$$00000032)
    __rt_lib_init_exceptions_1               0x0800019b   Thumb Code     0  libinit2.o(.ARM.Collect$$libinit$$00000030)
    __rt_lib_init_fp_1                       0x0800019b   Thumb Code     0  libinit2.o(.ARM.Collect$$libinit$$00000002)
    __rt_lib_init_fp_trap_1                  0x0800019b   Thumb Code     0  libinit2.o(.ARM.Collect$$libinit$$0000001F)
    __rt_lib_init_getenv_1                   0x0800019b   Thumb Code     0  libinit2.o(.ARM.Collect$$libinit$$00000023)
    __rt_lib_init_heap_1                     0x0800019b   Thumb Code     0  libinit2.o(.ARM.Collect$$libinit$$0000000A)
    __rt_lib_init_lc_collate_1               0x0800019b   Thumb Code     0  libinit2.o(.ARM.Collect$$libinit$$00000011)
    __rt_lib_init_lc_ctype_1                 0x0800019b   Thumb Code     0  libinit2.o(.ARM.Collect$$libinit$$00000013)
    __rt_lib_init_lc_monetary_1              0x0800019b   Thumb Code     0  libinit2.o(.ARM.Collect$$libinit$$00000015)
    __rt_lib_init_lc_numeric_1               0x0800019b   Thumb Code     0  libinit2.o(.ARM.Collect$$libinit$$00000017)
    __rt_lib_init_lc_time_1                  0x0800019b   Thumb Code     0  libinit2.o(.ARM.Collect$$libinit$$00000019)
    __rt_lib_init_preinit_1                  0x0800019b   Thumb Code     0  libinit2.o(.ARM.Collect$$libinit$$00000004)
    __rt_lib_init_rand_1                     0x0800019b   Thumb Code     0  libinit2.o(.ARM.Collect$$libinit$$0000000E)
    __rt_lib_init_return                     0x0800019b   Thumb Code     0  libinit2.o(.ARM.Collect$$libinit$$00000033)
    __rt_lib_init_signal_1                   0x0800019b   Thumb Code     0  libinit2.o(.ARM.Collect$$libinit$$0000001D)
    __rt_lib_init_stdio_1                    0x0800019b   Thumb Code     0  libinit2.o(.ARM.Collect$$libinit$$00000025)
    __rt_lib_init_user_alloc_1               0x0800019b   Thumb Code     0  libinit2.o(.ARM.Collect$$libinit$$0000000C)
    __rt_lib_shutdown                        0x0800019d   Thumb Code     0  libshutdown.o(.ARM.Collect$$libshutdown$$00000000)
    __rt_lib_shutdown_cpp_1                  0x0800019f   Thumb Code     0  libshutdown2.o(.ARM.Collect$$libshutdown$$00000002)
    __rt_lib_shutdown_fp_trap_1              0x0800019f   Thumb Code     0  libshutdown2.o(.ARM.Collect$$libshutdown$$00000007)
    __rt_lib_shutdown_heap_1                 0x0800019f   Thumb Code     0  libshutdown2.o(.ARM.Collect$$libshutdown$$0000000F)
    __rt_lib_shutdown_return                 0x0800019f   Thumb Code     0  libshutdown2.o(.ARM.Collect$$libshutdown$$00000010)
    __rt_lib_shutdown_signal_1               0x0800019f   Thumb Code     0  libshutdown2.o(.ARM.Collect$$libshutdown$$0000000A)
    __rt_lib_shutdown_stdio_1                0x0800019f   Thumb Code     0  libshutdown2.o(.ARM.Collect$$libshutdown$$00000004)
    __rt_lib_shutdown_user_alloc_1           0x0800019f   Thumb Code     0  libshutdown2.o(.ARM.Collect$$libshutdown$$0000000C)
    __rt_entry                               0x080001a1   Thumb Code     0  __rtentry.o(.ARM.Collect$$rtentry$$00000000)
    __rt_entry_presh_1                       0x080001a1   Thumb Code     0  __rtentry2.o(.ARM.Collect$$rtentry$$00000002)
    __rt_entry_sh                            0x080001a1   Thumb Code     0  __rtentry4.o(.ARM.Collect$$rtentry$$00000004)
    __rt_entry_li                            0x080001a7   Thumb Code     0  __rtentry2.o(.ARM.Collect$$rtentry$$0000000A)
    __rt_entry_postsh_1                      0x080001a7   Thumb Code     0  __rtentry2.o(.ARM.Collect$$rtentry$$00000009)
    __rt_entry_main                          0x080001ab   Thumb Code     0  __rtentry2.o(.ARM.Collect$$rtentry$$0000000D)
    __rt_entry_postli_1                      0x080001ab   Thumb Code     0  __rtentry2.o(.ARM.Collect$$rtentry$$0000000C)
    __rt_exit                                0x080001b3   Thumb Code     0  rtexit.o(.ARM.Collect$$rtexit$$00000000)
    __rt_exit_ls                             0x080001b5   Thumb Code     0  rtexit2.o(.ARM.Collect$$rtexit$$00000003)
    __rt_exit_prels_1                        0x080001b5   Thumb Code     0  rtexit2.o(.ARM.Collect$$rtexit$$00000002)
    __rt_exit_exit                           0x080001b9   Thumb Code     0  rtexit2.o(.ARM.Collect$$rtexit$$00000004)
    Reset_Handler                            0x080001c1   Thumb Code     8  startup_stm32l152xc.o(.text)
    ADC1_IRQHandler                          0x080001db   Thumb Code     0  startup_stm32l152xc.o(.text)
    COMP_ACQ_IRQHandler                      0x080001db   Thumb Code     0  startup_stm32l152xc.o(.text)
    COMP_IRQHandler                          0x080001db   Thumb Code     0  startup_stm32l152xc.o(.text)
    DAC_IRQHandler                           0x080001db   Thumb Code     0  startup_stm32l152xc.o(.text)
    DMA1_Channel1_IRQHandler                 0x080001db   Thumb Code     0  startup_stm32l152xc.o(.text)
    DMA1_Channel2_IRQHandler                 0x080001db   Thumb Code     0  startup_stm32l152xc.o(.text)
    DMA1_Channel3_IRQHandler                 0x080001db   Thumb Code     0  startup_stm32l152xc.o(.text)
    DMA1_Channel6_IRQHandler                 0x080001db   Thumb Code     0  startup_stm32l152xc.o(.text)
    DMA1_Channel7_IRQHandler                 0x080001db   Thumb Code     0  startup_stm32l152xc.o(.text)
    DMA2_Channel1_IRQHandler                 0x080001db   Thumb Code     0  startup_stm32l152xc.o(.text)
    DMA2_Channel2_IRQHandler                 0x080001db   Thumb Code     0  startup_stm32l152xc.o(.text)
    DMA2_Channel3_IRQHandler                 0x080001db   Thumb Code     0  startup_stm32l152xc.o(.text)
    DMA2_Channel4_IRQHandler                 0x080001db   Thumb Code     0  startup_stm32l152xc.o(.text)
    DMA2_Channel5_IRQHandler                 0x080001db   Thumb Code     0  startup_stm32l152xc.o(.text)
    EXTI0_IRQHandler                         0x080001db   Thumb Code     0  startup_stm32l152xc.o(.text)
    EXTI1_IRQHandler                         0x080001db   Thumb Code     0  startup_stm32l152xc.o(.text)
    EXTI2_IRQHandler                         0x080001db   Thumb Code     0  startup_stm32l152xc.o(.text)
    EXTI3_IRQHandler                         0x080001db   Thumb Code     0  startup_stm32l152xc.o(.text)
    EXTI4_IRQHandler                         0x080001db   Thumb Code     0  startup_stm32l152xc.o(.text)
    EXTI9_5_IRQHandler                       0x080001db   Thumb Code     0  startup_stm32l152xc.o(.text)
    FLASH_IRQHandler                         0x080001db   Thumb Code     0  startup_stm32l152xc.o(.text)
    I2C1_ER_IRQHandler                       0x080001db   Thumb Code     0  startup_stm32l152xc.o(.text)
    I2C1_EV_IRQHandler                       0x080001db   Thumb Code     0  startup_stm32l152xc.o(.text)
    I2C2_ER_IRQHandler                       0x080001db   Thumb Code     0  startup_stm32l152xc.o(.text)
    I2C2_EV_IRQHandler                       0x080001db   Thumb Code     0  startup_stm32l152xc.o(.text)
    PVD_IRQHandler                           0x080001db   Thumb Code     0  startup_stm32l152xc.o(.text)
    RCC_IRQHandler                           0x080001db   Thumb Code     0  startup_stm32l152xc.o(.text)
    RTC_Alarm_IRQHandler                     0x080001db   Thumb Code     0  startup_stm32l152xc.o(.text)
    SPI1_IRQHandler                          0x080001db   Thumb Code     0  startup_stm32l152xc.o(.text)
    SPI2_IRQHandler                          0x080001db   Thumb Code     0  startup_stm32l152xc.o(.text)
    SPI3_IRQHandler                          0x080001db   Thumb Code     0  startup_stm32l152xc.o(.text)
    TAMPER_STAMP_IRQHandler                  0x080001db   Thumb Code     0  startup_stm32l152xc.o(.text)
    TIM10_IRQHandler                         0x080001db   Thumb Code     0  startup_stm32l152xc.o(.text)
    TIM11_IRQHandler                         0x080001db   Thumb Code     0  startup_stm32l152xc.o(.text)
    TIM2_IRQHandler                          0x080001db   Thumb Code     0  startup_stm32l152xc.o(.text)
    TIM3_IRQHandler                          0x080001db   Thumb Code     0  startup_stm32l152xc.o(.text)
    TIM4_IRQHandler                          0x080001db   Thumb Code     0  startup_stm32l152xc.o(.text)
    TIM5_IRQHandler                          0x080001db   Thumb Code     0  startup_stm32l152xc.o(.text)
    TIM6_IRQHandler                          0x080001db   Thumb Code     0  startup_stm32l152xc.o(.text)
    TIM9_IRQHandler                          0x080001db   Thumb Code     0  startup_stm32l152xc.o(.text)
    USART1_IRQHandler                        0x080001db   Thumb Code     0  startup_stm32l152xc.o(.text)
    USART2_IRQHandler                        0x080001db   Thumb Code     0  startup_stm32l152xc.o(.text)
    USART3_IRQHandler                        0x080001db   Thumb Code     0  startup_stm32l152xc.o(.text)
    USB_FS_WKUP_IRQHandler                   0x080001db   Thumb Code     0  startup_stm32l152xc.o(.text)
    USB_HP_IRQHandler                        0x080001db   Thumb Code     0  startup_stm32l152xc.o(.text)
    USB_LP_IRQHandler                        0x080001db   Thumb Code     0  startup_stm32l152xc.o(.text)
    WWDG_IRQHandler                          0x080001db   Thumb Code     0  startup_stm32l152xc.o(.text)
    __user_initial_stackheap                 0x080001dd   Thumb Code     0  startup_stm32l152xc.o(.text)
    __aeabi_uldivmod                         0x08000201   Thumb Code     0  lludivv7m.o(.text)
    _ll_udiv                                 0x08000201   Thumb Code   238  lludivv7m.o(.text)
    __aeabi_memcpy4                          0x080002ef   Thumb Code     0  rt_memcpy_w.o(.text)
    __aeabi_memcpy8                          0x080002ef   Thumb Code     0  rt_memcpy_w.o(.text)
    __rt_memcpy_w                            0x080002ef   Thumb Code   100  rt_memcpy_w.o(.text)
    _memcpy_lastbytes_aligned                0x08000337   Thumb Code     0  rt_memcpy_w.o(.text)
    __aeabi_memclr4                          0x08000353   Thumb Code     0  rt_memclr_w.o(.text)
    __aeabi_memclr8                          0x08000353   Thumb Code     0  rt_memclr_w.o(.text)
    __rt_memclr_w                            0x08000353   Thumb Code    78  rt_memclr_w.o(.text)
    _memset_w                                0x08000357   Thumb Code     0  rt_memclr_w.o(.text)
    __use_two_region_memory                  0x080003a1   Thumb Code     2  heapauxi.o(.text)
    __rt_heap_escrow$2region                 0x080003a3   Thumb Code     2  heapauxi.o(.text)
    __rt_heap_expand$2region                 0x080003a5   Thumb Code     2  heapauxi.o(.text)
    __user_setup_stackheap                   0x080003a7   Thumb Code    74  sys_stackheap_outer.o(.text)
    exit                                     0x080003f1   Thumb Code    18  exit.o(.text)
    __user_libspace                          0x08000405   Thumb Code     8  libspace.o(.text)
    __user_perproc_libspace                  0x08000405   Thumb Code     0  libspace.o(.text)
    __user_perthread_libspace                0x08000405   Thumb Code     0  libspace.o(.text)
    _sys_exit                                0x0800040d   Thumb Code     8  sys_exit.o(.text)
    __I$use$semihosting                      0x08000419   Thumb Code     0  use_no_semi.o(.text)
    __use_no_semihosting_swi                 0x08000419   Thumb Code     2  use_no_semi.o(.text)
    ADC_ConversionStop_Disable               0x0800041b   Thumb Code    92  stm32l1xx_hal_adc.o(i.ADC_ConversionStop_Disable)
    __semihosting_library_function           0x0800041b   Thumb Code     0  indicate_semi.o(.text)
    ADC_Enable                               0x08000479   Thumb Code   138  stm32l1xx_hal_adc.o(i.ADC_Enable)
    BusFault_Handler                         0x0800050d   Thumb Code     4  stm32l1xx_it.o(i.BusFault_Handler)
    DMA1_Channel4_IRQHandler                 0x08000511   Thumb Code     2  stm32l1xx_it.o(i.DMA1_Channel4_IRQHandler)
    DMA1_Channel5_IRQHandler                 0x08000513   Thumb Code     2  stm32l1xx_it.o(i.DMA1_Channel5_IRQHandler)
    DataProcessing_CalculateAnalogPointerValue 0x08000515   Thumb Code   152  data_processing.o(i.DataProcessing_CalculateAnalogPointerValue)
    DataProcessing_GetAbsData                0x080005c1   Thumb Code     6  data_processing.o(i.DataProcessing_GetAbsData)
    DataProcessing_Process                   0x080005cd   Thumb Code   818  data_processing.o(i.DataProcessing_Process)
    DataProcessing_SetRelBaselineFromAbs     0x08000941   Thumb Code    10  data_processing.o(i.DataProcessing_SetRelBaselineFromAbs)
    DataProcessing_UpdateAnalogPointer       0x08000955   Thumb Code    20  data_processing.o(i.DataProcessing_UpdateAnalogPointer)
    Data_Filter_Reset                        0x08000aa1   Thumb Code    28  data_processing.o(i.Data_Filter_Reset)
    DebugMon_Handler                         0x08000ac5   Thumb Code     2  stm32l1xx_it.o(i.DebugMon_Handler)
    EXTI15_10_IRQHandler                     0x08000ac7   Thumb Code    12  stm32l1xx_it.o(i.EXTI15_10_IRQHandler)
    Error_Handler                            0x08000ad3   Thumb Code     6  main.o(i.Error_Handler)
    HAL_ADCEx_InjectedConvCpltCallback       0x08000b15   Thumb Code     2  stm32l1xx_hal_adc_ex.o(i.HAL_ADCEx_InjectedConvCpltCallback)
    HAL_ADC_ConfigChannel                    0x08000b19   Thumb Code   460  stm32l1xx_hal_adc.o(i.HAL_ADC_ConfigChannel)
    HAL_ADC_ConvCpltCallback                 0x08000cf1   Thumb Code     2  stm32l1xx_hal_adc.o(i.HAL_ADC_ConvCpltCallback)
    HAL_ADC_ConvHalfCpltCallback             0x08000cf3   Thumb Code     2  stm32l1xx_hal_adc.o(i.HAL_ADC_ConvHalfCpltCallback)
    HAL_ADC_ErrorCallback                    0x08000cf5   Thumb Code     2  stm32l1xx_hal_adc.o(i.HAL_ADC_ErrorCallback)
    HAL_ADC_Init                             0x08000cf9   Thumb Code   478  stm32l1xx_hal_adc.o(i.HAL_ADC_Init)
    HAL_ADC_LevelOutOfWindowCallback         0x08000f05   Thumb Code     2  stm32l1xx_hal_adc.o(i.HAL_ADC_LevelOutOfWindowCallback)
    HAL_ADC_MspInit                          0x08000f09   Thumb Code   102  adc.o(i.HAL_ADC_MspInit)
    HAL_ADC_Start                            0x08000f7d   Thumb Code   144  stm32l1xx_hal_adc.o(i.HAL_ADC_Start)
    HAL_ADC_Stop                             0x0800100d   Thumb Code    64  stm32l1xx_hal_adc.o(i.HAL_ADC_Stop)
    HAL_Delay                                0x0800104d   Thumb Code    36  stm32l1xx_hal.o(i.HAL_Delay)
    HAL_GPIO_DeInit                          0x08001075   Thumb Code   264  stm32l1xx_hal_gpio.o(i.HAL_GPIO_DeInit)
    HAL_GPIO_EXTI_Callback                   0x08001199   Thumb Code    60  stm32l1xx_it.o(i.HAL_GPIO_EXTI_Callback)
    HAL_GPIO_EXTI_IRQHandler                 0x080011dd   Thumb Code    24  stm32l1xx_hal_gpio.o(i.HAL_GPIO_EXTI_IRQHandler)
    HAL_GPIO_Init                            0x080011f9   Thumb Code   420  stm32l1xx_hal_gpio.o(i.HAL_GPIO_Init)
    HAL_GPIO_WritePin                        0x080013bd   Thumb Code    12  stm32l1xx_hal_gpio.o(i.HAL_GPIO_WritePin)
    HAL_GetTick                              0x080013c9   Thumb Code     6  stm32l1xx_hal.o(i.HAL_GetTick)
    HAL_IncTick                              0x080013d5   Thumb Code    16  stm32l1xx_hal.o(i.HAL_IncTick)
    HAL_Init                                 0x080013ed   Thumb Code    30  stm32l1xx_hal.o(i.HAL_Init)
    HAL_InitTick                             0x0800140d   Thumb Code    74  stm32l1xx_hal.o(i.HAL_InitTick)
    HAL_LCD_Init                             0x08001465   Thumb Code   268  stm32l1xx_hal_lcd.o(i.HAL_LCD_Init)
    HAL_LCD_MspInit                          0x08001575   Thumb Code   222  lcd.o(i.HAL_LCD_MspInit)
    HAL_LCD_UpdateDisplayRequest             0x08001669   Thumb Code    92  stm32l1xx_hal_lcd.o(i.HAL_LCD_UpdateDisplayRequest)
    HAL_LCD_Write                            0x080016c5   Thumb Code   152  stm32l1xx_hal_lcd.o(i.HAL_LCD_Write)
    HAL_MspInit                              0x0800175d   Thumb Code   112  stm32l1xx_hal_msp.o(i.HAL_MspInit)
    HAL_NVIC_DisableIRQ                      0x080017d1   Thumb Code    62  stm32l1xx_hal_cortex.o(i.HAL_NVIC_DisableIRQ)
    HAL_NVIC_EnableIRQ                       0x08001815   Thumb Code    32  stm32l1xx_hal_cortex.o(i.HAL_NVIC_EnableIRQ)
    HAL_NVIC_SetPriority                     0x08001835   Thumb Code   124  stm32l1xx_hal_cortex.o(i.HAL_NVIC_SetPriority)
    HAL_NVIC_SetPriorityGrouping             0x080018b1   Thumb Code    32  stm32l1xx_hal_cortex.o(i.HAL_NVIC_SetPriorityGrouping)
    HAL_PWR_ConfigPVD                        0x080018d9   Thumb Code   176  stm32l1xx_hal_pwr.o(i.HAL_PWR_ConfigPVD)
    HAL_PWR_EnablePVD                        0x08001991   Thumb Code    20  stm32l1xx_hal_pwr.o(i.HAL_PWR_EnablePVD)
    HAL_RCCEx_PeriphCLKConfig                0x080019a9   Thumb Code   504  stm32l1xx_hal_rcc_ex.o(i.HAL_RCCEx_PeriphCLKConfig)
    HAL_RCC_ClockConfig                      0x08001bad   Thumb Code   522  stm32l1xx_hal_rcc.o(i.HAL_RCC_ClockConfig)
    HAL_RCC_GetSysClockFreq                  0x08001dcd   Thumb Code   144  stm32l1xx_hal_rcc.o(i.HAL_RCC_GetSysClockFreq)
    HAL_RCC_OscConfig                        0x08001e6d   Thumb Code  1480  stm32l1xx_hal_rcc.o(i.HAL_RCC_OscConfig)
    HAL_RTCEx_AlarmBEventCallback            0x0800243d   Thumb Code     2  stm32l1xx_hal_rtc_ex.o(i.HAL_RTCEx_AlarmBEventCallback)
    HAL_RTCEx_Tamper1EventCallback           0x0800243f   Thumb Code     2  stm32l1xx_hal_rtc_ex.o(i.HAL_RTCEx_Tamper1EventCallback)
    HAL_RTCEx_Tamper2EventCallback           0x08002441   Thumb Code     2  stm32l1xx_hal_rtc_ex.o(i.HAL_RTCEx_Tamper2EventCallback)
    HAL_RTCEx_Tamper3EventCallback           0x08002443   Thumb Code     2  stm32l1xx_hal_rtc_ex.o(i.HAL_RTCEx_Tamper3EventCallback)
    HAL_RTCEx_TimeStampEventCallback         0x08002445   Thumb Code     2  stm32l1xx_hal_rtc_ex.o(i.HAL_RTCEx_TimeStampEventCallback)
    HAL_RTCEx_WakeUpTimerEventCallback       0x08002447   Thumb Code     2  stm32l1xx_hal_rtc_ex.o(i.HAL_RTCEx_WakeUpTimerEventCallback)
    HAL_RTCEx_WakeUpTimerIRQHandler          0x08002449   Thumb Code    50  stm32l1xx_hal_rtc_ex.o(i.HAL_RTCEx_WakeUpTimerIRQHandler)
    HAL_RTC_AlarmAEventCallback              0x08002481   Thumb Code     2  stm32l1xx_hal_rtc.o(i.HAL_RTC_AlarmAEventCallback)
    HAL_RTC_Init                             0x08002485   Thumb Code   218  stm32l1xx_hal_rtc.o(i.HAL_RTC_Init)
    HAL_RTC_MspDeInit                        0x08002589   Thumb Code    16  rtc.o(i.HAL_RTC_MspDeInit)
    HAL_RTC_MspInit                          0x080025a1   Thumb Code    16  rtc.o(i.HAL_RTC_MspInit)
    HAL_RTC_WaitForSynchro                   0x080025b9   Thumb Code    54  stm32l1xx_hal_rtc.o(i.HAL_RTC_WaitForSynchro)
    HAL_ResumeTick                           0x080025ef   Thumb Code    18  stm32l1xx_hal.o(i.HAL_ResumeTick)
    HAL_SYSTICK_Config                       0x08002601   Thumb Code    52  stm32l1xx_hal_cortex.o(i.HAL_SYSTICK_Config)
    HAL_SuspendTick                          0x08002635   Thumb Code    18  stm32l1xx_hal.o(i.HAL_SuspendTick)
    HAL_TIM_Base_Start_IT                    0x08002649   Thumb Code   106  stm32l1xx_hal_tim.o(i.HAL_TIM_Base_Start_IT)
    HardFault_Handler                        0x080026c1   Thumb Code     4  stm32l1xx_it.o(i.HardFault_Handler)
    KeyDriver_Init                           0x080026c5   Thumb Code    24  key_driver.o(i.KeyDriver_Init)
    KeyDriver_MatrixScan                     0x080026e9   Thumb Code   396  key_driver.o(i.KeyDriver_MatrixScan)
    KeyDriver_Process                        0x08002879   Thumb Code  1338  key_driver.o(i.KeyDriver_Process)
    KeyDriver_Timer_Scan                     0x08002dc5   Thumb Code   224  key_driver.o(i.KeyDriver_Timer_Scan)
    KeyDriver_Timer_Start                    0x08002eb1   Thumb Code    10  key_driver.o(i.KeyDriver_Timer_Start)
    LCDDisplay_ClearIcon_New                 0x08002ec1   Thumb Code    14  lcd_display.o(i.LCDDisplay_ClearIcon_New)
    LCDDisplay_Clear_New                     0x08002ed1   Thumb Code    80  lcd_display.o(i.LCDDisplay_Clear_New)
    LCDDisplay_Init_New                      0x08002f2d   Thumb Code   258  lcd_display.o(i.LCDDisplay_Init_New)
    LCDDisplay_ShowChar_New                  0x08003031   Thumb Code   588  lcd_display.o(i.LCDDisplay_ShowChar_New)
    LCDDisplay_ShowIcon_New                  0x08003281   Thumb Code   258  lcd_display.o(i.LCDDisplay_ShowIcon_New)
    LCDDisplay_ShowProcessedData             0x08003385   Thumb Code  2472  lcd_display.o(i.LCDDisplay_ShowProcessedData)
    LCDDisplay_ShowString_New                0x08003d31   Thumb Code   200  lcd_display.o(i.LCDDisplay_ShowString_New)
    LCDDisplay_Update_New                    0x08003df9   Thumb Code    60  lcd_display.o(i.LCDDisplay_Update_New)
    LCD_DisplayState_GetCurrent              0x08003e3d   Thumb Code     4  lcd_display.o(i.LCD_DisplayState_GetCurrent)
    LCD_DisplayState_SetMetric               0x08003e45   Thumb Code     6  lcd_display.o(i.LCD_DisplayState_SetMetric)
    LCD_DisplayState_SetMode                 0x08003e51   Thumb Code     6  lcd_display.o(i.LCD_DisplayState_SetMode)
    LCD_WaitForSynchro                       0x08003e5d   Thumb Code    50  stm32l1xx_hal_lcd.o(i.LCD_WaitForSynchro)
    LL_EXTI_Init                             0x08004009   Thumb Code   184  stm32l1xx_ll_exti.o(i.LL_EXTI_Init)
    LL_GPIO_Init                             0x080040c5   Thumb Code   312  stm32l1xx_ll_gpio.o(i.LL_GPIO_Init)
    LL_RCC_GetSystemClocksFreq               0x08004281   Thumb Code    36  stm32l1xx_ll_rcc.o(i.LL_RCC_GetSystemClocksFreq)
    LL_TIM_Init                              0x080042b1   Thumb Code   128  stm32l1xx_ll_tim.o(i.LL_TIM_Init)
    LL_TIM_OC_Init                           0x08004349   Thumb Code    92  stm32l1xx_ll_tim.o(i.LL_TIM_OC_Init)
    LL_USART_Init                            0x080043b5   Thumb Code   140  stm32l1xx_ll_usart.o(i.LL_USART_Init)
    MX_ADC1_Init                             0x08004599   Thumb Code   150  adc.o(i.MX_ADC1_Init)
    MX_DMA_Init                              0x08004635   Thumb Code    90  dma.o(i.MX_DMA_Init)
    MX_GPIO_Init                             0x08004695   Thumb Code   498  gpio.o(i.MX_GPIO_Init)
    MX_LCD_Init                              0x080048a1   Thumb Code    70  lcd.o(i.MX_LCD_Init)
    MX_RTC_Init                              0x080048f1   Thumb Code    74  rtc.o(i.MX_RTC_Init)
    MX_SENSOR_SAMPLE_Init                    0x08004945   Thumb Code     8  sensor_sample.o(i.MX_SENSOR_SAMPLE_Init)
    MX_TIM2_Init                             0x0800494d   Thumb Code   374  tim.o(i.MX_TIM2_Init)
    MX_TIM7_Init                             0x08004ad5   Thumb Code    94  tim.o(i.MX_TIM7_Init)
    MX_USART1_UART_Init                      0x08004b39   Thumb Code   382  usart.o(i.MX_USART1_UART_Init)
    MemManage_Handler                        0x08004cc9   Thumb Code     4  stm32l1xx_it.o(i.MemManage_Handler)
    NMI_Handler                              0x08004ccd   Thumb Code     4  stm32l1xx_it.o(i.NMI_Handler)
    PendSV_Handler                           0x08004e21   Thumb Code     2  stm32l1xx_it.o(i.PendSV_Handler)
    RTC_EnterInitMode                        0x08005005   Thumb Code    74  stm32l1xx_hal_rtc.o(i.RTC_EnterInitMode)
    RTC_ExitInitMode                         0x0800504f   Thumb Code    46  stm32l1xx_hal_rtc.o(i.RTC_ExitInitMode)
    RTC_WKUP_IRQHandler                      0x0800507d   Thumb Code    10  stm32l1xx_it.o(i.RTC_WKUP_IRQHandler)
    SVC_Handler                              0x0800508d   Thumb Code     2  stm32l1xx_it.o(i.SVC_Handler)
    Sensor_Read_24bit_Data                   0x08005091   Thumb Code   212  sensor_sample.o(i.Sensor_Read_24bit_Data)
    SysTick_Handler                          0x08005179   Thumb Code     8  stm32l1xx_it.o(i.SysTick_Handler)
    SystemClock_Config                       0x08005181   Thumb Code   136  main.o(i.SystemClock_Config)
    SystemInit                               0x0800520d   Thumb Code     2  system_stm32l1xx.o(i.SystemInit)
    TIM7_IRQHandler                          0x08005211   Thumb Code    56  stm32l1xx_it.o(i.TIM7_IRQHandler)
    USB_APP_ConnectCallback                  0x08005255   Thumb Code    32  usb_app.o(i.USB_APP_ConnectCallback)
    USB_APP_Init                             0x0800527d   Thumb Code   118  usb_app.o(i.USB_APP_Init)
    USB_APP_SetMode                          0x08005309   Thumb Code    50  usb_app.o(i.USB_APP_SetMode)
    UsageFault_Handler                       0x08005391   Thumb Code     4  stm32l1xx_it.o(i.UsageFault_Handler)
    ZTJ_CycleMaxMinTir                       0x08005395   Thumb Code   116  measurement_state_machine.o(i.ZTJ_CycleMaxMinTir)
    ZTJ_CycleResolutionMode                  0x0800541d   Thumb Code    68  measurement_state_machine.o(i.ZTJ_CycleResolutionMode)
    ZTJ_EnterSetupMode                       0x0800546d   Thumb Code    14  measurement_state_machine.o(i.ZTJ_EnterSetupMode)
    ZTJ_GetCurrentMode                       0x08005481   Thumb Code     6  measurement_state_machine.o(i.ZTJ_GetCurrentMode)
    ZTJ_GetCurrentState                      0x0800548d   Thumb Code     4  measurement_state_machine.o(i.ZTJ_GetCurrentState)
    ZTJ_GetTirBaseValue                      0x08005495   Thumb Code     6  measurement_state_machine.o(i.ZTJ_GetTirBaseValue)
    ZTJ_GetTirMaxNegativeDeviation           0x080054a1   Thumb Code     6  measurement_state_machine.o(i.ZTJ_GetTirMaxNegativeDeviation)
    ZTJ_GetTirMaxPositiveDeviation           0x080054ad   Thumb Code     6  measurement_state_machine.o(i.ZTJ_GetTirMaxPositiveDeviation)
    ZTJ_GetToleranceResult                   0x080054b9   Thumb Code    52  measurement_state_machine.o(i.ZTJ_GetToleranceResult)
    ZTJ_HandleToleranceSetting               0x080054f1   Thumb Code    60  measurement_state_machine.o(i.ZTJ_HandleToleranceSetting)
    ZTJ_Init                                 0x08005531   Thumb Code    62  measurement_state_machine.o(i.ZTJ_Init)
    ZTJ_SwitchAbsToRel                       0x08005579   Thumb Code    24  measurement_state_machine.o(i.ZTJ_SwitchAbsToRel)
    ZTJ_SwitchRelToAbs                       0x08005595   Thumb Code    20  measurement_state_machine.o(i.ZTJ_SwitchRelToAbs)
    ZTJ_SwitchUnit                           0x080055ad   Thumb Code    30  measurement_state_machine.o(i.ZTJ_SwitchUnit)
    ZTJ_TogglePower                          0x080055d1   Thumb Code    38  measurement_state_machine.o(i.ZTJ_TogglePower)
    ZTJ_ToggleToleranceCheck                 0x080055fd   Thumb Code    66  measurement_state_machine.o(i.ZTJ_ToggleToleranceCheck)
    ZTJ_ToggleToleranceSettingStep           0x08005649   Thumb Code    28  measurement_state_machine.o(i.ZTJ_ToggleToleranceSettingStep)
    ZTJ_ToggleUnit                           0x08005669   Thumb Code    10  measurement_state_machine.o(i.ZTJ_ToggleUnit)
    ZTJ_UpdateLastActivity                   0x08005675   Thumb Code    12  measurement_state_machine.o(i.ZTJ_UpdateLastActivity)
    ZTJ_UpdateMeasureValue                   0x08005685   Thumb Code   172  measurement_state_machine.o(i.ZTJ_UpdateMeasureValue)
    lcd_get_com_seg_from_icon                0x080057df   Thumb Code   612  lcd_display.o(i.lcd_get_com_seg_from_icon)
    main                                     0x08005b8d   Thumb Code   556  main.o(i.main)
    __fpl_fcmp_Inf                           0x08005fa5   Thumb Code    24  fcmpi.o(x$fpl$fcmpinf)
    __aeabi_fdiv                             0x08005fbd   Thumb Code     0  fdiv.o(x$fpl$fdiv)
    _fdiv                                    0x08005fbd   Thumb Code   384  fdiv.o(x$fpl$fdiv)
    __aeabi_f2iz                             0x08006141   Thumb Code     0  ffix.o(x$fpl$ffix)
    _ffix                                    0x08006141   Thumb Code    54  ffix.o(x$fpl$ffix)
    __aeabi_i2f                              0x08006179   Thumb Code     0  fflt_clz.o(x$fpl$fflt)
    _fflt                                    0x08006179   Thumb Code    48  fflt_clz.o(x$fpl$fflt)
    __aeabi_cfcmple                          0x080061a9   Thumb Code     0  fleqf.o(x$fpl$fleqf)
    _fcmple                                  0x080061a9   Thumb Code   104  fleqf.o(x$fpl$fleqf)
    __fpl_fcmple_InfNaN                      0x080061fb   Thumb Code     0  fleqf.o(x$fpl$fleqf)
    __aeabi_fmul                             0x08006211   Thumb Code     0  fmul.o(x$fpl$fmul)
    _fmul                                    0x08006211   Thumb Code   258  fmul.o(x$fpl$fmul)
    __fpl_fnaninf                            0x08006313   Thumb Code   140  fnaninf.o(x$fpl$fnaninf)
    __fpl_fretinf                            0x0800639f   Thumb Code    10  fretinf.o(x$fpl$fretinf)
    __aeabi_cfrcmple                         0x080063a9   Thumb Code     0  frleqf.o(x$fpl$frleqf)
    _frcmple                                 0x080063a9   Thumb Code    98  frleqf.o(x$fpl$frleqf)
    __I$use$fp                               0x0800640a   Number         0  usenofp.o(x$fpl$usenofp)
    PLLMulTable                              0x0800647f   Data           9  system_stm32l1xx.o(.constdata)
    AHBPrescTable                            0x08006488   Data          16  system_stm32l1xx.o(.constdata)
    APBPrescTable                            0x08006498   Data           8  system_stm32l1xx.o(.constdata)
    Region$$Table$$Base                      0x080064d0   Number         0  anon$$obj.o(Region$$Table)
    Region$$Table$$Limit                     0x080064f0   Number         0  anon$$obj.o(Region$$Table)
    SystemCoreClock                          0x20000014   Data           4  system_stm32l1xx.o(.data)
    Rew_data                                 0x20000028   Data           4  data_processing.o(.data)
    Abs_data                                 0x2000002c   Data           4  data_processing.o(.data)
    Abs_bk_data                              0x20000030   Data           4  data_processing.o(.data)
    Rer_data                                 0x20000034   Data           4  data_processing.o(.data)
    Rer_bk_data                              0x20000038   Data           4  data_processing.o(.data)
    last_key_time                            0x20000040   Data           4  global_variables.o(.data)
    key_response_end_time                    0x20000044   Data           4  global_variables.o(.data)
    is_in_key_response                       0x20000048   Data           1  global_variables.o(.data)
    key_scan_pending                         0x20000049   Data           1  global_variables.o(.data)
    key_result                               0x2000004a   Data           3  global_variables.o(.data)
    system_state                             0x2000004d   Data           1  global_variables.o(.data)
    key_fsm                                  0x20000050   Data           8  global_variables.o(.data)
    key_event_flags                          0x20000058   Data           8  global_variables.o(.data)
    current_sample                           0x20000060   Data           4  global_variables.o(.data)
    current_loop_iteration                   0x20000064   Data           1  global_variables.o(.data)
    sensor_data_ready_flag                   0x20000065   Data           1  global_variables.o(.data)
    interrupt_debug_flag                     0x20000066   Data           1  global_variables.o(.data)
    xiuzhengXS                               0x20000068   Data           4  global_variables.o(.data)
    manual_zero_calibration_requested        0x2000006c   Data           1  global_variables.o(.data)
    sensor_type                              0x2000006d   Data           1  global_variables.o(.data)
    LOOP_tol_LCD                             0x2000006e   Data           1  global_variables.o(.data)
    analog_pointer_value                     0x2000006f   Data           1  global_variables.o(.data)
    tim7_interrupt_count                     0x20000070   Data           4  global_variables.o(.data)
    last_activity_time                       0x20000074   Data           4  measurement_state_machine.o(.data)
    uwTick                                   0x20000084   Data           4  stm32l1xx_hal.o(.data)
    uwTickPrio                               0x20000088   Data           4  stm32l1xx_hal.o(.data)
    uwTickFreq                               0x2000008c   Data           4  stm32l1xx_hal.o(.data)
    hlcd                                     0x20000090   Data          60  lcd.o(.bss)
    hrtc                                     0x200000cc   Data          68  rtc.o(.bss)
    htim7                                    0x20000110   Data         152  tim.o(.bss)
    lcd_display_state                        0x200001c4   Data          46  lcd_display.o(.bss)
    averaged_sensor_value                    0x20000224   Data          20  global_variables.o(.bss)
    processed_data                           0x20000238   Data          20  global_variables.o(.bss)
    result_data                              0x2000024c   Data          20  global_variables.o(.bss)
    measurement_state                        0x20000260   Data          56  global_variables.o(.bss)
    __libspace_start                         0x20000298   Data          96  libspace.o(.bss)
    __temporary_stack_top$libspace           0x200002f8   Data           0  libspace.o(.bss)



==============================================================================

Memory Map of the image

  Image Entry point : 0x08000125

  Load Region LR_IROM1 (Base: 0x08000000, Size: 0x00006580, Max: 0x00040000, ABSOLUTE)

    Execution Region ER_IROM1 (Exec base: 0x08000000, Load base: 0x08000000, Size: 0x000064f0, Max: 0x00040000, ABSOLUTE)

    Exec Addr    Load Addr    Size         Type   Attr      Idx    E Section Name        Object

    0x08000000   0x08000000   0x00000124   Data   RO            3    RESET               startup_stm32l152xc.o
    0x08000124   0x08000124   0x00000008   Code   RO         5190  * !!!main             c_w.l(__main.o)
    0x0800012c   0x0800012c   0x00000034   Code   RO         5400    !!!scatter          c_w.l(__scatter.o)
    0x08000160   0x08000160   0x0000001a   Code   RO         5402    !!handler_copy      c_w.l(__scatter_copy.o)
    0x0800017a   0x0800017a   0x00000002   PAD
    0x0800017c   0x0800017c   0x0000001c   Code   RO         5404    !!handler_zi        c_w.l(__scatter_zi.o)
    0x08000198   0x08000198   0x00000002   Code   RO         5270    .ARM.Collect$$libinit$$00000000  c_w.l(libinit.o)
    0x0800019a   0x0800019a   0x00000000   Code   RO         5283    .ARM.Collect$$libinit$$00000002  c_w.l(libinit2.o)
    0x0800019a   0x0800019a   0x00000000   Code   RO         5285    .ARM.Collect$$libinit$$00000004  c_w.l(libinit2.o)
    0x0800019a   0x0800019a   0x00000000   Code   RO         5288    .ARM.Collect$$libinit$$0000000A  c_w.l(libinit2.o)
    0x0800019a   0x0800019a   0x00000000   Code   RO         5290    .ARM.Collect$$libinit$$0000000C  c_w.l(libinit2.o)
    0x0800019a   0x0800019a   0x00000000   Code   RO         5292    .ARM.Collect$$libinit$$0000000E  c_w.l(libinit2.o)
    0x0800019a   0x0800019a   0x00000000   Code   RO         5295    .ARM.Collect$$libinit$$00000011  c_w.l(libinit2.o)
    0x0800019a   0x0800019a   0x00000000   Code   RO         5297    .ARM.Collect$$libinit$$00000013  c_w.l(libinit2.o)
    0x0800019a   0x0800019a   0x00000000   Code   RO         5299    .ARM.Collect$$libinit$$00000015  c_w.l(libinit2.o)
    0x0800019a   0x0800019a   0x00000000   Code   RO         5301    .ARM.Collect$$libinit$$00000017  c_w.l(libinit2.o)
    0x0800019a   0x0800019a   0x00000000   Code   RO         5303    .ARM.Collect$$libinit$$00000019  c_w.l(libinit2.o)
    0x0800019a   0x0800019a   0x00000000   Code   RO         5305    .ARM.Collect$$libinit$$0000001B  c_w.l(libinit2.o)
    0x0800019a   0x0800019a   0x00000000   Code   RO         5307    .ARM.Collect$$libinit$$0000001D  c_w.l(libinit2.o)
    0x0800019a   0x0800019a   0x00000000   Code   RO         5309    .ARM.Collect$$libinit$$0000001F  c_w.l(libinit2.o)
    0x0800019a   0x0800019a   0x00000000   Code   RO         5311    .ARM.Collect$$libinit$$00000021  c_w.l(libinit2.o)
    0x0800019a   0x0800019a   0x00000000   Code   RO         5313    .ARM.Collect$$libinit$$00000023  c_w.l(libinit2.o)
    0x0800019a   0x0800019a   0x00000000   Code   RO         5315    .ARM.Collect$$libinit$$00000025  c_w.l(libinit2.o)
    0x0800019a   0x0800019a   0x00000000   Code   RO         5319    .ARM.Collect$$libinit$$0000002C  c_w.l(libinit2.o)
    0x0800019a   0x0800019a   0x00000000   Code   RO         5321    .ARM.Collect$$libinit$$0000002E  c_w.l(libinit2.o)
    0x0800019a   0x0800019a   0x00000000   Code   RO         5323    .ARM.Collect$$libinit$$00000030  c_w.l(libinit2.o)
    0x0800019a   0x0800019a   0x00000000   Code   RO         5325    .ARM.Collect$$libinit$$00000032  c_w.l(libinit2.o)
    0x0800019a   0x0800019a   0x00000002   Code   RO         5326    .ARM.Collect$$libinit$$00000033  c_w.l(libinit2.o)
    0x0800019c   0x0800019c   0x00000002   Code   RO         5357    .ARM.Collect$$libshutdown$$00000000  c_w.l(libshutdown.o)
    0x0800019e   0x0800019e   0x00000000   Code   RO         5383    .ARM.Collect$$libshutdown$$00000002  c_w.l(libshutdown2.o)
    0x0800019e   0x0800019e   0x00000000   Code   RO         5385    .ARM.Collect$$libshutdown$$00000004  c_w.l(libshutdown2.o)
    0x0800019e   0x0800019e   0x00000000   Code   RO         5388    .ARM.Collect$$libshutdown$$00000007  c_w.l(libshutdown2.o)
    0x0800019e   0x0800019e   0x00000000   Code   RO         5391    .ARM.Collect$$libshutdown$$0000000A  c_w.l(libshutdown2.o)
    0x0800019e   0x0800019e   0x00000000   Code   RO         5393    .ARM.Collect$$libshutdown$$0000000C  c_w.l(libshutdown2.o)
    0x0800019e   0x0800019e   0x00000000   Code   RO         5396    .ARM.Collect$$libshutdown$$0000000F  c_w.l(libshutdown2.o)
    0x0800019e   0x0800019e   0x00000002   Code   RO         5397    .ARM.Collect$$libshutdown$$00000010  c_w.l(libshutdown2.o)
    0x080001a0   0x080001a0   0x00000000   Code   RO         5224    .ARM.Collect$$rtentry$$00000000  c_w.l(__rtentry.o)
    0x080001a0   0x080001a0   0x00000000   Code   RO         5241    .ARM.Collect$$rtentry$$00000002  c_w.l(__rtentry2.o)
    0x080001a0   0x080001a0   0x00000006   Code   RO         5253    .ARM.Collect$$rtentry$$00000004  c_w.l(__rtentry4.o)
    0x080001a6   0x080001a6   0x00000000   Code   RO         5243    .ARM.Collect$$rtentry$$00000009  c_w.l(__rtentry2.o)
    0x080001a6   0x080001a6   0x00000004   Code   RO         5244    .ARM.Collect$$rtentry$$0000000A  c_w.l(__rtentry2.o)
    0x080001aa   0x080001aa   0x00000000   Code   RO         5246    .ARM.Collect$$rtentry$$0000000C  c_w.l(__rtentry2.o)
    0x080001aa   0x080001aa   0x00000008   Code   RO         5247    .ARM.Collect$$rtentry$$0000000D  c_w.l(__rtentry2.o)
    0x080001b2   0x080001b2   0x00000002   Code   RO         5274    .ARM.Collect$$rtexit$$00000000  c_w.l(rtexit.o)
    0x080001b4   0x080001b4   0x00000000   Code   RO         5330    .ARM.Collect$$rtexit$$00000002  c_w.l(rtexit2.o)
    0x080001b4   0x080001b4   0x00000004   Code   RO         5331    .ARM.Collect$$rtexit$$00000003  c_w.l(rtexit2.o)
    0x080001b8   0x080001b8   0x00000006   Code   RO         5332    .ARM.Collect$$rtexit$$00000004  c_w.l(rtexit2.o)
    0x080001be   0x080001be   0x00000002   PAD
    0x080001c0   0x080001c0   0x00000040   Code   RO            4    .text               startup_stm32l152xc.o
    0x08000200   0x08000200   0x000000ee   Code   RO         5182    .text               c_w.l(lludivv7m.o)
    0x080002ee   0x080002ee   0x00000064   Code   RO         5184    .text               c_w.l(rt_memcpy_w.o)
    0x08000352   0x08000352   0x0000004e   Code   RO         5186    .text               c_w.l(rt_memclr_w.o)
    0x080003a0   0x080003a0   0x00000006   Code   RO         5188    .text               c_w.l(heapauxi.o)
    0x080003a6   0x080003a6   0x0000004a   Code   RO         5257    .text               c_w.l(sys_stackheap_outer.o)
    0x080003f0   0x080003f0   0x00000012   Code   RO         5259    .text               c_w.l(exit.o)
    0x08000402   0x08000402   0x00000002   PAD
    0x08000404   0x08000404   0x00000008   Code   RO         5271    .text               c_w.l(libspace.o)
    0x0800040c   0x0800040c   0x0000000c   Code   RO         5327    .text               c_w.l(sys_exit.o)
    0x08000418   0x08000418   0x00000002   Code   RO         5346    .text               c_w.l(use_no_semi.o)
    0x0800041a   0x0800041a   0x00000000   Code   RO         5348    .text               c_w.l(indicate_semi.o)
    0x0800041a   0x0800041a   0x0000005c   Code   RO         1797    i.ADC_ConversionStop_Disable  stm32l1xx_hal_adc.o
    0x08000476   0x08000476   0x00000002   PAD
    0x08000478   0x08000478   0x00000094   Code   RO         1801    i.ADC_Enable        stm32l1xx_hal_adc.o
    0x0800050c   0x0800050c   0x00000004   Code   RO          511    i.BusFault_Handler  stm32l1xx_it.o
    0x08000510   0x08000510   0x00000002   Code   RO          512    i.DMA1_Channel4_IRQHandler  stm32l1xx_it.o
    0x08000512   0x08000512   0x00000002   Code   RO          513    i.DMA1_Channel5_IRQHandler  stm32l1xx_it.o
    0x08000514   0x08000514   0x000000ac   Code   RO         1427    i.DataProcessing_CalculateAnalogPointerValue  data_processing.o
    0x080005c0   0x080005c0   0x0000000c   Code   RO         1428    i.DataProcessing_GetAbsData  data_processing.o
    0x080005cc   0x080005cc   0x00000374   Code   RO         1431    i.DataProcessing_Process  data_processing.o
    0x08000940   0x08000940   0x00000014   Code   RO         1434    i.DataProcessing_SetRelBaselineFromAbs  data_processing.o
    0x08000954   0x08000954   0x00000018   Code   RO         1435    i.DataProcessing_UpdateAnalogPointer  data_processing.o
    0x0800096c   0x0800096c   0x00000134   Code   RO         1436    i.Data_Filter       data_processing.o
    0x08000aa0   0x08000aa0   0x00000024   Code   RO         1437    i.Data_Filter_Reset  data_processing.o
    0x08000ac4   0x08000ac4   0x00000002   Code   RO          514    i.DebugMon_Handler  stm32l1xx_it.o
    0x08000ac6   0x08000ac6   0x0000000c   Code   RO          515    i.EXTI15_10_IRQHandler  stm32l1xx_it.o
    0x08000ad2   0x08000ad2   0x00000006   Code   RO          821    i.Error_Handler     main.o
    0x08000ad8   0x08000ad8   0x0000003c   Code   RO         1000    i.GetDecimalIconPosition  lcd_display.o
    0x08000b14   0x08000b14   0x00000002   Code   RO         1987    i.HAL_ADCEx_InjectedConvCpltCallback  stm32l1xx_hal_adc_ex.o
    0x08000b16   0x08000b16   0x00000002   PAD
    0x08000b18   0x08000b18   0x000001d8   Code   RO         1803    i.HAL_ADC_ConfigChannel  stm32l1xx_hal_adc.o
    0x08000cf0   0x08000cf0   0x00000002   Code   RO         1804    i.HAL_ADC_ConvCpltCallback  stm32l1xx_hal_adc.o
    0x08000cf2   0x08000cf2   0x00000002   Code   RO         1805    i.HAL_ADC_ConvHalfCpltCallback  stm32l1xx_hal_adc.o
    0x08000cf4   0x08000cf4   0x00000002   Code   RO         1807    i.HAL_ADC_ErrorCallback  stm32l1xx_hal_adc.o
    0x08000cf6   0x08000cf6   0x00000002   PAD
    0x08000cf8   0x08000cf8   0x0000020c   Code   RO         1812    i.HAL_ADC_Init      stm32l1xx_hal_adc.o
    0x08000f04   0x08000f04   0x00000002   Code   RO         1813    i.HAL_ADC_LevelOutOfWindowCallback  stm32l1xx_hal_adc.o
    0x08000f06   0x08000f06   0x00000002   PAD
    0x08000f08   0x08000f08   0x00000074   Code   RO          194    i.HAL_ADC_MspInit   adc.o
    0x08000f7c   0x08000f7c   0x00000090   Code   RO         1819    i.HAL_ADC_Start     stm32l1xx_hal_adc.o
    0x0800100c   0x0800100c   0x00000040   Code   RO         1822    i.HAL_ADC_Stop      stm32l1xx_hal_adc.o
    0x0800104c   0x0800104c   0x00000028   Code   RO         3208    i.HAL_Delay         stm32l1xx_hal.o
    0x08001074   0x08001074   0x00000124   Code   RO         3903    i.HAL_GPIO_DeInit   stm32l1xx_hal_gpio.o
    0x08001198   0x08001198   0x00000044   Code   RO          516    i.HAL_GPIO_EXTI_Callback  stm32l1xx_it.o
    0x080011dc   0x080011dc   0x0000001c   Code   RO         3905    i.HAL_GPIO_EXTI_IRQHandler  stm32l1xx_hal_gpio.o
    0x080011f8   0x080011f8   0x000001c4   Code   RO         3906    i.HAL_GPIO_Init     stm32l1xx_hal_gpio.o
    0x080013bc   0x080013bc   0x0000000c   Code   RO         3910    i.HAL_GPIO_WritePin  stm32l1xx_hal_gpio.o
    0x080013c8   0x080013c8   0x0000000c   Code   RO         3212    i.HAL_GetTick       stm32l1xx_hal.o
    0x080013d4   0x080013d4   0x00000018   Code   RO         3218    i.HAL_IncTick       stm32l1xx_hal.o
    0x080013ec   0x080013ec   0x0000001e   Code   RO         3219    i.HAL_Init          stm32l1xx_hal.o
    0x0800140a   0x0800140a   0x00000002   PAD
    0x0800140c   0x0800140c   0x00000058   Code   RO         3220    i.HAL_InitTick      stm32l1xx_hal.o
    0x08001464   0x08001464   0x00000110   Code   RO         4472    i.HAL_LCD_Init      stm32l1xx_hal_lcd.o
    0x08001574   0x08001574   0x000000f4   Code   RO          295    i.HAL_LCD_MspInit   lcd.o
    0x08001668   0x08001668   0x0000005c   Code   RO         4475    i.HAL_LCD_UpdateDisplayRequest  stm32l1xx_hal_lcd.o
    0x080016c4   0x080016c4   0x00000098   Code   RO         4476    i.HAL_LCD_Write     stm32l1xx_hal_lcd.o
    0x0800175c   0x0800175c   0x00000074   Code   RO          659    i.HAL_MspInit       stm32l1xx_hal_msp.o
    0x080017d0   0x080017d0   0x00000044   Code   RO         4250    i.HAL_NVIC_DisableIRQ  stm32l1xx_hal_cortex.o
    0x08001814   0x08001814   0x00000020   Code   RO         4251    i.HAL_NVIC_EnableIRQ  stm32l1xx_hal_cortex.o
    0x08001834   0x08001834   0x0000007c   Code   RO         4257    i.HAL_NVIC_SetPriority  stm32l1xx_hal_cortex.o
    0x080018b0   0x080018b0   0x00000028   Code   RO         4258    i.HAL_NVIC_SetPriorityGrouping  stm32l1xx_hal_cortex.o
    0x080018d8   0x080018d8   0x000000b8   Code   RO         4064    i.HAL_PWR_ConfigPVD  stm32l1xx_hal_pwr.o
    0x08001990   0x08001990   0x00000018   Code   RO         4072    i.HAL_PWR_EnablePVD  stm32l1xx_hal_pwr.o
    0x080019a8   0x080019a8   0x00000204   Code   RO         3489    i.HAL_RCCEx_PeriphCLKConfig  stm32l1xx_hal_rcc_ex.o
    0x08001bac   0x08001bac   0x00000220   Code   RO         3376    i.HAL_RCC_ClockConfig  stm32l1xx_hal_rcc.o
    0x08001dcc   0x08001dcc   0x000000a0   Code   RO         3385    i.HAL_RCC_GetSysClockFreq  stm32l1xx_hal_rcc.o
    0x08001e6c   0x08001e6c   0x000005d0   Code   RO         3388    i.HAL_RCC_OscConfig  stm32l1xx_hal_rcc.o
    0x0800243c   0x0800243c   0x00000002   Code   RO         4732    i.HAL_RTCEx_AlarmBEventCallback  stm32l1xx_hal_rtc_ex.o
    0x0800243e   0x0800243e   0x00000002   Code   RO         4762    i.HAL_RTCEx_Tamper1EventCallback  stm32l1xx_hal_rtc_ex.o
    0x08002440   0x08002440   0x00000002   Code   RO         4763    i.HAL_RTCEx_Tamper2EventCallback  stm32l1xx_hal_rtc_ex.o
    0x08002442   0x08002442   0x00000002   Code   RO         4764    i.HAL_RTCEx_Tamper3EventCallback  stm32l1xx_hal_rtc_ex.o
    0x08002444   0x08002444   0x00000002   Code   RO         4766    i.HAL_RTCEx_TimeStampEventCallback  stm32l1xx_hal_rtc_ex.o
    0x08002446   0x08002446   0x00000002   Code   RO         4767    i.HAL_RTCEx_WakeUpTimerEventCallback  stm32l1xx_hal_rtc_ex.o
    0x08002448   0x08002448   0x00000038   Code   RO         4768    i.HAL_RTCEx_WakeUpTimerIRQHandler  stm32l1xx_hal_rtc_ex.o
    0x08002480   0x08002480   0x00000002   Code   RO         4546    i.HAL_RTC_AlarmAEventCallback  stm32l1xx_hal_rtc.o
    0x08002482   0x08002482   0x00000002   PAD
    0x08002484   0x08002484   0x00000104   Code   RO         4559    i.HAL_RTC_Init      stm32l1xx_hal_rtc.o
    0x08002588   0x08002588   0x00000018   Code   RO          337    i.HAL_RTC_MspDeInit  rtc.o
    0x080025a0   0x080025a0   0x00000018   Code   RO          338    i.HAL_RTC_MspInit   rtc.o
    0x080025b8   0x080025b8   0x00000036   Code   RO         4569    i.HAL_RTC_WaitForSynchro  stm32l1xx_hal_rtc.o
    0x080025ee   0x080025ee   0x00000012   Code   RO         3223    i.HAL_ResumeTick    stm32l1xx_hal.o
    0x08002600   0x08002600   0x00000034   Code   RO         4262    i.HAL_SYSTICK_Config  stm32l1xx_hal_cortex.o
    0x08002634   0x08002634   0x00000012   Code   RO         3225    i.HAL_SuspendTick   stm32l1xx_hal.o
    0x08002646   0x08002646   0x00000002   PAD
    0x08002648   0x08002648   0x00000078   Code   RO         2059    i.HAL_TIM_Base_Start_IT  stm32l1xx_hal_tim.o
    0x080026c0   0x080026c0   0x00000004   Code   RO          518    i.HardFault_Handler  stm32l1xx_it.o
    0x080026c4   0x080026c4   0x00000024   Code   RO          686    i.KeyDriver_Init    key_driver.o
    0x080026e8   0x080026e8   0x00000190   Code   RO          688    i.KeyDriver_MatrixScan  key_driver.o
    0x08002878   0x08002878   0x0000054c   Code   RO          689    i.KeyDriver_Process  key_driver.o
    0x08002dc4   0x08002dc4   0x000000ec   Code   RO          692    i.KeyDriver_Timer_Scan  key_driver.o
    0x08002eb0   0x08002eb0   0x00000010   Code   RO          693    i.KeyDriver_Timer_Start  key_driver.o
    0x08002ec0   0x08002ec0   0x0000000e   Code   RO         1002    i.LCDDisplay_ClearIcon_New  lcd_display.o
    0x08002ece   0x08002ece   0x00000002   PAD
    0x08002ed0   0x08002ed0   0x0000005c   Code   RO         1003    i.LCDDisplay_Clear_New  lcd_display.o
    0x08002f2c   0x08002f2c   0x00000102   Code   RO         1005    i.LCDDisplay_Init_New  lcd_display.o
    0x0800302e   0x0800302e   0x00000002   PAD
    0x08003030   0x08003030   0x00000250   Code   RO         1006    i.LCDDisplay_ShowChar_New  lcd_display.o
    0x08003280   0x08003280   0x00000102   Code   RO         1007    i.LCDDisplay_ShowIcon_New  lcd_display.o
    0x08003382   0x08003382   0x00000002   PAD
    0x08003384   0x08003384   0x000009ac   Code   RO         1008    i.LCDDisplay_ShowProcessedData  lcd_display.o
    0x08003d30   0x08003d30   0x000000c8   Code   RO         1010    i.LCDDisplay_ShowString_New  lcd_display.o
    0x08003df8   0x08003df8   0x00000044   Code   RO         1012    i.LCDDisplay_Update_New  lcd_display.o
    0x08003e3c   0x08003e3c   0x00000008   Code   RO         1013    i.LCD_DisplayState_GetCurrent  lcd_display.o
    0x08003e44   0x08003e44   0x0000000c   Code   RO         1018    i.LCD_DisplayState_SetMetric  lcd_display.o
    0x08003e50   0x08003e50   0x0000000c   Code   RO         1019    i.LCD_DisplayState_SetMode  lcd_display.o
    0x08003e5c   0x08003e5c   0x00000032   Code   RO         4477    i.LCD_WaitForSynchro  stm32l1xx_hal_lcd.o
    0x08003e8e   0x08003e8e   0x00000002   PAD
    0x08003e90   0x08003e90   0x0000001c   Code   RO           13    i.LL_AHB1_GRP1_EnableClock  gpio.o
    0x08003eac   0x08003eac   0x0000001c   Code   RO          380    i.LL_APB1_GRP1_EnableClock  tim.o
    0x08003ec8   0x08003ec8   0x00000020   Code   RO          438    i.LL_DMA_SetChannelPriorityLevel  usart.o
    0x08003ee8   0x08003ee8   0x00000020   Code   RO          439    i.LL_DMA_SetDataTransferDirection  usart.o
    0x08003f08   0x08003f08   0x00000020   Code   RO          440    i.LL_DMA_SetMemoryIncMode  usart.o
    0x08003f28   0x08003f28   0x00000020   Code   RO          441    i.LL_DMA_SetMemorySize  usart.o
    0x08003f48   0x08003f48   0x00000020   Code   RO          442    i.LL_DMA_SetMode    usart.o
    0x08003f68   0x08003f68   0x00000020   Code   RO          443    i.LL_DMA_SetPeriphIncMode  usart.o
    0x08003f88   0x08003f88   0x00000020   Code   RO          444    i.LL_DMA_SetPeriphSize  usart.o
    0x08003fa8   0x08003fa8   0x00000010   Code   RO         2941    i.LL_EXTI_DisableEvent_0_31  stm32l1xx_ll_exti.o
    0x08003fb8   0x08003fb8   0x00000010   Code   RO         2942    i.LL_EXTI_DisableIT_0_31  stm32l1xx_ll_exti.o
    0x08003fc8   0x08003fc8   0x00000010   Code   RO         2943    i.LL_EXTI_EnableEvent_0_31  stm32l1xx_ll_exti.o
    0x08003fd8   0x08003fd8   0x00000010   Code   RO         2944    i.LL_EXTI_EnableFallingTrig_0_31  stm32l1xx_ll_exti.o
    0x08003fe8   0x08003fe8   0x00000010   Code   RO         2945    i.LL_EXTI_EnableIT_0_31  stm32l1xx_ll_exti.o
    0x08003ff8   0x08003ff8   0x00000010   Code   RO         2946    i.LL_EXTI_EnableRisingTrig_0_31  stm32l1xx_ll_exti.o
    0x08004008   0x08004008   0x000000bc   Code   RO         2947    i.LL_EXTI_Init      stm32l1xx_ll_exti.o
    0x080040c4   0x080040c4   0x00000138   Code   RO         3012    i.LL_GPIO_Init      stm32l1xx_ll_gpio.o
    0x080041fc   0x080041fc   0x00000012   Code   RO          695    i.LL_GPIO_IsInputPinSet  key_driver.o
    0x0800420e   0x0800420e   0x00000012   Code   RO          880    i.LL_GPIO_IsInputPinSet  usb_app.o
    0x08004220   0x08004220   0x00000006   Code   RO           14    i.LL_GPIO_ResetOutputPin  gpio.o
    0x08004226   0x08004226   0x00000006   Code   RO          696    i.LL_GPIO_ResetOutputPin  key_driver.o
    0x0800422c   0x0800422c   0x00000004   Code   RO          697    i.LL_GPIO_SetOutputPin  key_driver.o
    0x08004230   0x08004230   0x00000028   Code   RO          698    i.LL_GPIO_SetPinMode  key_driver.o
    0x08004258   0x08004258   0x00000028   Code   RO          699    i.LL_GPIO_SetPinPull  key_driver.o
    0x08004280   0x08004280   0x00000024   Code   RO         2782    i.LL_RCC_GetSystemClocksFreq  stm32l1xx_ll_rcc.o
    0x080042a4   0x080042a4   0x0000000a   Code   RO          381    i.LL_TIM_EnableCounter  tim.o
    0x080042ae   0x080042ae   0x00000002   PAD
    0x080042b0   0x080042b0   0x00000098   Code   RO         4985    i.LL_TIM_Init       stm32l1xx_ll_tim.o
    0x08004348   0x08004348   0x0000005c   Code   RO         4986    i.LL_TIM_OC_Init    stm32l1xx_ll_tim.o
    0x080043a4   0x080043a4   0x0000000e   Code   RO          382    i.LL_TIM_SetClockSource  tim.o
    0x080043b2   0x080043b2   0x00000002   PAD
    0x080043b4   0x080043b4   0x00000098   Code   RO         5117    i.LL_USART_Init     stm32l1xx_ll_usart.o
    0x0800444c   0x0800444c   0x0000000a   Code   RO         5118    i.LL_USART_IsEnabled  stm32l1xx_ll_usart.o
    0x08004456   0x08004456   0x00000142   Code   RO         5119    i.LL_USART_SetBaudRate  stm32l1xx_ll_usart.o
    0x08004598   0x08004598   0x0000009c   Code   RO          195    i.MX_ADC1_Init      adc.o
    0x08004634   0x08004634   0x00000060   Code   RO          241    i.MX_DMA_Init       dma.o
    0x08004694   0x08004694   0x0000020c   Code   RO           15    i.MX_GPIO_Init      gpio.o
    0x080048a0   0x080048a0   0x00000050   Code   RO          296    i.MX_LCD_Init       lcd.o
    0x080048f0   0x080048f0   0x00000054   Code   RO          339    i.MX_RTC_Init       rtc.o
    0x08004944   0x08004944   0x00000008   Code   RO         1518    i.MX_SENSOR_SAMPLE_Init  sensor_sample.o
    0x0800494c   0x0800494c   0x00000188   Code   RO          383    i.MX_TIM2_Init      tim.o
    0x08004ad4   0x08004ad4   0x00000064   Code   RO          384    i.MX_TIM7_Init      tim.o
    0x08004b38   0x08004b38   0x00000190   Code   RO          445    i.MX_USART1_UART_Init  usart.o
    0x08004cc8   0x08004cc8   0x00000004   Code   RO          519    i.MemManage_Handler  stm32l1xx_it.o
    0x08004ccc   0x08004ccc   0x00000004   Code   RO          520    i.NMI_Handler       stm32l1xx_it.o
    0x08004cd0   0x08004cd0   0x00000040   Code   RO          242    i.NVIC_EncodePriority  dma.o
    0x08004d10   0x08004d10   0x00000044   Code   RO         4989    i.OC1Config         stm32l1xx_ll_tim.o
    0x08004d54   0x08004d54   0x00000044   Code   RO         4990    i.OC2Config         stm32l1xx_ll_tim.o
    0x08004d98   0x08004d98   0x00000044   Code   RO         4991    i.OC3Config         stm32l1xx_ll_tim.o
    0x08004ddc   0x08004ddc   0x00000044   Code   RO         4992    i.OC4Config         stm32l1xx_ll_tim.o
    0x08004e20   0x08004e20   0x00000002   Code   RO          521    i.PendSV_Handler    stm32l1xx_it.o
    0x08004e22   0x08004e22   0x00000002   PAD
    0x08004e24   0x08004e24   0x00000020   Code   RO         2783    i.RCC_GetHCLKClockFreq  stm32l1xx_ll_rcc.o
    0x08004e44   0x08004e44   0x00000024   Code   RO         2784    i.RCC_GetPCLK1ClockFreq  stm32l1xx_ll_rcc.o
    0x08004e68   0x08004e68   0x00000024   Code   RO         2785    i.RCC_GetPCLK2ClockFreq  stm32l1xx_ll_rcc.o
    0x08004e8c   0x08004e8c   0x00000070   Code   RO         2786    i.RCC_GetSystemClockFreq  stm32l1xx_ll_rcc.o
    0x08004efc   0x08004efc   0x00000060   Code   RO         2787    i.RCC_PLL_GetFreqDomain_SYS  stm32l1xx_ll_rcc.o
    0x08004f5c   0x08004f5c   0x000000a8   Code   RO         3389    i.RCC_SetFlashLatencyFromMSIRange  stm32l1xx_hal_rcc.o
    0x08005004   0x08005004   0x0000004a   Code   RO         4572    i.RTC_EnterInitMode  stm32l1xx_hal_rtc.o
    0x0800504e   0x0800504e   0x0000002e   Code   RO         4573    i.RTC_ExitInitMode  stm32l1xx_hal_rtc.o
    0x0800507c   0x0800507c   0x00000010   Code   RO          522    i.RTC_WKUP_IRQHandler  stm32l1xx_it.o
    0x0800508c   0x0800508c   0x00000002   Code   RO          523    i.SVC_Handler       stm32l1xx_it.o
    0x0800508e   0x0800508e   0x00000002   PAD
    0x08005090   0x08005090   0x000000e8   Code   RO         1519    i.Sensor_Read_24bit_Data  sensor_sample.o
    0x08005178   0x08005178   0x00000008   Code   RO          524    i.SysTick_Handler   stm32l1xx_it.o
    0x08005180   0x08005180   0x0000008c   Code   RO          822    i.SystemClock_Config  main.o
    0x0800520c   0x0800520c   0x00000002   Code   RO          964    i.SystemInit        system_stm32l1xx.o
    0x0800520e   0x0800520e   0x00000002   PAD
    0x08005210   0x08005210   0x00000044   Code   RO          525    i.TIM7_IRQHandler   stm32l1xx_it.o
    0x08005254   0x08005254   0x00000028   Code   RO          881    i.USB_APP_ConnectCallback  usb_app.o
    0x0800527c   0x0800527c   0x0000008c   Code   RO          885    i.USB_APP_Init      usb_app.o
    0x08005308   0x08005308   0x0000003c   Code   RO          888    i.USB_APP_SetMode   usb_app.o
    0x08005344   0x08005344   0x0000004c   Code   RO         1590    i.Unit_Convert      measurement_state_machine.o
    0x08005390   0x08005390   0x00000004   Code   RO          526    i.UsageFault_Handler  stm32l1xx_it.o
    0x08005394   0x08005394   0x00000088   Code   RO         1592    i.ZTJ_CycleMaxMinTir  measurement_state_machine.o
    0x0800541c   0x0800541c   0x00000050   Code   RO         1593    i.ZTJ_CycleResolutionMode  measurement_state_machine.o
    0x0800546c   0x0800546c   0x00000014   Code   RO         1595    i.ZTJ_EnterSetupMode  measurement_state_machine.o
    0x08005480   0x08005480   0x0000000c   Code   RO         1597    i.ZTJ_GetCurrentMode  measurement_state_machine.o
    0x0800548c   0x0800548c   0x00000008   Code   RO         1598    i.ZTJ_GetCurrentState  measurement_state_machine.o
    0x08005494   0x08005494   0x0000000c   Code   RO         1599    i.ZTJ_GetTirBaseValue  measurement_state_machine.o
    0x080054a0   0x080054a0   0x0000000c   Code   RO         1600    i.ZTJ_GetTirMaxNegativeDeviation  measurement_state_machine.o
    0x080054ac   0x080054ac   0x0000000c   Code   RO         1601    i.ZTJ_GetTirMaxPositiveDeviation  measurement_state_machine.o
    0x080054b8   0x080054b8   0x00000038   Code   RO         1603    i.ZTJ_GetToleranceResult  measurement_state_machine.o
    0x080054f0   0x080054f0   0x00000040   Code   RO         1606    i.ZTJ_HandleToleranceSetting  measurement_state_machine.o
    0x08005530   0x08005530   0x00000048   Code   RO         1607    i.ZTJ_Init          measurement_state_machine.o
    0x08005578   0x08005578   0x0000001c   Code   RO         1610    i.ZTJ_SwitchAbsToRel  measurement_state_machine.o
    0x08005594   0x08005594   0x00000018   Code   RO         1612    i.ZTJ_SwitchRelToAbs  measurement_state_machine.o
    0x080055ac   0x080055ac   0x00000024   Code   RO         1613    i.ZTJ_SwitchUnit    measurement_state_machine.o
    0x080055d0   0x080055d0   0x0000002c   Code   RO         1614    i.ZTJ_TogglePower   measurement_state_machine.o
    0x080055fc   0x080055fc   0x0000004c   Code   RO         1615    i.ZTJ_ToggleToleranceCheck  measurement_state_machine.o
    0x08005648   0x08005648   0x00000020   Code   RO         1616    i.ZTJ_ToggleToleranceSettingStep  measurement_state_machine.o
    0x08005668   0x08005668   0x0000000a   Code   RO         1617    i.ZTJ_ToggleUnit    measurement_state_machine.o
    0x08005672   0x08005672   0x00000002   PAD
    0x08005674   0x08005674   0x00000010   Code   RO         1618    i.ZTJ_UpdateLastActivity  measurement_state_machine.o
    0x08005684   0x08005684   0x000000c0   Code   RO         1619    i.ZTJ_UpdateMeasureValue  measurement_state_machine.o
    0x08005744   0x08005744   0x0000001a   Code   RO          243    i.__NVIC_EnableIRQ  dma.o
    0x0800575e   0x0800575e   0x00000002   PAD
    0x08005760   0x08005760   0x00000010   Code   RO          244    i.__NVIC_GetPriorityGrouping  dma.o
    0x08005770   0x08005770   0x00000010   Code   RO         4264    i.__NVIC_GetPriorityGrouping  stm32l1xx_hal_cortex.o
    0x08005780   0x08005780   0x00000028   Code   RO          245    i.__NVIC_SetPriority  dma.o
    0x080057a8   0x080057a8   0x00000028   Code   RO         4265    i.__NVIC_SetPriority  stm32l1xx_hal_cortex.o
    0x080057d0   0x080057d0   0x0000000e   Code   RO         1520    i.delay_us          sensor_sample.o
    0x080057de   0x080057de   0x00000264   Code   RO         1022    i.lcd_get_com_seg_from_icon  lcd_display.o
    0x08005a42   0x08005a42   0x00000002   PAD
    0x08005a44   0x08005a44   0x00000038   Code   RO         1023    i.lcd_set_ram_bit_internal  lcd_display.o
    0x08005a7c   0x08005a7c   0x0000006e   Code   RO         1024    i.lcd_show_mode_icon  lcd_display.o
    0x08005aea   0x08005aea   0x00000020   Code   RO         1025    i.lcd_show_negative_sign  lcd_display.o
    0x08005b0a   0x08005b0a   0x00000002   PAD
    0x08005b0c   0x08005b0c   0x00000058   Code   RO         1026    i.lcd_show_tolerance_icon  lcd_display.o
    0x08005b64   0x08005b64   0x00000026   Code   RO         1027    i.lcd_show_unit_icon  lcd_display.o
    0x08005b8a   0x08005b8a   0x00000002   PAD
    0x08005b8c   0x08005b8c   0x00000258   Code   RO          823    i.main              main.o
    0x08005de4   0x08005de4   0x00000088   Code   RO         1521    i.sensor_gpio_init  sensor_sample.o
    0x08005e6c   0x08005e6c   0x00000138   Code   RO         1028    i.set_decimal_point_for_position  lcd_display.o
    0x08005fa4   0x08005fa4   0x00000018   Code   RO         5233    x$fpl$fcmpinf       fz_ws.l(fcmpi.o)
    0x08005fbc   0x08005fbc   0x00000184   Code   RO         5205    x$fpl$fdiv          fz_ws.l(fdiv.o)
    0x08006140   0x08006140   0x00000036   Code   RO         5208    x$fpl$ffix          fz_ws.l(ffix.o)
    0x08006176   0x08006176   0x00000002   PAD
    0x08006178   0x08006178   0x00000030   Code   RO         5213    x$fpl$fflt          fz_ws.l(fflt_clz.o)
    0x080061a8   0x080061a8   0x00000068   Code   RO         5218    x$fpl$fleqf         fz_ws.l(fleqf.o)
    0x08006210   0x08006210   0x00000102   Code   RO         5220    x$fpl$fmul          fz_ws.l(fmul.o)
    0x08006312   0x08006312   0x0000008c   Code   RO         5235    x$fpl$fnaninf       fz_ws.l(fnaninf.o)
    0x0800639e   0x0800639e   0x0000000a   Code   RO         5237    x$fpl$fretinf       fz_ws.l(fretinf.o)
    0x080063a8   0x080063a8   0x00000062   Code   RO         5222    x$fpl$frleqf        fz_ws.l(frleqf.o)
    0x0800640a   0x0800640a   0x00000000   Code   RO         5239    x$fpl$usenofp       fz_ws.l(usenofp.o)
    0x0800640a   0x0800640a   0x00000023   Data   RO          386    .constdata          tim.o
    0x0800642d   0x0800642d   0x00000023   Data   RO          446    .constdata          usart.o
    0x08006450   0x08006450   0x0000002f   Data   RO          701    .constdata          key_driver.o
    0x0800647f   0x0800647f   0x00000021   Data   RO          965    .constdata          system_stm32l1xx.o
    0x080064a0   0x080064a0   0x0000002d   Data   RO         1030    .constdata          lcd_display.o
    0x080064cd   0x080064cd   0x00000003   PAD
    0x080064d0   0x080064d0   0x00000020   Data   RO         5398    Region$$Table       anon$$obj.o


    Execution Region RW_IRAM1 (Exec base: 0x20000000, Load base: 0x080064f0, Size: 0x00000ef8, Max: 0x00008000, ABSOLUTE)

    Exec Addr    Load Addr    Size         Type   Attr      Idx    E Section Name        Object

    0x20000000   0x080064f0   0x00000008   Data   RW          702    .data               key_driver.o
    0x20000008   0x080064f8   0x00000008   Data   RW          825    .data               main.o
    0x20000010   0x08006500   0x00000003   Data   RW          891    .data               usb_app.o
    0x20000013   0x08006503   0x00000001   PAD
    0x20000014   0x08006504   0x00000004   Data   RW          966    .data               system_stm32l1xx.o
    0x20000018   0x08006508   0x00000006   Data   RW         1031    .data               lcd_display.o
    0x2000001e   0x0800650e   0x00000002   PAD
    0x20000020   0x08006510   0x0000001e   Data   RW         1440    .data               data_processing.o
    0x2000003e   0x0800652e   0x00000002   PAD
    0x20000040   0x08006530   0x00000034   Data   RW         1566    .data               global_variables.o
    0x20000074   0x08006564   0x00000010   Data   RW         1622    .data               measurement_state_machine.o
    0x20000084   0x08006574   0x0000000c   Data   RW         3226    .data               stm32l1xx_hal.o
    0x20000090        -       0x0000003c   Zero   RW          297    .bss                lcd.o
    0x200000cc        -       0x00000044   Zero   RW          340    .bss                rtc.o
    0x20000110        -       0x00000098   Zero   RW          385    .bss                tim.o
    0x200001a8        -       0x0000000c   Zero   RW          700    .bss                key_driver.o
    0x200001b4        -       0x0000003e   Zero   RW         1029    .bss                lcd_display.o
    0x200001f2   0x08006580   0x00000002   PAD
    0x200001f4        -       0x00000030   Zero   RW         1438    .bss                data_processing.o
    0x20000224        -       0x00000074   Zero   RW         1564    .bss                global_variables.o
    0x20000298        -       0x00000060   Zero   RW         5272    .bss                c_w.l(libspace.o)
    0x200002f8        -       0x00000400   Zero   RW            2    HEAP                startup_stm32l152xc.o
    0x200006f8        -       0x00000800   Zero   RW            1    STACK               startup_stm32l152xc.o


==============================================================================

Image component sizes


      Code (inc. data)   RO Data    RW Data    ZI Data      Debug   Object Name

       272         20          0          0          0       5701   adc.o
      1456        132          0         30         48       6935   data_processing.o
       242         20          0          0          0      29341   dma.o
         0          0          0         52        116       3495   global_variables.o
       558         30          0          0          0     507179   gpio.o
      2152        108         47          8         12      19116   key_driver.o
       324         32          0          0         60       1859   lcd.o
      5298        214         45          6         62      19837   lcd_display.o
       746         54          0          8          0       5024   main.o
      1018        148          0         16          0      12749   measurement_state_machine.o
       132         26          0          0         68       1723   rtc.o
       390         30          0          0          0      24273   sensor_sample.o
        64         26        292          0       3072        800   startup_stm32l152xc.o
       230         32          0         12          0       4732   stm32l1xx_hal.o
      1452         68          0          0          0       7509   stm32l1xx_hal_adc.o
         2          0          0          0          0        557   stm32l1xx_hal_adc_ex.o
       372         28          0          0          0      31749   stm32l1xx_hal_cortex.o
       784         64          0          0          0       3357   stm32l1xx_hal_gpio.o
       566          4          0          0          0       3531   stm32l1xx_hal_lcd.o
       116          4          0          0          0        890   stm32l1xx_hal_msp.o
       208         12          0          0          0       1572   stm32l1xx_hal_pwr.o
      2360         86          0          0          0       5000   stm32l1xx_hal_rcc.o
       516         12          0          0          0       1464   stm32l1xx_hal_rcc_ex.o
       436         42          0          0          0       3317   stm32l1xx_hal_rtc.o
        68          6          0          0          0       3925   stm32l1xx_hal_rtc_ex.o
       120         14          0          0          0        688   stm32l1xx_hal_tim.o
       202         26          0          0          0      33098   stm32l1xx_it.o
       284         28          0          0          0       7247   stm32l1xx_ll_exti.o
       312          0          0          0          0       7307   stm32l1xx_ll_gpio.o
       348         60          0          0          0      14429   stm32l1xx_ll_rcc.o
       516         24          0          0          0      29323   stm32l1xx_ll_tim.o
       484         12          0          0          0      16632   stm32l1xx_ll_usart.o
         2          0         33          4          0       1143   system_stm32l1xx.o
       544         28         35          0        152      28502   tim.o
       624         58         35          0          0      32942   usart.o
       258         40          0          3          0       6615   usb_app.o

    ----------------------------------------------------------------------
     23498       1488        522        144       3592     883561   Object Totals
         0          0         32          0          0          0   (incl. Generated)
        42          0          3          5          2          0   (incl. Padding)

    ----------------------------------------------------------------------

      Code (inc. data)   RO Data    RW Data    ZI Data      Debug   Library Member Name

         8          0          0          0          0         68   __main.o
         0          0          0          0          0          0   __rtentry.o
        12          0          0          0          0          0   __rtentry2.o
         6          0          0          0          0          0   __rtentry4.o
        52          8          0          0          0          0   __scatter.o
        26          0          0          0          0          0   __scatter_copy.o
        28          0          0          0          0          0   __scatter_zi.o
        18          0          0          0          0         80   exit.o
         6          0          0          0          0        152   heapauxi.o
         0          0          0          0          0          0   indicate_semi.o
         2          0          0          0          0          0   libinit.o
         2          0          0          0          0          0   libinit2.o
         2          0          0          0          0          0   libshutdown.o
         2          0          0          0          0          0   libshutdown2.o
         8          4          0          0         96         68   libspace.o
       238          0          0          0          0        100   lludivv7m.o
        78          0          0          0          0         80   rt_memclr_w.o
       100          0          0          0          0         80   rt_memcpy_w.o
         2          0          0          0          0          0   rtexit.o
        10          0          0          0          0          0   rtexit2.o
        12          4          0          0          0         68   sys_exit.o
        74          0          0          0          0         80   sys_stackheap_outer.o
         2          0          0          0          0         68   use_no_semi.o
        24          0          0          0          0         68   fcmpi.o
       388         76          0          0          0         96   fdiv.o
        54          4          0          0          0         84   ffix.o
        48          0          0          0          0         68   fflt_clz.o
       104          4          0          0          0         84   fleqf.o
       258          4          0          0          0         84   fmul.o
       140          4          0          0          0         84   fnaninf.o
        10          0          0          0          0         68   fretinf.o
        98          0          0          0          0         68   frleqf.o
         0          0          0          0          0          0   usenofp.o

    ----------------------------------------------------------------------
      1820        108          0          0         96       1548   Library Totals
         8          0          0          0          0          0   (incl. Padding)

    ----------------------------------------------------------------------

      Code (inc. data)   RO Data    RW Data    ZI Data      Debug   Library Name

       688         16          0          0         96        844   c_w.l
      1124         92          0          0          0        704   fz_ws.l

    ----------------------------------------------------------------------
      1820        108          0          0         96       1548   Library Totals

    ----------------------------------------------------------------------

==============================================================================


      Code (inc. data)   RO Data    RW Data    ZI Data      Debug   

     25318       1596        522        144       3688     874757   Grand Totals
     25318       1596        522        144       3688     874757   ELF Image Totals
     25318       1596        522        144          0          0   ROM Totals

==============================================================================

    Total RO  Size (Code + RO Data)                25840 (  25.23kB)
    Total RW  Size (RW Data + ZI Data)              3832 (   3.74kB)
    Total ROM Size (Code + RO Data + RW Data)      25984 (  25.38kB)

==============================================================================

